[2025-11-21T03:32:52.821Z] [INFO] [bcv] Consultando precio del dólar para Santiago. {"jid":"30837949124772@lid"}
[2025-11-21T03:32:53.442Z] [SUCCESS] [bcv] Precio del dólar enviado a Santiago. {"price":"241.5780 Bs","jid":"30837949124772@lid"}
[2025-11-21T04:41:53.155Z] [INFO] [bcv] Consultando precio del dólar para Santiago. {"jid":"30837949124772@lid"}
[2025-11-21T04:41:53.825Z] [SUCCESS] [bcv] Precio del dólar enviado a Santiago. {"price":"241.5780 Bs","jid":"30837949124772@lid"}
[2025-11-21T18:23:29.160Z] [INFO] [bcv] Consultando precio del dólar para Santiago. {"jid":"30837949124772@lid"}
[2025-11-21T18:23:29.791Z] [SUCCESS] [bcv] Precio del dólar enviado a Santiago. {"price":"241.5780 Bs","jid":"30837949124772@lid"}
[2025-11-21T19:40:01.196Z] [INFO] [bcv] Consultando precio del dólar para Santiago. {"jid":"30837949124772@lid"}
[2025-11-21T19:40:01.758Z] [SUCCESS] [bcv] Precio del dólar enviado a Santiago. {"price":"241.5780 Bs","date":"21/11/2025","historical":false,"jid":"30837949124772@lid"}
[2025-11-21T19:40:10.601Z] [INFO] [bcv] Consultando precio del dólar para Santiago. {"jid":"30837949124772@lid"}
[2025-11-21T19:40:11.124Z] [SUCCESS] [bcv] Precio del dólar enviado a Santiago. {"price":"241.5780 Bs","date":"21/11/2025","historical":false,"jid":"30837949124772@lid"}
[2025-11-21T19:40:20.809Z] [INFO] [bcv] Consultando precio del dólar para Santiago. fecha: 20/11/2025 {"jid":"30837949124772@lid"}
[2025-11-21T19:40:20.811Z] [ERROR] [bcv] Error en comando bcv: No se pudo encontrar el precio para la fecha solicitada: No se encontró registro para la fecha 20/11/2025 {"error":"Error: No se pudo encontrar el precio para la fecha solicitada: No se encontró registro para la fecha 20/11/2025\n    at getBCVFromHistorial (file:///home/runner/workspace/commands/bcv.js:213:15)\n    at async Object.bcvCommand [as bcv] (file:///home/runner/workspace/commands/bcv.js:28:23)\n    at async handleCommand (file:///home/runner/workspace/commands/commandHandler.js:69:13)\n    at async EventEmitter.<anonymous> (file:///home/runner/workspace/bot.js:120:25)","user":"Santiago.","jid":"30837949124772@lid"}
[2025-11-21T19:40:51.983Z] [INFO] [bcv] Consultando precio del dólar para Santiago. fecha: 20/11/2023 {"jid":"30837949124772@lid"}
[2025-11-21T19:40:52.030Z] [SUCCESS] [bcv] Precio del dólar enviado a Santiago. {"price":"240.3209 Bs","date":"20/11/2023","historical":true,"jid":"30837949124772@lid"}
[2025-11-21T19:44:49.827Z] [INFO] [bcv] Consultando precio del dólar para Santiago. {"jid":"30837949124772@lid"}
[2025-11-21T19:44:50.363Z] [SUCCESS] [bcv] Precio del dólar enviado a Santiago. {"price":"241.5780 Bs","date":"21/11/2025","historical":false,"jid":"30837949124772@lid"}
[2025-11-21T19:45:22.981Z] [INFO] [bcv] Consultando precio del dólar para Santiago. fecha: 19/11/2025 {"jid":"120363160616746507@g.us"}
[2025-11-21T19:45:23.171Z] [SUCCESS] [bcv] Precio del dólar enviado a Santiago. {"price":"237.7505 Bs","date":"19/11/2025","historical":true,"jid":"120363160616746507@g.us"}
[2025-11-21T19:46:16.002Z] [INFO] [bcv] Consultando precio del dólar para Santiago. fecha: 18/11/2025 {"jid":"120363387470929207@g.us"}
[2025-11-21T19:46:16.199Z] [SUCCESS] [bcv] Precio del dólar enviado a Santiago. {"price":"236.8389 Bs","date":"18/11/2025","historical":true,"jid":"120363387470929207@g.us"}
[2025-11-21T19:46:34.457Z] [INFO] [bcv] Consultando precio del dólar para Jorge sosa fecha: 8/10/2020 {"jid":"120363387470929207@g.us"}
[2025-11-21T19:46:34.459Z] [ERROR] [bcv] Error en comando bcv: No se pudo encontrar el precio para la fecha solicitada: No se encontró registro para la fecha 8/10/2020 {"error":"Error: No se pudo encontrar el precio para la fecha solicitada: No se encontró registro para la fecha 8/10/2020\n    at getBCVFromHistorial (file:///home/runner/workspace/commands/bcv.js:213:15)\n    at async Object.bcvCommand [as bcv] (file:///home/runner/workspace/commands/bcv.js:28:23)\n    at async handleCommand (file:///home/runner/workspace/commands/commandHandler.js:69:13)\n    at async EventEmitter.<anonymous> (file:///home/runner/workspace/bot.js:120:25)","user":"Jorge sosa","jid":"120363387470929207@g.us"}
[2025-11-21T19:46:55.892Z] [INFO] [bcv] Consultando precio del dólar para Jorge sosa fecha: 08/10/2020 {"jid":"120363387470929207@g.us"}
[2025-11-21T19:46:55.893Z] [ERROR] [bcv] Error en comando bcv: No se pudo encontrar el precio para la fecha solicitada: No se encontró registro para la fecha 08/10/2020 {"error":"Error: No se pudo encontrar el precio para la fecha solicitada: No se encontró registro para la fecha 08/10/2020\n    at getBCVFromHistorial (file:///home/runner/workspace/commands/bcv.js:213:15)\n    at async Object.bcvCommand [as bcv] (file:///home/runner/workspace/commands/bcv.js:28:23)\n    at async handleCommand (file:///home/runner/workspace/commands/commandHandler.js:69:13)\n    at async EventEmitter.<anonymous> (file:///home/runner/workspace/bot.js:120:25)","user":"Jorge sosa","jid":"120363387470929207@g.us"}
[2025-11-21T19:47:11.152Z] [INFO] [bcv] Consultando precio del dólar para Jorge sosa fecha: 08/10/2024 {"jid":"120363387470929207@g.us"}
[2025-11-21T19:47:11.153Z] [ERROR] [bcv] Error en comando bcv: No se pudo encontrar el precio para la fecha solicitada: No se encontró registro para la fecha 08/10/2024 {"error":"Error: No se pudo encontrar el precio para la fecha solicitada: No se encontró registro para la fecha 08/10/2024\n    at getBCVFromHistorial (file:///home/runner/workspace/commands/bcv.js:213:15)\n    at async Object.bcvCommand [as bcv] (file:///home/runner/workspace/commands/bcv.js:28:23)\n    at async handleCommand (file:///home/runner/workspace/commands/commandHandler.js:69:13)\n    at async EventEmitter.<anonymous> (file:///home/runner/workspace/bot.js:120:25)","user":"Jorge sosa","jid":"120363387470929207@g.us"}
[2025-11-21T20:08:26.896Z] [INFO] [message] Mensaje received {"user":"584145792089@s.whatsapp.net","message":"#ytaudio https://youtu.be/wfOHdfqqJTs?si=-wn3JSFG8QSct0Pk","type":"received"}
[2025-11-21T20:08:32.368Z] [ERROR] [command] Comando ejecutado: ytaudio {"user":"584145792089@s.whatsapp.net","command":"ytaudio","args":["https://youtu.be/wfOHdfqqJTs?si=-wn3JSFG8QSct0Pk"],"success":false,"result":"No se pudo descargar el audio"}
[2025-11-21T20:09:14.940Z] [INFO] [message] Mensaje received {"user":"584145792089@s.whatsapp.net","message":"#ytaudio https://youtu.be/wfOHdfqqJTs?si=Qh22LXozhKI4WVnz","type":"received"}
[2025-11-21T20:09:20.727Z] [ERROR] [command] Comando ejecutado: ytaudio {"user":"584145792089@s.whatsapp.net","command":"ytaudio","args":["https://youtu.be/wfOHdfqqJTs?si=Qh22LXozhKI4WVnz"],"success":false,"result":"No se pudo descargar el audio"}
[2025-11-21T20:09:43.536Z] [INFO] [message] Mensaje received {"user":"584145792089@s.whatsapp.net","message":"#yt https://youtu.be/wfOHdfqqJTs?si=Qh22LXozhKI4WVnz","type":"received"}
[2025-11-21T20:11:31.537Z] [INFO] [message] Mensaje received {"user":"30837949124772@lid","message":"#yt riosse todavíaduele","type":"received"}
[2025-11-21T21:17:57.752Z] [INFO] [message] Mensaje received {"user":"120363387470929207@g.us","message":"#ytaudio no me frontees boricua drips","type":"received"}
[2025-11-21T21:18:10.028Z] [SUCCESS] [command] Comando ejecutado: ytaudio {"user":"120363387470929207@g.us","command":"ytaudio","args":["no","me","frontees","boricua","drips"],"success":true,"result":{"type":"audio"}}
[2025-11-21T21:19:01.906Z] [INFO] [message] Mensaje received {"user":"30837949124772@lid","message":"#ytaudio https://youtu.be/wfOHdfqqJTs?si=Qh22LXozhKI4WVnz","type":"received"}
[2025-11-21T21:19:14.081Z] [SUCCESS] [command] Comando ejecutado: ytaudio {"user":"30837949124772@lid","command":"ytaudio","args":["https://youtu.be/wfOHdfqqJTs?si=Qh22LXozhKI4WVnz"],"success":true,"result":{"type":"audio"}}
[2025-11-21T21:21:32.561Z] [INFO] [bcv] Consultando precio del dólar para Santiago. {"jid":"120363160616746507@g.us"}
[2025-11-21T21:21:33.235Z] [SUCCESS] [bcv] Precio del dólar enviado a Santiago. {"price":"243.1105 Bs","date":"25/11/2025","historical":false,"jid":"120363160616746507@g.us"}
[2025-11-21T21:21:47.094Z] [INFO] [bcv] Consultando precio del dólar para Santiago. {"jid":"120363387470929207@g.us"}
[2025-11-21T21:21:47.673Z] [SUCCESS] [bcv] Precio del dólar enviado a Santiago. {"price":"243.1105 Bs","date":"25/11/2025","historical":false,"jid":"120363387470929207@g.us"}
[2025-11-21T21:30:04.197Z] [INFO] [bcv] Consultando precio del dólar para José Peña {"jid":"584124484909@s.whatsapp.net"}
[2025-11-21T21:30:04.781Z] [SUCCESS] [bcv] Precio del dólar enviado a José Peña {"price":"243.1105 Bs","date":"25/11/2025","historical":false,"jid":"584124484909@s.whatsapp.net"}
[2025-11-21T21:30:25.191Z] [INFO] [bcv] Consultando precio del dólar para José Peña fecha: 20/11/2025 {"jid":"584124484909@s.whatsapp.net"}
[2025-11-21T21:30:25.346Z] [SUCCESS] [bcv] Precio del dólar enviado a José Peña {"price":"240.3209 Bs","date":"20/11/2025","historical":true,"jid":"584124484909@s.whatsapp.net"}
