[2025-11-18T00:04:51.847Z] [INFO] [system] Rotación de logs programada cada 24 horas 
[2025-11-18T00:04:51.895Z] [INFO] [system] Iniciando bot de WhatsApp... 
[2025-11-18T00:04:51.898Z] [INFO] [session] Sesión activa encontrada, manteniendo... 
[2025-11-18T00:04:52.002Z] [INFO] [system] Usando Baileys version: 2.3000.1027934701 
[2025-11-18T00:04:52.012Z] [INFO] [session] Estado de conexión: connecting {"status":"connecting","qr":false}
[2025-11-18T00:04:52.654Z] [INFO] [session] Estado de conexión: connecting... {"qr":false}
[2025-11-18T00:04:52.700Z] [INFO] [session] Estado de conexión: connecting... {"qr":false}
[2025-11-18T00:04:52.701Z] [INFO] [session] Estado de conexión: open {"status":"open","qr":false}
[2025-11-18T00:04:52.701Z] [SUCCESS] [session] Conexión exitosa a WhatsApp {"user":"Untrue","id":"584120614314:32@s.whatsapp.net"}
[2025-11-18T00:05:21.852Z] [INFO] [logrotate] 🚀 Iniciando rotación automática de logs... 
[2025-11-18T00:05:21.854Z] [DEBUG] [logrotate] Log eliminado: 2025-11-11.log 
[2025-11-18T00:05:21.854Z] [INFO] [logrotate] Rotación completada: 1 archivos antiguos eliminados 
[2025-11-18T00:05:21.860Z] [INFO] [logrotate] Reporte de almacenamiento {"totalFiles":46,"totalSize":1128147,"totalSizeMB":"1.08","logFiles":46,"backupFiles":0}
[2025-11-18T00:05:21.860Z] [INFO] [logrotate] ✅ Rotación completada en 7ms {"duration":7,"report":{"totalFiles":46,"totalSize":1128147,"totalSizeMB":"1.08","logFiles":46,"backupFiles":0}}
[2025-11-18T00:05:41.731Z] [INFO] [message] Mensaje received {"user":"120363160616746507@g.us","message":"#ping","type":"received"}
[2025-11-18T00:05:42.859Z] [SUCCESS] [command] Comando ejecutado: ping {"user":"120363160616746507@g.us","command":"ping","args":[],"success":true,"result":null}
[2025-11-18T00:05:52.703Z] [INFO] [message] Mensaje received {"user":"120363160616746507@g.us","message":"#letra radiohead knives out","type":"received"}
[2025-11-18T00:05:53.272Z] [INFO] [session] Estado de conexión: connecting... {"qr":false}
[2025-11-18T00:05:53.273Z] [SUCCESS] [command] Comando ejecutado: letra {"user":"120363160616746507@g.us","command":"letra","args":["radiohead","knives","out"],"success":true,"result":null}
[2025-11-18T00:06:30.295Z] [INFO] [message] Mensaje received {"user":"30837949124772@lid","message":"#letra king crimson starless","type":"received"}
[2025-11-18T00:06:30.645Z] [INFO] [session] Estado de conexión: connecting... {"qr":false}
[2025-11-18T00:06:30.646Z] [SUCCESS] [command] Comando ejecutado: letra {"user":"30837949124772@lid","command":"letra","args":["king","crimson","starless"],"success":true,"result":null}
[2025-11-18T00:07:07.552Z] [INFO] [message] Mensaje received {"user":"30837949124772@lid","message":"#letra kingcrimson starless","type":"received"}
[2025-11-18T00:07:07.922Z] [INFO] [session] Estado de conexión: connecting... {"qr":false}
[2025-11-18T00:07:07.923Z] [SUCCESS] [command] Comando ejecutado: letra {"user":"30837949124772@lid","command":"letra","args":["kingcrimson","starless"],"success":true,"result":null}
[2025-11-18T00:07:20.545Z] [INFO] [message] Mensaje received {"user":"30837949124772@lid","message":"#letra king-crimson starless","type":"received"}
[2025-11-18T00:07:20.883Z] [INFO] [session] Estado de conexión: connecting... {"qr":false}
[2025-11-18T00:07:20.884Z] [SUCCESS] [command] Comando ejecutado: letra {"user":"30837949124772@lid","command":"letra","args":["king-crimson","starless"],"success":true,"result":null}
[2025-11-18T00:08:31.929Z] [INFO] [message] Mensaje received {"user":"120363160616746507@g.us","message":"","type":"received"}
[2025-11-18T00:09:21.094Z] [INFO] [message] Mensaje received {"user":"120363160616746507@g.us","message":"sapegato quejesa mierda q mete WhatsApp","type":"received"}
[2025-11-18T00:09:28.150Z] [INFO] [message] Mensaje received {"user":"120363160616746507@g.us","message":"kike respuestas","type":"received"}
[2025-11-18T00:15:16.069Z] [INFO] [session] Estado de conexión: close {"status":"close","qr":false}
[2025-11-18T00:15:16.070Z] [ERROR] [session] Conexión cerrada {"statusCode":503}
[2025-11-18T00:15:16.070Z] [INFO] [session] Reconectando en 5 segundos... 
[2025-11-18T00:15:21.074Z] [INFO] [system] Iniciando bot de WhatsApp... 
[2025-11-18T00:15:21.074Z] [INFO] [session] Sesión activa encontrada, manteniendo... 
[2025-11-18T00:15:21.135Z] [INFO] [system] Usando Baileys version: 2.3000.1027934701 
[2025-11-18T00:15:21.138Z] [INFO] [session] Estado de conexión: connecting {"status":"connecting","qr":false}
[2025-11-18T00:15:21.629Z] [INFO] [session] Estado de conexión: connecting... {"qr":false}
[2025-11-18T00:15:21.658Z] [INFO] [session] Estado de conexión: connecting... {"qr":false}
[2025-11-18T00:15:21.659Z] [INFO] [session] Estado de conexión: open {"status":"open","qr":false}
[2025-11-18T00:15:21.659Z] [SUCCESS] [session] Conexión exitosa a WhatsApp {"user":"Untrue","id":"584120614314:32@s.whatsapp.net"}
[2025-11-18T00:16:17.814Z] [INFO] [system] Rotación de logs programada cada 24 horas 
[2025-11-18T00:16:17.863Z] [INFO] [system] Iniciando bot de WhatsApp... 
[2025-11-18T00:16:17.865Z] [INFO] [session] Sesión activa encontrada, manteniendo... 
[2025-11-18T00:16:17.947Z] [INFO] [system] Usando Baileys version: 2.3000.1027934701 
[2025-11-18T00:16:17.957Z] [INFO] [session] Estado de conexión: connecting {"status":"connecting","qr":false}
[2025-11-18T00:16:18.403Z] [INFO] [session] Estado de conexión: connecting... {"qr":false}
[2025-11-18T00:16:18.470Z] [INFO] [session] Estado de conexión: connecting... {"qr":false}
[2025-11-18T00:16:18.471Z] [INFO] [session] Estado de conexión: open {"status":"open","qr":false}
[2025-11-18T00:16:18.471Z] [SUCCESS] [session] Conexión exitosa a WhatsApp {"user":"Untrue","id":"584120614314:32@s.whatsapp.net"}
[2025-11-18T00:16:47.836Z] [INFO] [logrotate] 🚀 Iniciando rotación automática de logs... 
[2025-11-18T00:16:47.837Z] [DEBUG] [logrotate] Rotación: No se encontraron archivos para eliminar 
[2025-11-18T00:16:47.842Z] [INFO] [logrotate] Reporte de almacenamiento {"totalFiles":46,"totalSize":1136077,"totalSizeMB":"1.08","logFiles":46,"backupFiles":0}
[2025-11-18T00:16:47.842Z] [INFO] [logrotate] ✅ Rotación completada en 6ms {"duration":6,"report":{"totalFiles":46,"totalSize":1136077,"totalSizeMB":"1.08","logFiles":46,"backupFiles":0}}
[2025-11-18T00:17:31.007Z] [INFO] [message] Mensaje received {"user":"30837949124772@lid","message":"#ping","type":"received"}
[2025-11-18T00:17:32.200Z] [SUCCESS] [command] Comando ejecutado: ping {"user":"30837949124772@lid","command":"ping","args":[],"success":true,"result":null}
[2025-11-18T00:17:39.568Z] [INFO] [message] Mensaje received {"user":"30837949124772@lid","message":"#letra king crimson starless","type":"received"}
[2025-11-18T00:17:39.989Z] [INFO] [session] Estado de conexión: connecting... {"qr":false}
[2025-11-18T00:17:39.989Z] [SUCCESS] [command] Comando ejecutado: letra {"user":"30837949124772@lid","command":"letra","args":["king","crimson","starless"],"success":true,"result":null}
[2025-11-18T00:18:00.407Z] [INFO] [message] Mensaje received {"user":"120363160616746507@g.us","message":"?","type":"received"}
[2025-11-18T00:20:53.657Z] [INFO] [system] Rotación de logs programada cada 24 horas 
[2025-11-18T00:20:53.704Z] [INFO] [system] Iniciando bot de WhatsApp... 
[2025-11-18T00:20:53.706Z] [INFO] [session] Sesión activa encontrada, manteniendo... 
[2025-11-18T00:20:53.792Z] [INFO] [system] Usando Baileys version: 2.3000.1027934701 
[2025-11-18T00:20:53.804Z] [INFO] [session] Estado de conexión: connecting {"status":"connecting","qr":false}
[2025-11-18T00:20:54.785Z] [INFO] [session] Estado de conexión: connecting... {"qr":false}
[2025-11-18T00:20:54.881Z] [INFO] [session] Estado de conexión: connecting... {"qr":false}
[2025-11-18T00:20:54.881Z] [INFO] [session] Estado de conexión: open {"status":"open","qr":false}
[2025-11-18T00:20:54.881Z] [SUCCESS] [session] Conexión exitosa a WhatsApp {"user":"Untrue","id":"584120614314:32@s.whatsapp.net"}
[2025-11-18T00:21:23.660Z] [INFO] [logrotate] 🚀 Iniciando rotación automática de logs... 
[2025-11-18T00:21:23.662Z] [DEBUG] [logrotate] Rotación: No se encontraron archivos para eliminar 
[2025-11-18T00:21:23.670Z] [INFO] [logrotate] Reporte de almacenamiento {"totalFiles":46,"totalSize":1139406,"totalSizeMB":"1.09","logFiles":46,"backupFiles":0}
[2025-11-18T00:21:23.670Z] [INFO] [logrotate] ✅ Rotación completada en 9ms {"duration":9,"report":{"totalFiles":46,"totalSize":1139406,"totalSizeMB":"1.09","logFiles":46,"backupFiles":0}}
[2025-11-18T00:22:24.118Z] [INFO] [message] Mensaje received {"user":"30837949124772@lid","message":"#letra king crimson starless","type":"received"}
[2025-11-18T00:22:25.698Z] [INFO] [session] Estado de conexión: connecting... {"qr":false}
[2025-11-18T00:22:25.700Z] [SUCCESS] [command] Comando ejecutado: letra {"user":"30837949124772@lid","command":"letra","args":["king","crimson","starless"],"success":true,"result":null}
[2025-11-18T00:24:09.109Z] [INFO] [system] Rotación de logs programada cada 24 horas 
[2025-11-18T00:24:09.168Z] [INFO] [system] Iniciando bot de WhatsApp... 
[2025-11-18T00:24:09.171Z] [INFO] [session] Sesión activa encontrada, manteniendo... 
[2025-11-18T00:24:09.261Z] [INFO] [system] Usando Baileys version: 2.3000.1027934701 
[2025-11-18T00:24:09.278Z] [INFO] [session] Estado de conexión: connecting {"status":"connecting","qr":false}
[2025-11-18T00:24:10.181Z] [INFO] [session] Estado de conexión: connecting... {"qr":false}
[2025-11-18T00:24:10.337Z] [INFO] [session] Estado de conexión: connecting... {"qr":false}
[2025-11-18T00:24:10.338Z] [INFO] [session] Estado de conexión: open {"status":"open","qr":false}
[2025-11-18T00:24:10.338Z] [SUCCESS] [session] Conexión exitosa a WhatsApp {"user":"Untrue","id":"584120614314:32@s.whatsapp.net"}
[2025-11-18T00:24:39.130Z] [INFO] [logrotate] 🚀 Iniciando rotación automática de logs... 
[2025-11-18T00:24:39.131Z] [DEBUG] [logrotate] Rotación: No se encontraron archivos para eliminar 
[2025-11-18T00:24:39.135Z] [INFO] [logrotate] Reporte de almacenamiento {"totalFiles":46,"totalSize":1142127,"totalSizeMB":"1.09","logFiles":46,"backupFiles":0}
[2025-11-18T00:24:39.135Z] [INFO] [logrotate] ✅ Rotación completada en 4ms {"duration":4,"report":{"totalFiles":46,"totalSize":1142127,"totalSizeMB":"1.09","logFiles":46,"backupFiles":0}}
[2025-11-18T00:24:52.268Z] [INFO] [message] Mensaje received {"user":"30837949124772@lid","message":"#ping","type":"received"}
[2025-11-18T00:24:54.120Z] [SUCCESS] [command] Comando ejecutado: ping {"user":"30837949124772@lid","command":"ping","args":[],"success":true,"result":null}
[2025-11-18T00:25:01.323Z] [INFO] [message] Mensaje received {"user":"30837949124772@lid","message":"#letra king crimson starless","type":"received"}
[2025-11-18T00:25:02.436Z] [INFO] [session] Estado de conexión: connecting... {"qr":false}
[2025-11-18T00:25:02.437Z] [SUCCESS] [command] Comando ejecutado: letra {"user":"30837949124772@lid","command":"letra","args":["king","crimson","starless"],"success":true,"result":null}
[2025-11-18T00:25:17.913Z] [INFO] [message] Mensaje received {"user":"30837949124772@lid","message":"#letra radiohead knives out","type":"received"}
[2025-11-18T00:25:18.611Z] [INFO] [session] Estado de conexión: connecting... {"qr":false}
[2025-11-18T00:25:18.612Z] [SUCCESS] [command] Comando ejecutado: letra {"user":"30837949124772@lid","command":"letra","args":["radiohead","knives","out"],"success":true,"result":null}
[2025-11-18T00:25:36.458Z] [INFO] [message] Mensaje received {"user":"30837949124772@lid","message":"#letra radiohead live in a glasshouse","type":"received"}
[2025-11-18T00:25:37.526Z] [INFO] [session] Estado de conexión: connecting... {"qr":false}
[2025-11-18T00:25:37.527Z] [SUCCESS] [command] Comando ejecutado: letra {"user":"30837949124772@lid","command":"letra","args":["radiohead","live","in","a","glasshouse"],"success":true,"result":null}
[2025-11-18T00:25:53.153Z] [INFO] [message] Mensaje received {"user":"30837949124772@lid","message":"#letra radiohead life in a glasshouse","type":"received"}
[2025-11-18T00:25:53.840Z] [INFO] [session] Estado de conexión: connecting... {"qr":false}
[2025-11-18T00:25:53.841Z] [SUCCESS] [command] Comando ejecutado: letra {"user":"30837949124772@lid","command":"letra","args":["radiohead","life","in","a","glasshouse"],"success":true,"result":null}
[2025-11-18T00:26:28.584Z] [INFO] [message] Mensaje received {"user":"30837949124772@lid","message":"#letra radiohead morning bell","type":"received"}
[2025-11-18T00:26:29.601Z] [INFO] [session] Estado de conexión: connecting... {"qr":false}
[2025-11-18T00:26:29.602Z] [SUCCESS] [command] Comando ejecutado: letra {"user":"30837949124772@lid","command":"letra","args":["radiohead","morning","bell"],"success":true,"result":null}
[2025-11-18T00:27:47.480Z] [INFO] [message] Mensaje received {"user":"30837949124772@lid","message":"#letra goodspeed you black emperor static","type":"received"}
[2025-11-18T00:27:49.309Z] [INFO] [session] Estado de conexión: connecting... {"qr":false}
[2025-11-18T00:27:49.310Z] [SUCCESS] [command] Comando ejecutado: letra {"user":"30837949124772@lid","command":"letra","args":["goodspeed","you","black","emperor","static"],"success":true,"result":null}
[2025-11-18T00:28:03.072Z] [INFO] [message] Mensaje received {"user":"30837949124772@lid","message":"#letra goodspeed you! black emperor static","type":"received"}
[2025-11-18T00:28:04.266Z] [SUCCESS] [command] Comando ejecutado: letra {"user":"30837949124772@lid","command":"letra","args":["goodspeed","you!","black","emperor","static"],"success":true,"result":null}
[2025-11-18T00:28:04.265Z] [INFO] [session] Estado de conexión: connecting... {"qr":false}
[2025-11-18T00:28:25.713Z] [INFO] [message] Mensaje received {"user":"30837949124772@lid","message":"#letra gybe static","type":"received"}
[2025-11-18T00:28:26.520Z] [INFO] [session] Estado de conexión: connecting... {"qr":false}
[2025-11-18T00:28:26.521Z] [SUCCESS] [command] Comando ejecutado: letra {"user":"30837949124772@lid","command":"letra","args":["gybe","static"],"success":true,"result":null}
[2025-11-18T00:28:35.760Z] [INFO] [message] Mensaje received {"user":"30837949124772@lid","message":"#letra gy!be static","type":"received"}
[2025-11-18T00:28:36.426Z] [INFO] [session] Estado de conexión: connecting... {"qr":false}
[2025-11-18T00:28:36.427Z] [SUCCESS] [command] Comando ejecutado: letra {"user":"30837949124772@lid","command":"letra","args":["gy!be","static"],"success":true,"result":null}
[2025-11-18T00:29:02.735Z] [INFO] [message] Mensaje received {"user":"30837949124772@lid","message":"#letra godspeed you black emperor static","type":"received"}
[2025-11-18T00:29:03.667Z] [INFO] [session] Estado de conexión: connecting... {"qr":false}
[2025-11-18T00:29:03.668Z] [SUCCESS] [command] Comando ejecutado: letra {"user":"30837949124772@lid","command":"letra","args":["godspeed","you","black","emperor","static"],"success":true,"result":null}
[2025-11-18T00:29:38.849Z] [INFO] [message] Mensaje received {"user":"30837949124772@lid","message":"#letra yoshi 9 a 10","type":"received"}
[2025-11-18T00:29:40.094Z] [INFO] [session] Estado de conexión: connecting... {"qr":false}
[2025-11-18T00:29:40.095Z] [SUCCESS] [command] Comando ejecutado: letra {"user":"30837949124772@lid","command":"letra","args":["yoshi","9","a","10"],"success":true,"result":null}
[2025-11-18T00:30:38.390Z] [INFO] [message] Mensaje received {"user":"30837949124772@lid","message":"#letra nsqk miata","type":"received"}
[2025-11-18T00:30:39.386Z] [INFO] [session] Estado de conexión: connecting... {"qr":false}
[2025-11-18T00:30:39.387Z] [SUCCESS] [command] Comando ejecutado: letra {"user":"30837949124772@lid","command":"letra","args":["nsqk","miata"],"success":true,"result":null}
[2025-11-18T00:31:05.881Z] [INFO] [message] Mensaje received {"user":"30837949124772@lid","message":"#letra burial archangel","type":"received"}
[2025-11-18T00:31:06.620Z] [INFO] [session] Estado de conexión: connecting... {"qr":false}
[2025-11-18T00:31:06.621Z] [SUCCESS] [command] Comando ejecutado: letra {"user":"30837949124772@lid","command":"letra","args":["burial","archangel"],"success":true,"result":null}
[2025-11-18T00:31:39.202Z] [INFO] [message] Mensaje received {"user":"120363160616746507@g.us","message":"","type":"received"}
[2025-11-18T00:32:05.722Z] [INFO] [message] Mensaje received {"user":"120363160616746507@g.us","message":"No me sale","type":"received"}
[2025-11-18T00:33:25.806Z] [INFO] [message] Mensaje received {"user":"30837949124772@lid","message":"#letra the backseat lovers pool house","type":"received"}
[2025-11-18T00:33:26.633Z] [INFO] [session] Estado de conexión: connecting... {"qr":false}
[2025-11-18T00:33:26.634Z] [SUCCESS] [command] Comando ejecutado: letra {"user":"30837949124772@lid","command":"letra","args":["the","backseat","lovers","pool","house"],"success":true,"result":null}
[2025-11-18T00:33:51.111Z] [INFO] [message] Mensaje received {"user":"120363160616746507@g.us","message":"","type":"received"}
[2025-11-18T00:39:56.863Z] [INFO] [message] Mensaje received {"user":"30837949124772@lid","message":"#ping","type":"received"}
[2025-11-18T00:39:57.891Z] [SUCCESS] [command] Comando ejecutado: ping {"user":"30837949124772@lid","command":"ping","args":[],"success":true,"result":null}
[2025-11-18T00:40:51.474Z] [INFO] [message] Mensaje received {"user":"status@broadcast","message":"","type":"received"}
[2025-11-18T00:50:06.161Z] [INFO] [system] Rotación de logs programada cada 24 horas 
[2025-11-18T00:50:06.203Z] [INFO] [system] Iniciando bot de WhatsApp... 
[2025-11-18T00:50:06.206Z] [INFO] [session] Sesión activa encontrada, manteniendo... 
[2025-11-18T00:50:06.302Z] [INFO] [system] Usando Baileys version: 2.3000.1027934701 
[2025-11-18T00:50:06.314Z] [INFO] [session] Estado de conexión: connecting {"status":"connecting","qr":false}
[2025-11-18T00:50:06.739Z] [INFO] [session] Estado de conexión: connecting... {"qr":false}
[2025-11-18T00:50:06.772Z] [INFO] [session] Estado de conexión: connecting... {"qr":false}
[2025-11-18T00:50:06.773Z] [INFO] [session] Estado de conexión: open {"status":"open","qr":false}
[2025-11-18T00:50:06.773Z] [SUCCESS] [session] Conexión exitosa a WhatsApp {"user":"Untrue","id":"584120614314:32@s.whatsapp.net"}
[2025-11-18T00:50:32.624Z] [INFO] [message] Mensaje received {"user":"30837949124772@lid","message":"#ping","type":"received"}
[2025-11-18T00:50:32.884Z] [ERROR] [command] Comando ejecutado: ping {"user":"30837949124772@lid","command":"ping","args":[],"success":false,"result":"The requested module 'cheerio' does not provide an export named 'default'"}
[2025-11-18T00:50:32.884Z] [ERROR] [command] Error ejecutando ping {"error":"The requested module 'cheerio' does not provide an export named 'default'","user":"30837949124772@lid"}
[2025-11-18T00:50:36.163Z] [INFO] [logrotate] 🚀 Iniciando rotación automática de logs... 
[2025-11-18T00:50:36.164Z] [DEBUG] [logrotate] Rotación: No se encontraron archivos para eliminar 
[2025-11-18T00:50:36.169Z] [INFO] [logrotate] Reporte de almacenamiento {"totalFiles":46,"totalSize":1156771,"totalSizeMB":"1.10","logFiles":46,"backupFiles":0}
[2025-11-18T00:50:36.169Z] [INFO] [logrotate] ✅ Rotación completada en 6ms {"duration":6,"report":{"totalFiles":46,"totalSize":1156771,"totalSizeMB":"1.10","logFiles":46,"backupFiles":0}}
[2025-11-18T00:54:51.131Z] [INFO] [system] Rotación de logs programada cada 24 horas 
[2025-11-18T00:54:51.216Z] [INFO] [system] Iniciando bot de WhatsApp... 
[2025-11-18T00:54:51.219Z] [INFO] [session] Sesión activa encontrada, manteniendo... 
[2025-11-18T00:54:51.302Z] [INFO] [system] Usando Baileys version: 2.3000.1027934701 
[2025-11-18T00:54:51.313Z] [INFO] [session] Estado de conexión: connecting {"status":"connecting","qr":false}
[2025-11-18T00:54:51.753Z] [INFO] [session] Estado de conexión: connecting... {"qr":false}
[2025-11-18T00:54:51.786Z] [INFO] [session] Estado de conexión: connecting... {"qr":false}
[2025-11-18T00:54:51.786Z] [INFO] [session] Estado de conexión: open {"status":"open","qr":false}
[2025-11-18T00:54:51.786Z] [SUCCESS] [session] Conexión exitosa a WhatsApp {"user":"Untrue","id":"584120614314:32@s.whatsapp.net"}
[2025-11-18T00:55:21.151Z] [INFO] [logrotate] 🚀 Iniciando rotación automática de logs... 
[2025-11-18T00:55:21.152Z] [DEBUG] [logrotate] Rotación: No se encontraron archivos para eliminar 
[2025-11-18T00:55:21.158Z] [INFO] [logrotate] Reporte de almacenamiento {"totalFiles":46,"totalSize":1158790,"totalSizeMB":"1.11","logFiles":46,"backupFiles":0}
[2025-11-18T00:55:21.158Z] [INFO] [logrotate] ✅ Rotación completada en 7ms {"duration":7,"report":{"totalFiles":46,"totalSize":1158790,"totalSizeMB":"1.11","logFiles":46,"backupFiles":0}}
[2025-11-18T00:55:52.131Z] [INFO] [message] Mensaje received {"user":"30837949124772@lid","message":"#ping","type":"received"}
[2025-11-18T00:55:52.429Z] [ERROR] [command] Comando ejecutado: ping {"user":"30837949124772@lid","command":"ping","args":[],"success":false,"result":"The requested module 'cheerio' does not provide an export named 'default'"}
[2025-11-18T00:55:52.430Z] [ERROR] [command] Error ejecutando ping {"error":"The requested module 'cheerio' does not provide an export named 'default'","user":"30837949124772@lid"}
[2025-11-18T00:55:55.473Z] [INFO] [message] Mensaje received {"user":"30837949124772@lid","message":"#ping","type":"received"}
[2025-11-18T00:55:55.473Z] [ERROR] [command] Error ejecutando ping {"error":"The requested module 'cheerio' does not provide an export named 'default'","user":"30837949124772@lid"}
[2025-11-18T00:55:55.473Z] [ERROR] [command] Comando ejecutado: ping {"user":"30837949124772@lid","command":"ping","args":[],"success":false,"result":"The requested module 'cheerio' does not provide an export named 'default'"}
[2025-11-18T01:03:04.456Z] [INFO] [system] Rotación de logs programada cada 24 horas 
[2025-11-18T01:03:04.496Z] [INFO] [system] Iniciando bot de WhatsApp... 
[2025-11-18T01:03:04.498Z] [INFO] [session] Sesión activa encontrada, manteniendo... 
[2025-11-18T01:03:04.580Z] [INFO] [system] Usando Baileys version: 2.3000.1027934701 
[2025-11-18T01:03:04.597Z] [INFO] [session] Estado de conexión: connecting {"status":"connecting","qr":false}
[2025-11-18T01:03:05.752Z] [INFO] [session] Estado de conexión: connecting... {"qr":false}
[2025-11-18T01:03:05.926Z] [INFO] [session] Estado de conexión: connecting... {"qr":false}
[2025-11-18T01:03:05.927Z] [SUCCESS] [session] Conexión exitosa a WhatsApp {"user":"Untrue","id":"584120614314:32@s.whatsapp.net"}
[2025-11-18T01:03:05.926Z] [INFO] [session] Estado de conexión: open {"status":"open","qr":false}
[2025-11-18T01:03:34.470Z] [INFO] [logrotate] 🚀 Iniciando rotación automática de logs... 
[2025-11-18T01:03:34.471Z] [DEBUG] [logrotate] Rotación: No se encontraron archivos para eliminar 
[2025-11-18T01:03:34.478Z] [INFO] [logrotate] ✅ Rotación completada en 7ms {"duration":7,"report":{"totalFiles":46,"totalSize":1162955,"totalSizeMB":"1.11","logFiles":46,"backupFiles":0}}
[2025-11-18T01:03:34.478Z] [INFO] [logrotate] Reporte de almacenamiento {"totalFiles":46,"totalSize":1162955,"totalSizeMB":"1.11","logFiles":46,"backupFiles":0}
[2025-11-18T01:05:27.062Z] [INFO] [message] Mensaje received {"user":"30837949124772@lid","message":"#menu","type":"received"}
[2025-11-18T01:05:28.860Z] [SUCCESS] [command] Comando ejecutado: menu {"user":"30837949124772@lid","command":"menu","args":[],"success":true,"result":null}
[2025-11-18T01:07:39.065Z] [INFO] [message] Mensaje received {"user":"30837949124772@lid","message":"#letra","type":"received"}
[2025-11-18T01:07:39.580Z] [SUCCESS] [command] Comando ejecutado: letra {"user":"30837949124772@lid","command":"letra","args":[],"success":true,"result":null}
[2025-11-18T01:08:05.622Z] [INFO] [message] Mensaje received {"user":"30837949124772@lid","message":"#letra bjork like someone in love","type":"received"}
[2025-11-18T01:08:07.174Z] [INFO] [session] Estado de conexión: connecting... {"qr":false}
[2025-11-18T01:08:07.174Z] [SUCCESS] [command] Comando ejecutado: letra {"user":"30837949124772@lid","command":"letra","args":["bjork","like","someone","in","love"],"success":true,"result":null}
[2025-11-18T01:08:26.589Z] [INFO] [message] Mensaje received {"user":"30837949124772@lid","message":"#letra rosalía reliquia","type":"received"}
[2025-11-18T01:08:27.417Z] [INFO] [session] Estado de conexión: connecting... {"qr":false}
[2025-11-18T01:08:27.418Z] [SUCCESS] [command] Comando ejecutado: letra {"user":"30837949124772@lid","command":"letra","args":["rosalía","reliquia"],"success":true,"result":null}
[2025-11-18T01:10:08.657Z] [INFO] [message] Mensaje received {"user":"30837949124772@lid","message":"#letra bjork joga","type":"received"}
[2025-11-18T01:10:09.523Z] [INFO] [session] Estado de conexión: connecting... {"qr":false}
[2025-11-18T01:10:09.524Z] [SUCCESS] [command] Comando ejecutado: letra {"user":"30837949124772@lid","command":"letra","args":["bjork","joga"],"success":true,"result":null}
[2025-11-18T01:10:31.627Z] [INFO] [message] Mensaje received {"user":"30837949124772@lid","message":"#letra bjork violently happy","type":"received"}
[2025-11-18T01:10:32.675Z] [INFO] [session] Estado de conexión: connecting... {"qr":false}
[2025-11-18T01:10:32.675Z] [SUCCESS] [command] Comando ejecutado: letra {"user":"30837949124772@lid","command":"letra","args":["bjork","violently","happy"],"success":true,"result":null}
[2025-11-18T01:10:49.687Z] [INFO] [message] Mensaje received {"user":"30837949124772@lid","message":"#letra björk army of me","type":"received"}
[2025-11-18T01:10:50.716Z] [INFO] [session] Estado de conexión: connecting... {"qr":false}
[2025-11-18T01:10:50.718Z] [SUCCESS] [command] Comando ejecutado: letra {"user":"30837949124772@lid","command":"letra","args":["björk","army","of","me"],"success":true,"result":null}
[2025-11-18T01:11:33.095Z] [INFO] [message] Mensaje received {"user":"30837949124772@lid","message":"#letra björk like someone in love","type":"received"}
[2025-11-18T01:11:33.886Z] [INFO] [session] Estado de conexión: connecting... {"qr":false}
[2025-11-18T01:11:33.887Z] [SUCCESS] [command] Comando ejecutado: letra {"user":"30837949124772@lid","command":"letra","args":["björk","like","someone","in","love"],"success":true,"result":null}
[2025-11-18T01:19:14.946Z] [INFO] [message] Mensaje received {"user":"status@broadcast","message":"","type":"received"}
[2025-11-18T01:24:28.190Z] [INFO] [message] Mensaje received {"user":"120363387470929207@g.us","message":"#tt https://vm.tiktok.com/ZMAcPkvsR/","type":"received"}
[2025-11-18T01:24:39.421Z] [INFO] [session] Estado de conexión: connecting... {"qr":false}
[2025-11-18T01:24:39.422Z] [SUCCESS] [command] Comando ejecutado: tt {"user":"120363387470929207@g.us","command":"tt","args":["https://vm.tiktok.com/ZMAcPkvsR/"],"success":true,"result":null}
[2025-11-18T01:24:43.986Z] [INFO] [message] Mensaje received {"user":"120363387470929207@g.us","message":"@39106298044576","type":"received"}
[2025-11-18T01:24:57.261Z] [INFO] [message] Mensaje received {"user":"120363387470929207@g.us","message":"Mande el maldito tt","type":"received"}
[2025-11-18T01:25:01.546Z] [INFO] [message] Mensaje received {"user":"120363387470929207@g.us","message":"Asi consume almacenamiento","type":"received"}
[2025-11-18T01:25:06.820Z] [INFO] [message] Mensaje received {"user":"120363387470929207@g.us","message":"A mi iPhone 64gb","type":"received"}
[2025-11-18T01:25:10.067Z] [INFO] [message] Mensaje received {"user":"120363387470929207@g.us","message":"","type":"received"}
[2025-11-18T01:25:14.106Z] [INFO] [message] Mensaje received {"user":"120363387470929207@g.us","message":"","type":"received"}
[2025-11-18T01:25:16.607Z] [INFO] [message] Mensaje received {"user":"120363387470929207@g.us","message":"pecao","type":"received"}
[2025-11-18T01:25:22.052Z] [INFO] [message] Mensaje received {"user":"120363387470929207@g.us","message":"JASJAJAJJA","type":"received"}
[2025-11-18T01:28:20.702Z] [INFO] [message] Mensaje received {"user":"30837949124772@lid","message":"#tt https://vm.tiktok.com/ZMAcPJALu/","type":"received"}
[2025-11-18T01:28:26.923Z] [INFO] [session] Estado de conexión: connecting... {"qr":false}
[2025-11-18T01:28:26.924Z] [SUCCESS] [command] Comando ejecutado: tt {"user":"30837949124772@lid","command":"tt","args":["https://vm.tiktok.com/ZMAcPJALu/"],"success":true,"result":null}
[2025-11-18T01:28:33.431Z] [INFO] [message] Mensaje received {"user":"120363160616746507@g.us","message":"#tt https://vm.tiktok.com/ZMAcPJALu/","type":"received"}
[2025-11-18T01:28:39.772Z] [INFO] [session] Estado de conexión: connecting... {"qr":false}
[2025-11-18T01:28:39.774Z] [SUCCESS] [command] Comando ejecutado: tt {"user":"120363160616746507@g.us","command":"tt","args":["https://vm.tiktok.com/ZMAcPJALu/"],"success":true,"result":null}
[2025-11-18T01:39:16.132Z] [INFO] [message] Mensaje received {"user":"status@broadcast","message":"","type":"received"}
[2025-11-18T01:39:16.522Z] [INFO] [message] Mensaje received {"user":"status@broadcast","message":"","type":"received"}
[2025-11-18T01:44:18.924Z] [INFO] [message] Mensaje received {"user":"30837949124772@lid","message":"","type":"received"}
[2025-11-18T01:44:20.900Z] [INFO] [message] Mensaje received {"user":"30837949124772@lid","message":"#s","type":"received"}
[2025-11-18T01:44:22.527Z] [SUCCESS] [command] Comando ejecutado: s {"user":"30837949124772@lid","command":"s","args":[],"success":true,"result":null}
[2025-11-18T01:48:04.898Z] [INFO] [message] Mensaje received {"user":"120363160616746507@g.us","message":"#tt https://vm.tiktok.com/ZMAcPvPHe/","type":"received"}
[2025-11-18T01:48:11.698Z] [INFO] [session] Estado de conexión: connecting... {"qr":false}
[2025-11-18T01:48:11.699Z] [SUCCESS] [command] Comando ejecutado: tt {"user":"120363160616746507@g.us","command":"tt","args":["https://vm.tiktok.com/ZMAcPvPHe/"],"success":true,"result":null}
[2025-11-18T01:48:15.992Z] [INFO] [message] Mensaje received {"user":"120363160616746507@g.us","message":"@39106298044576","type":"received"}
[2025-11-18T01:48:40.292Z] [INFO] [message] Mensaje received {"user":"120363160616746507@g.us","message":"KAKAKAK","type":"received"}
[2025-11-18T01:58:42.237Z] [INFO] [message] Mensaje received {"user":"30837949124772@lid","message":"#tt https://www.tiktok.com/@dacianudila/video/7564694142089956630?_r=1&u_code=e86igh284g3f08&preview...","type":"received"}
[2025-11-18T01:58:48.358Z] [INFO] [session] Estado de conexión: connecting... {"qr":false}
[2025-11-18T01:58:48.359Z] [SUCCESS] [command] Comando ejecutado: tt {"user":"30837949124772@lid","command":"tt","args":["https://www.tiktok.com/@dacianudila/video/7564694142089956630?_r=1&u_code=e86igh284g3f08&preview_pb=0&sharer_language=es&_d=eem0d4abca4f68&share_item_id=7564694142089956630&source=h5_m&timestamp=1763430998&user_id=7238318756069573637&sec_user_id=MS4wLjABAAAA7ROekmn1s5bqqWHmXGqo8c614RvolXv1GwaN-ritt8Zy6KzaZESD80DNFZ0dVFB0&item_author_type=2&social_share_type=0&utm_source=copy&utm_campaign=client_share&utm_medium=android&share_iid=7572909664393430796&share_link_id=803ca463-61e5-4ef1-9f9e-4b05081c0ecd&share_app_id=1233&ugbiz_name=MAIN&ug_btm=b2001&link_reflow_popup_iteration_sharer=%7B%22click_empty_to_play%22%3A1%2C%22dynamic_cover%22%3A1%2C%22follow_to_play_duration%22%3A-1.0%2C%22profile_clickable%22%3A1%7D&enable_checksum=1"],"success":true,"result":null}
[2025-11-18T01:59:36.560Z] [INFO] [message] Mensaje received {"user":"30837949124772@lid","message":"#tt https://vm.tiktok.com/ZMAcPuXhE/","type":"received"}
[2025-11-18T01:59:43.053Z] [INFO] [session] Estado de conexión: connecting... {"qr":false}
[2025-11-18T01:59:43.053Z] [SUCCESS] [command] Comando ejecutado: tt {"user":"30837949124772@lid","command":"tt","args":["https://vm.tiktok.com/ZMAcPuXhE/"],"success":true,"result":null}
[2025-11-18T02:02:08.130Z] [INFO] [message] Mensaje received {"user":"status@broadcast","message":"Poquito","type":"received"}
[2025-11-18T02:30:20.458Z] [INFO] [message] Mensaje received {"user":"status@broadcast","message":"Vendo $","type":"received"}
[2025-11-18T03:29:37.599Z] [INFO] [message] Mensaje received {"user":"120363160616746507@g.us","message":"EMPEZARON A PASAR COSAS EN ESTE PAAAAIIIS","type":"received"}
[2025-11-18T03:29:40.479Z] [INFO] [message] Mensaje received {"user":"120363160616746507@g.us","message":"","type":"received"}
[2025-11-18T03:31:33.961Z] [INFO] [message] Mensaje received {"user":"120363160616746507@g.us","message":"q","type":"received"}
[2025-11-18T03:31:35.731Z] [INFO] [message] Mensaje received {"user":"120363160616746507@g.us","message":"","type":"received"}
[2025-11-18T03:31:40.884Z] [INFO] [message] Mensaje received {"user":"120363160616746507@g.us","message":"Si","type":"received"}
[2025-11-18T03:31:44.075Z] [INFO] [message] Mensaje received {"user":"120363160616746507@g.us","message":"no vio bobo?","type":"received"}
[2025-11-18T03:31:47.606Z] [INFO] [message] Mensaje received {"user":"120363160616746507@g.us","message":"q","type":"received"}
[2025-11-18T03:31:51.019Z] [INFO] [message] Mensaje received {"user":"120363160616746507@g.us","message":"Na no ta pendiente","type":"received"}
[2025-11-18T03:31:57.366Z] [INFO] [message] Mensaje received {"user":"120363160616746507@g.us","message":"Volvió a subir el dólar","type":"received"}
[2025-11-18T03:32:00.282Z] [INFO] [message] Mensaje received {"user":"120363160616746507@g.us","message":"","type":"received"}
[2025-11-18T03:32:05.356Z] [INFO] [message] Mensaje received {"user":"120363160616746507@g.us","message":"","type":"received"}
[2025-11-18T03:39:16.376Z] [INFO] [message] Mensaje received {"user":"status@broadcast","message":"","type":"received"}
[2025-11-18T03:39:19.111Z] [INFO] [message] Mensaje received {"user":"status@broadcast","message":"","type":"received"}
[2025-11-18T04:20:04.285Z] [INFO] [message] Mensaje received {"user":"120363160616746507@g.us","message":"#post 3 https://www.instagram.com/p/DRGeW-eDQKW/?img_index=2&igsh=aWp1MW94ZGY4bHAz","type":"received"}
[2025-11-18T04:20:25.211Z] [SUCCESS] [command] Comando ejecutado: post {"user":"120363160616746507@g.us","command":"post","args":["3","https://www.instagram.com/p/DRGeW-eDQKW/?img_index=2&igsh=aWp1MW94ZGY4bHAz"],"success":true,"result":null}
[2025-11-18T04:20:40.227Z] [INFO] [message] Mensaje received {"user":"status@broadcast","message":"💗","type":"received"}
[2025-11-18T13:43:53.624Z] [INFO] [system] Rotación de logs programada cada 24 horas 
[2025-11-18T13:43:53.770Z] [INFO] [system] Iniciando bot de WhatsApp... 
[2025-11-18T13:43:53.773Z] [INFO] [session] Sesión activa encontrada, manteniendo... 
[2025-11-18T13:43:53.862Z] [INFO] [system] Usando Baileys version: 2.3000.1027934701 
[2025-11-18T13:43:53.885Z] [INFO] [session] Estado de conexión: connecting {"status":"connecting","qr":false}
[2025-11-18T13:43:54.234Z] [INFO] [session] Estado de conexión: connecting... {"qr":false}
[2025-11-18T13:43:54.235Z] [INFO] [session] Estado de conexión: open {"status":"open","qr":false}
[2025-11-18T13:43:54.235Z] [SUCCESS] [session] Conexión exitosa a WhatsApp {"user":"Untrue","id":"584120614314:32@s.whatsapp.net"}
[2025-11-18T13:43:54.337Z] [INFO] [session] Estado de conexión: connecting... {"qr":false}
[2025-11-18T13:43:54.561Z] [INFO] [message] Mensaje received {"user":"status@broadcast","message":"","type":"received"}
[2025-11-18T13:44:23.630Z] [INFO] [logrotate] 🚀 Iniciando rotación automática de logs... 
[2025-11-18T13:44:23.631Z] [DEBUG] [logrotate] Rotación: No se encontraron archivos para eliminar 
[2025-11-18T13:44:23.635Z] [INFO] [logrotate] Reporte de almacenamiento {"totalFiles":47,"totalSize":1183333,"totalSizeMB":"1.13","logFiles":47,"backupFiles":0}
[2025-11-18T13:44:23.635Z] [INFO] [logrotate] ✅ Rotación completada en 4ms {"duration":4,"report":{"totalFiles":47,"totalSize":1183333,"totalSizeMB":"1.13","logFiles":47,"backupFiles":0}}
[2025-11-18T13:50:28.903Z] [INFO] [message] Mensaje received {"user":"status@broadcast","message":"","type":"received"}
[2025-11-18T13:52:23.857Z] [INFO] [message] Mensaje received {"user":"120363387470929207@g.us","message":"#ping","type":"received"}
[2025-11-18T13:52:27.997Z] [SUCCESS] [command] Comando ejecutado: ping {"user":"120363387470929207@g.us","command":"ping","args":[],"success":true,"result":null}
[2025-11-18T13:52:30.813Z] [INFO] [message] Mensaje received {"user":"120363387470929207@g.us","message":"","type":"received"}
[2025-11-18T13:52:34.583Z] [INFO] [message] Mensaje received {"user":"120363387470929207@g.us","message":"#ping","type":"received"}
[2025-11-18T13:52:34.858Z] [SUCCESS] [command] Comando ejecutado: ping {"user":"120363387470929207@g.us","command":"ping","args":[],"success":true,"result":null}
[2025-11-18T13:52:40.541Z] [INFO] [message] Mensaje received {"user":"120363387470929207@g.us","message":"Gracias jorge","type":"received"}
[2025-11-18T13:52:42.907Z] [INFO] [message] Mensaje received {"user":"120363387470929207@g.us","message":"#tt https://vm.tiktok.com/ZMAcXfXVc/","type":"received"}
[2025-11-18T13:52:44.354Z] [INFO] [message] Mensaje received {"user":"120363387470929207@g.us","message":"","type":"received"}
[2025-11-18T13:52:49.205Z] [INFO] [session] Estado de conexión: connecting... {"qr":false}
[2025-11-18T13:52:49.206Z] [SUCCESS] [command] Comando ejecutado: tt {"user":"120363387470929207@g.us","command":"tt","args":["https://vm.tiktok.com/ZMAcXfXVc/"],"success":true,"result":null}
[2025-11-18T13:52:53.505Z] [INFO] [message] Mensaje received {"user":"120363387470929207@g.us","message":"@243297515737326 feliz cumpleaños","type":"received"}
[2025-11-18T13:53:03.127Z] [INFO] [message] Mensaje received {"user":"120363387470929207@g.us","message":"le conseguí un saludo del bicho pero no le diga a nadie","type":"received"}
[2025-11-18T13:53:08.405Z] [INFO] [message] Mensaje received {"user":"120363387470929207@g.us","message":"","type":"received"}
[2025-11-18T13:53:21.619Z] [INFO] [message] Mensaje received {"user":"120363387470929207@g.us","message":"","type":"received"}
[2025-11-18T13:53:22.065Z] [INFO] [message] Mensaje received {"user":"120363387470929207@g.us","message":"","type":"received"}
[2025-11-18T13:53:44.149Z] [INFO] [message] Mensaje received {"user":"120363387470929207@g.us","message":"","type":"received"}
[2025-11-18T13:53:59.806Z] [INFO] [message] Mensaje received {"user":"120363387470929207@g.us","message":"Gracia","type":"received"}
[2025-11-18T13:54:02.953Z] [INFO] [message] Mensaje received {"user":"120363387470929207@g.us","message":"","type":"received"}
[2025-11-18T14:00:14.419Z] [INFO] [message] Mensaje received {"user":"120363160616746507@g.us","message":"#tt https://vm.tiktok.com/ZMAcXuDQR/","type":"received"}
[2025-11-18T14:00:21.493Z] [INFO] [session] Estado de conexión: connecting... {"qr":false}
[2025-11-18T14:00:21.495Z] [SUCCESS] [command] Comando ejecutado: tt {"user":"120363160616746507@g.us","command":"tt","args":["https://vm.tiktok.com/ZMAcXuDQR/"],"success":true,"result":null}
[2025-11-18T14:00:38.474Z] [INFO] [message] Mensaje received {"user":"120363160616746507@g.us","message":"@39106298044576 yo andando sin manos donde la abuela","type":"received"}
[2025-11-18T14:09:42.535Z] [INFO] [message] Mensaje received {"user":"120363160616746507@g.us","message":"#letra thom yorke dawn chorus","type":"received"}
[2025-11-18T14:09:43.397Z] [INFO] [session] Estado de conexión: connecting... {"qr":false}
[2025-11-18T14:09:43.398Z] [SUCCESS] [command] Comando ejecutado: letra {"user":"120363160616746507@g.us","command":"letra","args":["thom","yorke","dawn","chorus"],"success":true,"result":null}
[2025-11-18T14:10:41.386Z] [INFO] [message] Mensaje received {"user":"120363160616746507@g.us","message":"","type":"received"}
[2025-11-18T14:12:19.163Z] [INFO] [message] Mensaje received {"user":"120363160616746507@g.us","message":"","type":"received"}
[2025-11-18T14:12:27.632Z] [INFO] [message] Mensaje received {"user":"120363160616746507@g.us","message":"","type":"received"}
[2025-11-18T14:12:46.544Z] [INFO] [message] Mensaje received {"user":"120363160616746507@g.us","message":"","type":"received"}
[2025-11-18T14:12:56.862Z] [INFO] [message] Mensaje received {"user":"120363160616746507@g.us","message":"","type":"received"}
[2025-11-18T14:13:36.329Z] [INFO] [message] Mensaje received {"user":"120363160616746507@g.us","message":"","type":"received"}
[2025-11-18T14:13:50.210Z] [INFO] [message] Mensaje received {"user":"120363160616746507@g.us","message":"","type":"received"}
[2025-11-18T14:14:16.878Z] [INFO] [message] Mensaje received {"user":"120363160616746507@g.us","message":"","type":"received"}
[2025-11-18T14:15:32.767Z] [INFO] [message] Mensaje received {"user":"120363160616746507@g.us","message":"","type":"received"}
[2025-11-18T14:16:05.486Z] [INFO] [message] Mensaje received {"user":"120363160616746507@g.us","message":"","type":"received"}
[2025-11-18T14:19:58.347Z] [INFO] [message] Mensaje received {"user":"120363160616746507@g.us","message":"","type":"received"}
[2025-11-18T14:20:10.613Z] [INFO] [message] Mensaje received {"user":"120363160616746507@g.us","message":"","type":"received"}
[2025-11-18T14:27:59.663Z] [INFO] [message] Mensaje received {"user":"status@broadcast","message":"Actividad universitaria Fuerza Violenta","type":"received"}
[2025-11-18T15:08:29.510Z] [INFO] [message] Mensaje received {"user":"120363160616746507@g.us","message":"","type":"received"}
[2025-11-18T15:08:37.019Z] [INFO] [message] Mensaje received {"user":"120363160616746507@g.us","message":"#s","type":"received"}
[2025-11-18T15:08:41.080Z] [SUCCESS] [command] Comando ejecutado: s {"user":"120363160616746507@g.us","command":"s","args":[],"success":true,"result":null}
[2025-11-18T15:08:49.617Z] [INFO] [message] Mensaje received {"user":"120363160616746507@g.us","message":"4 a 1 🤼‍♂️","type":"received"}
[2025-11-18T15:08:53.362Z] [INFO] [message] Mensaje received {"user":"120363160616746507@g.us","message":"","type":"received"}
[2025-11-18T15:30:21.491Z] [INFO] [message] Mensaje received {"user":"120363387470929207@g.us","message":"🥹🥹🥹","type":"received"}
[2025-11-18T15:30:25.088Z] [INFO] [message] Mensaje received {"user":"120363387470929207@g.us","message":"","type":"received"}
[2025-11-18T15:33:59.587Z] [INFO] [message] Mensaje received {"user":"status@broadcast","message":"","type":"received"}
[2025-11-18T15:41:31.112Z] [INFO] [message] Mensaje received {"user":"status@broadcast","message":"","type":"received"}
[2025-11-18T15:42:53.618Z] [INFO] [message] Mensaje received {"user":"120363387470929207@g.us","message":"","type":"received"}
[2025-11-18T15:45:21.995Z] [INFO] [message] Mensaje received {"user":"status@broadcast","message":"","type":"received"}
[2025-11-18T15:45:35.594Z] [INFO] [message] Mensaje received {"user":"status@broadcast","message":"Feliz cumpleaños brositoooooo tqm♡✨\n\nGraciass🫂 (la única foto que tenia)","type":"received"}
[2025-11-18T15:47:35.111Z] [INFO] [message] Mensaje received {"user":"120363387470929207@g.us","message":"Regalito","type":"received"}
[2025-11-18T15:50:53.697Z] [INFO] [message] Mensaje received {"user":"120363387470929207@g.us","message":"","type":"received"}
[2025-11-18T15:51:04.525Z] [INFO] [message] Mensaje received {"user":"120363387470929207@g.us","message":"","type":"received"}
[2025-11-18T15:59:26.375Z] [INFO] [message] Mensaje received {"user":"120363387470929207@g.us","message":"","type":"received"}
[2025-11-18T16:10:55.306Z] [INFO] [session] Estado de conexión: close {"status":"close","qr":false}
[2025-11-18T16:10:55.306Z] [ERROR] [session] Conexión cerrada {"statusCode":428}
[2025-11-18T16:10:55.306Z] [INFO] [session] Reconectando en 5 segundos... 
[2025-11-18T16:11:00.311Z] [INFO] [system] Iniciando bot de WhatsApp... 
[2025-11-18T16:11:00.311Z] [INFO] [session] Sesión activa encontrada, manteniendo... 
[2025-11-18T16:11:00.353Z] [INFO] [system] Usando Baileys version: 2.3000.1027934701 
[2025-11-18T16:11:00.362Z] [INFO] [session] Estado de conexión: connecting {"status":"connecting","qr":false}
[2025-11-18T16:11:00.905Z] [INFO] [session] Estado de conexión: connecting... {"qr":false}
[2025-11-18T16:11:00.956Z] [INFO] [session] Estado de conexión: connecting... {"qr":false}
[2025-11-18T16:11:00.957Z] [INFO] [session] Estado de conexión: open {"status":"open","qr":false}
[2025-11-18T16:11:00.957Z] [SUCCESS] [session] Conexión exitosa a WhatsApp {"user":"Untrue","id":"584120614314:32@s.whatsapp.net"}
[2025-11-18T16:22:46.047Z] [INFO] [message] Mensaje received {"user":"status@broadcast","message":"","type":"received"}
[2025-11-18T16:30:20.134Z] [INFO] [message] Mensaje received {"user":"120363160616746507@g.us","message":"se cayó rym","type":"received"}
[2025-11-18T16:30:21.628Z] [INFO] [message] Mensaje received {"user":"120363160616746507@g.us","message":"","type":"received"}
[2025-11-18T16:30:49.876Z] [INFO] [message] Mensaje received {"user":"120363160616746507@g.us","message":"","type":"received"}
[2025-11-18T16:31:11.080Z] [INFO] [message] Mensaje received {"user":"120363160616746507@g.us","message":"q arrecho el efecto","type":"received"}
[2025-11-18T16:31:18.356Z] [INFO] [message] Mensaje received {"user":"120363160616746507@g.us","message":"lo unico q hice fue moverme","type":"received"}
[2025-11-18T16:31:56.558Z] [INFO] [message] Mensaje received {"user":"120363160616746507@g.us","message":"cuando se va la luz usa el mouse o q","type":"received"}
[2025-11-18T16:32:06.711Z] [INFO] [message] Mensaje received {"user":"120363160616746507@g.us","message":"el bicho en la sala con el mouse ps","type":"received"}
[2025-11-18T16:32:34.133Z] [INFO] [message] Mensaje received {"user":"120363160616746507@g.us","message":"https://www.reddit.com/r/radiohead/s/LRy4fnsY4Q","type":"received"}
[2025-11-18T16:33:12.884Z] [INFO] [message] Mensaje received {"user":"120363160616746507@g.us","message":"en bologna","type":"received"}
[2025-11-18T16:44:56.290Z] [INFO] [message] Mensaje received {"user":"120363160616746507@g.us","message":"apenitas volvió","type":"received"}
[2025-11-18T17:28:21.032Z] [INFO] [system] Rotación de logs programada cada 24 horas 
[2025-11-18T17:28:21.146Z] [INFO] [system] Iniciando bot de WhatsApp... 
[2025-11-18T17:28:21.148Z] [INFO] [session] Sesión activa encontrada, manteniendo... 
[2025-11-18T17:28:21.224Z] [INFO] [system] Usando Baileys version: 2.3000.1027934701 
[2025-11-18T17:28:21.235Z] [INFO] [session] Estado de conexión: connecting {"status":"connecting","qr":false}
[2025-11-18T17:28:22.313Z] [INFO] [message] Mensaje received {"user":"30837949124772@lid","message":"#post https://www.instagram.com/p/DQ70SORk0DQ/?igsh=dWplN28xczU0bHBj","type":"received"}
[2025-11-18T17:28:22.314Z] [INFO] [session] Estado de conexión: connecting... {"qr":false}
[2025-11-18T17:28:22.601Z] [INFO] [session] Estado de conexión: connecting... {"qr":false}
[2025-11-18T17:28:22.601Z] [INFO] [session] Estado de conexión: open {"status":"open","qr":false}
[2025-11-18T17:28:22.601Z] [SUCCESS] [session] Conexión exitosa a WhatsApp {"user":"Untrue","id":"584120614314:32@s.whatsapp.net"}
[2025-11-18T17:28:32.396Z] [INFO] [message] Mensaje received {"user":"30837949124772@lid","message":"#ping","type":"received"}
[2025-11-18T17:28:33.431Z] [SUCCESS] [command] Comando ejecutado: ping {"user":"30837949124772@lid","command":"ping","args":[],"success":true,"result":null}
[2025-11-18T17:28:33.681Z] [SUCCESS] [command] Comando ejecutado: post {"user":"30837949124772@lid","command":"post","args":["https://www.instagram.com/p/DQ70SORk0DQ/?igsh=dWplN28xczU0bHBj"],"success":true,"result":null}
[2025-11-18T17:28:51.037Z] [INFO] [logrotate] 🚀 Iniciando rotación automática de logs... 
[2025-11-18T17:28:51.037Z] [DEBUG] [logrotate] Rotación: No se encontraron archivos para eliminar 
[2025-11-18T17:28:51.041Z] [INFO] [logrotate] Reporte de almacenamiento {"totalFiles":47,"totalSize":1202614,"totalSizeMB":"1.15","logFiles":47,"backupFiles":0}
[2025-11-18T17:28:51.041Z] [INFO] [logrotate] ✅ Rotación completada en 4ms {"duration":4,"report":{"totalFiles":47,"totalSize":1202614,"totalSizeMB":"1.15","logFiles":47,"backupFiles":0}}
[2025-11-18T17:29:09.895Z] [INFO] [message] Mensaje received {"user":"120363387470929207@g.us","message":"#tt https://vm.tiktok.com/ZMAcb9SVB/","type":"received"}
[2025-11-18T17:29:18.486Z] [INFO] [session] Estado de conexión: connecting... {"qr":false}
[2025-11-18T17:29:18.486Z] [SUCCESS] [command] Comando ejecutado: tt {"user":"120363387470929207@g.us","command":"tt","args":["https://vm.tiktok.com/ZMAcb9SVB/"],"success":true,"result":null}
[2025-11-18T17:29:23.044Z] [INFO] [message] Mensaje received {"user":"120363387470929207@g.us","message":"@243297515737326","type":"received"}
[2025-11-18T17:29:58.099Z] [INFO] [message] Mensaje received {"user":"120363387470929207@g.us","message":"","type":"received"}
[2025-11-18T18:28:49.530Z] [INFO] [system] Rotación de logs programada cada 24 horas 
[2025-11-18T18:28:49.676Z] [INFO] [system] Iniciando bot de WhatsApp... 
[2025-11-18T18:28:49.777Z] [INFO] [session] Estado de conexión: connecting {"status":"connecting","qr":false}
[2025-11-18T18:28:49.678Z] [INFO] [session] Sesión activa encontrada, manteniendo... 
[2025-11-18T18:28:49.761Z] [INFO] [system] Usando Baileys version: 2.3000.1027934701 
[2025-11-18T18:28:50.252Z] [INFO] [session] Estado de conexión: connecting... {"qr":false}
[2025-11-18T18:28:50.257Z] [INFO] [session] Estado de conexión: connecting... {"qr":false}
[2025-11-18T18:28:50.258Z] [INFO] [session] Estado de conexión: open {"status":"open","qr":false}
[2025-11-18T18:28:50.259Z] [SUCCESS] [session] Conexión exitosa a WhatsApp {"user":"Untrue","id":"584120614314:32@s.whatsapp.net"}
[2025-11-18T18:29:17.599Z] [INFO] [message] Mensaje received {"user":"120363387470929207@g.us","message":"Na","type":"received"}
[2025-11-18T18:29:19.532Z] [INFO] [logrotate] 🚀 Iniciando rotación automática de logs... 
[2025-11-18T18:29:19.533Z] [DEBUG] [logrotate] Rotación: No se encontraron archivos para eliminar 
[2025-11-18T18:29:19.538Z] [INFO] [logrotate] Reporte de almacenamiento {"totalFiles":47,"totalSize":1205985,"totalSizeMB":"1.15","logFiles":47,"backupFiles":0}
[2025-11-18T18:29:19.539Z] [INFO] [logrotate] ✅ Rotación completada en 7ms {"duration":7,"report":{"totalFiles":47,"totalSize":1205985,"totalSizeMB":"1.15","logFiles":47,"backupFiles":0}}
[2025-11-18T18:40:00.385Z] [INFO] [system] Rotación de logs programada cada 24 horas 
[2025-11-18T18:40:00.439Z] [INFO] [system] Iniciando bot de WhatsApp... 
[2025-11-18T18:40:00.441Z] [INFO] [session] Sesión activa encontrada, manteniendo... 
[2025-11-18T18:40:00.522Z] [INFO] [system] Usando Baileys version: 2.3000.1027934701 
[2025-11-18T18:40:00.544Z] [INFO] [session] Estado de conexión: connecting {"status":"connecting","qr":false}
[2025-11-18T18:40:00.905Z] [INFO] [session] Estado de conexión: connecting... {"qr":false}
[2025-11-18T18:40:00.950Z] [INFO] [session] Estado de conexión: connecting... {"qr":false}
[2025-11-18T18:40:00.950Z] [INFO] [session] Estado de conexión: open {"status":"open","qr":false}
[2025-11-18T18:40:00.950Z] [SUCCESS] [session] Conexión exitosa a WhatsApp {"user":"Untrue","id":"584120614314:32@s.whatsapp.net"}
[2025-11-18T18:40:30.400Z] [INFO] [logrotate] 🚀 Iniciando rotación automática de logs... 
[2025-11-18T18:40:30.403Z] [DEBUG] [logrotate] Rotación: No se encontraron archivos para eliminar 
[2025-11-18T18:40:30.413Z] [INFO] [logrotate] Reporte de almacenamiento {"totalFiles":47,"totalSize":1208004,"totalSizeMB":"1.15","logFiles":47,"backupFiles":0}
[2025-11-18T18:40:30.413Z] [INFO] [logrotate] ✅ Rotación completada en 12ms {"duration":12,"report":{"totalFiles":47,"totalSize":1208004,"totalSizeMB":"1.15","logFiles":47,"backupFiles":0}}
[2025-11-18T18:40:49.839Z] [INFO] [message] Mensaje received {"user":"30837949124772@lid","message":"#ping","type":"received"}
[2025-11-18T18:40:52.334Z] [SUCCESS] [command] Comando ejecutado: ping {"user":"30837949124772@lid","command":"ping","args":[],"success":true,"result":null}
[2025-11-18T18:40:53.649Z] [INFO] [message] Mensaje received {"user":"30837949124772@lid","message":"#pin","type":"received"}
[2025-11-18T18:40:53.733Z] [SUCCESS] [command] Comando ejecutado: pin {"user":"30837949124772@lid","command":"pin","args":[],"success":true,"result":null}
[2025-11-18T18:40:58.780Z] [INFO] [message] Mensaje received {"user":"30837949124772@lid","message":"#pin momo meme","type":"received"}
[2025-11-18T18:41:00.658Z] [INFO] [session] Estado de conexión: connecting... {"qr":false}
[2025-11-18T18:41:00.660Z] [SUCCESS] [command] Comando ejecutado: pin {"user":"30837949124772@lid","command":"pin","args":["momo","meme"],"success":true,"result":null}
[2025-11-18T18:45:37.051Z] [INFO] [system] Rotación de logs programada cada 24 horas 
[2025-11-18T18:45:37.180Z] [INFO] [system] Iniciando bot de WhatsApp... 
[2025-11-18T18:45:37.205Z] [INFO] [session] Sesión activa encontrada, manteniendo... 
[2025-11-18T18:45:37.393Z] [INFO] [session] Estado de conexión: connecting {"status":"connecting","qr":false}
[2025-11-18T18:45:37.380Z] [INFO] [system] Usando Baileys version: 2.3000.1027934701 
[2025-11-18T18:45:37.684Z] [INFO] [session] Estado de conexión: connecting... {"qr":false}
[2025-11-18T18:45:37.710Z] [INFO] [session] Estado de conexión: connecting... {"qr":false}
[2025-11-18T18:45:37.711Z] [INFO] [session] Estado de conexión: open {"status":"open","qr":false}
[2025-11-18T18:45:37.711Z] [SUCCESS] [session] Conexión exitosa a WhatsApp {"user":"Untrue","id":"584120614314:32@s.whatsapp.net"}
[2025-11-18T18:45:59.858Z] [INFO] [message] Mensaje received {"user":"30837949124772@lid","message":"@ping","type":"received"}
[2025-11-18T18:46:04.271Z] [INFO] [message] Mensaje received {"user":"30837949124772@lid","message":"#ping","type":"received"}
[2025-11-18T18:46:05.677Z] [SUCCESS] [command] Comando ejecutado: ping {"user":"30837949124772@lid","command":"ping","args":[],"success":true,"result":null}
[2025-11-18T18:46:07.052Z] [INFO] [logrotate] 🚀 Iniciando rotación automática de logs... 
[2025-11-18T18:46:07.053Z] [DEBUG] [logrotate] Rotación: No se encontraron archivos para eliminar 
[2025-11-18T18:46:07.191Z] [INFO] [logrotate] Reporte de almacenamiento {"totalFiles":47,"totalSize":1212096,"totalSizeMB":"1.16","logFiles":47,"backupFiles":0}
[2025-11-18T18:46:07.216Z] [INFO] [logrotate] ✅ Rotación completada en 163ms {"duration":163,"report":{"totalFiles":47,"totalSize":1212096,"totalSizeMB":"1.16","logFiles":47,"backupFiles":0}}
[2025-11-18T18:46:09.954Z] [INFO] [message] Mensaje received {"user":"30837949124772@lid","message":"#pin momo meme","type":"received"}
[2025-11-18T18:46:12.766Z] [INFO] [session] Estado de conexión: connecting... {"qr":false}
[2025-11-18T18:46:12.841Z] [SUCCESS] [command] Comando ejecutado: pin {"user":"30837949124772@lid","command":"pin","args":["momo","meme"],"success":true,"result":null}
[2025-11-18T19:26:26.618Z] [INFO] [system] Rotación de logs programada cada 24 horas 
[2025-11-18T19:26:26.661Z] [INFO] [system] Iniciando bot de WhatsApp... 
[2025-11-18T19:26:26.663Z] [INFO] [session] Sesión activa encontrada, manteniendo... 
[2025-11-18T19:26:26.764Z] [INFO] [system] Usando Baileys version: 2.3000.1027934701 
[2025-11-18T19:26:26.777Z] [INFO] [session] Estado de conexión: connecting {"status":"connecting","qr":false}
[2025-11-18T19:26:27.223Z] [INFO] [session] Estado de conexión: connecting... {"qr":false}
[2025-11-18T19:26:27.225Z] [INFO] [session] Estado de conexión: open {"status":"open","qr":false}
[2025-11-18T19:26:27.226Z] [SUCCESS] [session] Conexión exitosa a WhatsApp {"user":"Untrue","id":"584120614314:32@s.whatsapp.net"}
[2025-11-18T19:26:27.313Z] [INFO] [session] Estado de conexión: connecting... {"qr":false}
[2025-11-18T19:26:56.631Z] [INFO] [logrotate] 🚀 Iniciando rotación automática de logs... 
[2025-11-18T19:26:56.632Z] [DEBUG] [logrotate] Rotación: No se encontraron archivos para eliminar 
[2025-11-18T19:26:56.637Z] [INFO] [logrotate] Reporte de almacenamiento {"totalFiles":47,"totalSize":1214759,"totalSizeMB":"1.16","logFiles":47,"backupFiles":0}
[2025-11-18T19:26:56.637Z] [INFO] [logrotate] ✅ Rotación completada en 5ms {"duration":5,"report":{"totalFiles":47,"totalSize":1214759,"totalSizeMB":"1.16","logFiles":47,"backupFiles":0}}
[2025-11-18T19:27:37.892Z] [INFO] [message] Mensaje received {"user":"120363160616746507@g.us","message":"","type":"received"}
[2025-11-18T19:27:45.748Z] [INFO] [message] Mensaje received {"user":"120363160616746507@g.us","message":"#ping","type":"received"}
[2025-11-18T19:27:47.135Z] [SUCCESS] [command] Comando ejecutado: ping {"user":"120363160616746507@g.us","command":"ping","args":[],"success":true,"result":null}
[2025-11-18T19:27:52.135Z] [INFO] [message] Mensaje received {"user":"120363160616746507@g.us","message":"#letra radiohead tinker tailor soldier sailor rich man poor man beggar man thief","type":"received"}
[2025-11-18T19:27:52.549Z] [INFO] [session] Estado de conexión: connecting... {"qr":false}
[2025-11-18T19:27:52.550Z] [SUCCESS] [command] Comando ejecutado: letra {"user":"120363160616746507@g.us","command":"letra","args":["radiohead","tinker","tailor","soldier","sailor","rich","man","poor","man","beggar","man","thief"],"success":true,"result":null}
[2025-11-18T19:28:28.792Z] [INFO] [message] Mensaje received {"user":"120363160616746507@g.us","message":"ta buena","type":"received"}
[2025-11-18T19:28:38.306Z] [INFO] [message] Mensaje received {"user":"120363160616746507@g.us","message":"#letra king crimson exiles","type":"received"}
[2025-11-18T19:28:39.028Z] [INFO] [session] Estado de conexión: connecting... {"qr":false}
[2025-11-18T19:28:39.029Z] [SUCCESS] [command] Comando ejecutado: letra {"user":"120363160616746507@g.us","command":"letra","args":["king","crimson","exiles"],"success":true,"result":null}
[2025-11-18T19:28:54.895Z] [INFO] [message] Mensaje received {"user":"120363160616746507@g.us","message":"","type":"received"}
[2025-11-18T19:30:12.568Z] [INFO] [message] Mensaje received {"user":"120363160616746507@g.us","message":"#letra gustavo cerati alma","type":"received"}
[2025-11-18T19:30:13.256Z] [INFO] [session] Estado de conexión: connecting... {"qr":false}
[2025-11-18T19:30:13.257Z] [SUCCESS] [command] Comando ejecutado: letra {"user":"120363160616746507@g.us","command":"letra","args":["gustavo","cerati","alma"],"success":true,"result":null}
[2025-11-18T19:35:21.791Z] [INFO] [message] Mensaje received {"user":"30837949124772@lid","message":"#pin https://pin.it/5C3iFs7v4","type":"received"}
[2025-11-18T19:35:21.892Z] [INFO] [pinterest] Iniciando descarga para Santiago. {"url":"https://pin.it/5C3iFs7v4","jid":"30837949124772@lid"}
[2025-11-18T19:35:27.423Z] [ERROR] [pinterest] Error en comando pin: Command failed: "/home/runner/workspace/.pythonlibs/bin/yt-dlp" --no-warnings --no-simulate --no-check-certificates -f "best[ext=mp4]/best[height<=1080]" --output "/tmp/pinterest-video-1763494525686.%(ext)s" "https://pin.it/5C3iFs7v4"
ERROR: [Pinterest] 66991113212317146: No video formats found!; please report this issue on  https://github.com/yt-dlp/yt-dlp/issues?q= , filling out the appropriate issue template. Confirm you are on the latest version using  yt-dlp -U
 {"error":"Error: Command failed: \"/home/runner/workspace/.pythonlibs/bin/yt-dlp\" --no-warnings --no-simulate --no-check-certificates -f \"best[ext=mp4]/best[height<=1080]\" --output \"/tmp/pinterest-video-1763494525686.%(ext)s\" \"https://pin.it/5C3iFs7v4\"\nERROR: [Pinterest] 66991113212317146: No video formats found!; please report this issue on  https://github.com/yt-dlp/yt-dlp/issues?q= , filling out the appropriate issue template. Confirm you are on the latest version using  yt-dlp -U\n\n    at genericNodeError (node:internal/errors:983:15)\n    at wrappedFn (node:internal/errors:537:14)\n    at ChildProcess.exithandler (node:child_process:415:12)\n    at ChildProcess.emit (node:events:518:28)\n    at maybeClose (node:internal/child_process:1101:16)\n    at ChildProcess._handle.onexit (node:internal/child_process:304:5)","user":"Santiago.","jid":"30837949124772@lid"}
[2025-11-18T19:35:28.168Z] [SUCCESS] [command] Comando ejecutado: pin {"user":"30837949124772@lid","command":"pin","args":["https://pin.it/5C3iFs7v4"],"success":true,"result":null}
[2025-11-18T19:38:51.227Z] [INFO] [message] Mensaje received {"user":"120363160616746507@g.us","message":"","type":"received"}
[2025-11-18T19:39:51.186Z] [INFO] [message] Mensaje received {"user":"120363160616746507@g.us","message":"#letra sui generis confesiones de invierno","type":"received"}
[2025-11-18T19:39:51.840Z] [INFO] [session] Estado de conexión: connecting... {"qr":false}
[2025-11-18T19:39:51.841Z] [SUCCESS] [command] Comando ejecutado: letra {"user":"120363160616746507@g.us","command":"letra","args":["sui","generis","confesiones","de","invierno"],"success":true,"result":null}
[2025-11-18T19:41:54.686Z] [INFO] [message] Mensaje received {"user":"120363160616746507@g.us","message":"cuanto dura esa cancion","type":"received"}
[2025-11-18T19:42:05.744Z] [INFO] [message] Mensaje received {"user":"120363160616746507@g.us","message":"4 minutos","type":"received"}
[2025-11-18T19:42:10.051Z] [INFO] [message] Mensaje received {"user":"120363160616746507@g.us","message":"alaputa","type":"received"}
[2025-11-18T19:42:17.085Z] [INFO] [message] Mensaje received {"user":"120363160616746507@g.us","message":"el bicho rapea o q","type":"received"}
[2025-11-18T19:42:23.265Z] [INFO] [message] Mensaje received {"user":"120363160616746507@g.us","message":"es lenta","type":"received"}
[2025-11-18T19:44:39.857Z] [INFO] [message] Mensaje received {"user":"120363160616746507@g.us","message":"","type":"received"}
[2025-11-18T19:46:15.132Z] [INFO] [message] Mensaje received {"user":"120363160616746507@g.us","message":"","type":"received"}
[2025-11-18T19:46:35.461Z] [INFO] [message] Mensaje received {"user":"120363160616746507@g.us","message":"escuche esto","type":"received"}
[2025-11-18T19:46:39.901Z] [INFO] [message] Mensaje received {"user":"120363160616746507@g.us","message":"parece como las de spiderland","type":"received"}
[2025-11-18T19:46:45.469Z] [INFO] [message] Mensaje received {"user":"120363160616746507@g.us","message":"pero si suena bien","type":"received"}
[2025-11-18T19:57:41.422Z] [INFO] [system] Rotación de logs programada cada 24 horas 
[2025-11-18T19:57:41.531Z] [INFO] [system] Iniciando bot de WhatsApp... 
[2025-11-18T19:57:41.533Z] [INFO] [session] Sesión activa encontrada, manteniendo... 
[2025-11-18T19:57:41.618Z] [INFO] [system] Usando Baileys version: 2.3000.1027934701 
[2025-11-18T19:57:41.628Z] [INFO] [session] Estado de conexión: connecting {"status":"connecting","qr":false}
[2025-11-18T19:57:42.044Z] [INFO] [session] Estado de conexión: connecting... {"qr":false}
[2025-11-18T19:57:42.114Z] [INFO] [session] Estado de conexión: connecting... {"qr":false}
[2025-11-18T19:57:42.128Z] [INFO] [session] Estado de conexión: open {"status":"open","qr":false}
[2025-11-18T19:57:42.128Z] [SUCCESS] [session] Conexión exitosa a WhatsApp {"user":"Untrue","id":"584120614314:32@s.whatsapp.net"}
[2025-11-18T19:57:43.044Z] [INFO] [message] Mensaje received {"user":"120363160616746507@g.us","message":"","type":"received"}
[2025-11-18T19:58:04.745Z] [INFO] [message] Mensaje received {"user":"30837949124772@lid","message":"#ping","type":"received"}
[2025-11-18T19:58:07.416Z] [SUCCESS] [command] Comando ejecutado: ping {"user":"30837949124772@lid","command":"ping","args":[],"success":true,"result":null}
[2025-11-18T19:58:11.425Z] [INFO] [logrotate] 🚀 Iniciando rotación automática de logs... 
[2025-11-18T19:58:11.426Z] [DEBUG] [logrotate] Rotación: No se encontraron archivos para eliminar 
[2025-11-18T19:58:11.433Z] [INFO] [logrotate] Reporte de almacenamiento {"totalFiles":47,"totalSize":1227447,"totalSizeMB":"1.17","logFiles":47,"backupFiles":0}
[2025-11-18T19:58:11.433Z] [INFO] [logrotate] ✅ Rotación completada en 8ms {"duration":8,"report":{"totalFiles":47,"totalSize":1227447,"totalSizeMB":"1.17","logFiles":47,"backupFiles":0}}
[2025-11-18T19:58:17.093Z] [INFO] [message] Mensaje received {"user":"30837949124772@lid","message":"#pin https://pin.it/5C3iFs7v4","type":"received"}
[2025-11-18T19:58:17.195Z] [INFO] [pinterest] Iniciando descarga para Santiago. {"url":"https://pin.it/5C3iFs7v4","jid":"30837949124772@lid"}
[2025-11-18T19:58:23.000Z] [ERROR] [pinterest] Error en comando pin: No se pudo descargar el contenido: Command failed: "/home/runner/workspace/.pythonlibs/bin/yt-dlp" --no-warnings --no-simulate --no-check-certificates --ignore-errors --write-thumbnail --skip-download -o "/tmp/pinterest-alt-1763495901278/%(title)s.%(ext)s" "https://pin.it/5C3iFs7v4"
ERROR: [Pinterest] 66991113212317146: No video formats found!; please report this issue on  https://github.com/yt-dlp/yt-dlp/issues?q= , filling out the appropriate issue template. Confirm you are on the latest version using  yt-dlp -U
 {"error":"Error: No se pudo descargar el contenido: Command failed: \"/home/runner/workspace/.pythonlibs/bin/yt-dlp\" --no-warnings --no-simulate --no-check-certificates --ignore-errors --write-thumbnail --skip-download -o \"/tmp/pinterest-alt-1763495901278/%(title)s.%(ext)s\" \"https://pin.it/5C3iFs7v4\"\nERROR: [Pinterest] 66991113212317146: No video formats found!; please report this issue on  https://github.com/yt-dlp/yt-dlp/issues?q= , filling out the appropriate issue template. Confirm you are on the latest version using  yt-dlp -U\n\n    at downloadPinterestAlternative (file:///home/runner/workspace/services/pinterestDownloader.js:178:15)\n    at process.processTicksAndRejections (node:internal/process/task_queues:105:5)\n    at async downloadPinterestContent (file:///home/runner/workspace/services/pinterestDownloader.js:124:16)\n    at async downloadPinterestMedia (file:///home/runner/workspace/services/pinterestDownloader.js:186:12)\n    at async Object.pinterestCommand [as pin] (file:///home/runner/workspace/commands/pinterest.js:37:24)\n    at async handleCommand (file:///home/runner/workspace/commands/commandHandler.js:48:13)\n    at async EventEmitter.<anonymous> (file:///home/runner/workspace/bot.js:169:25)","user":"Santiago.","jid":"30837949124772@lid"}
[2025-11-18T19:58:23.907Z] [SUCCESS] [command] Comando ejecutado: pin {"user":"30837949124772@lid","command":"pin","args":["https://pin.it/5C3iFs7v4"],"success":true,"result":null}
[2025-11-18T20:16:06.047Z] [INFO] [system] Rotación de logs programada cada 24 horas 
[2025-11-18T20:16:06.111Z] [INFO] [system] Iniciando bot de WhatsApp... 
[2025-11-18T20:16:06.113Z] [INFO] [session] Sesión activa encontrada, manteniendo... 
[2025-11-18T20:16:06.198Z] [INFO] [system] Usando Baileys version: 2.3000.1027934701 
[2025-11-18T20:16:06.211Z] [INFO] [session] Estado de conexión: connecting {"status":"connecting","qr":false}
[2025-11-18T20:16:06.783Z] [INFO] [session] Estado de conexión: connecting... {"qr":false}
[2025-11-18T20:16:06.872Z] [INFO] [session] Estado de conexión: connecting... {"qr":false}
[2025-11-18T20:16:06.872Z] [INFO] [session] Estado de conexión: open {"status":"open","qr":false}
[2025-11-18T20:16:06.873Z] [SUCCESS] [session] Conexión exitosa a WhatsApp {"user":"Untrue","id":"584120614314:32@s.whatsapp.net"}
[2025-11-18T20:16:36.069Z] [INFO] [logrotate] 🚀 Iniciando rotación automática de logs... 
[2025-11-18T20:16:36.070Z] [DEBUG] [logrotate] Rotación: No se encontraron archivos para eliminar 
[2025-11-18T20:16:36.076Z] [INFO] [logrotate] Reporte de almacenamiento {"totalFiles":47,"totalSize":1233878,"totalSizeMB":"1.18","logFiles":47,"backupFiles":0}
[2025-11-18T20:16:36.077Z] [INFO] [logrotate] ✅ Rotación completada en 8ms {"duration":8,"report":{"totalFiles":47,"totalSize":1233878,"totalSizeMB":"1.18","logFiles":47,"backupFiles":0}}
[2025-11-18T20:17:38.538Z] [INFO] [message] Mensaje received {"user":"30837949124772@lid","message":"#pin https://pin.it/5C3iFs7v4","type":"received"}
[2025-11-18T20:17:38.647Z] [ERROR] [command] Comando ejecutado: pin {"user":"30837949124772@lid","command":"pin","args":["https://pin.it/5C3iFs7v4"],"success":false,"result":"The requested module 'cheerio' does not provide an export named 'default'"}
[2025-11-18T20:17:38.647Z] [ERROR] [command] Error ejecutando pin {"error":"The requested module 'cheerio' does not provide an export named 'default'","user":"30837949124772@lid"}
[2025-11-18T20:18:52.270Z] [INFO] [system] Rotación de logs programada cada 24 horas 
[2025-11-18T20:18:52.327Z] [INFO] [system] Iniciando bot de WhatsApp... 
[2025-11-18T20:18:52.333Z] [INFO] [session] Sesión activa encontrada, manteniendo... 
[2025-11-18T20:18:52.453Z] [INFO] [system] Usando Baileys version: 2.3000.1027934701 
[2025-11-18T20:18:52.465Z] [INFO] [session] Estado de conexión: connecting {"status":"connecting","qr":false}
[2025-11-18T20:18:52.980Z] [INFO] [session] Estado de conexión: connecting... {"qr":false}
[2025-11-18T20:18:53.045Z] [INFO] [session] Estado de conexión: connecting... {"qr":false}
[2025-11-18T20:18:53.045Z] [INFO] [session] Estado de conexión: open {"status":"open","qr":false}
[2025-11-18T20:18:53.046Z] [SUCCESS] [session] Conexión exitosa a WhatsApp {"user":"Untrue","id":"584120614314:32@s.whatsapp.net"}
[2025-11-18T20:19:22.282Z] [INFO] [logrotate] 🚀 Iniciando rotación automática de logs... 
[2025-11-18T20:19:22.284Z] [DEBUG] [logrotate] Rotación: No se encontraron archivos para eliminar 
[2025-11-18T20:19:22.294Z] [INFO] [logrotate] ✅ Rotación completada en 12ms {"duration":12,"report":{"totalFiles":47,"totalSize":1237089,"totalSizeMB":"1.18","logFiles":47,"backupFiles":0}}
[2025-11-18T20:19:22.293Z] [INFO] [logrotate] Reporte de almacenamiento {"totalFiles":47,"totalSize":1237089,"totalSizeMB":"1.18","logFiles":47,"backupFiles":0}
[2025-11-18T20:20:00.836Z] [INFO] [message] Mensaje received {"user":"30837949124772@lid","message":"#pin https://pin.it/5C3iFs7v4","type":"received"}
[2025-11-18T20:20:02.168Z] [INFO] [pinterest] Iniciando descarga robusta para Santiago. {"url":"https://pin.it/5C3iFs7v4","jid":"30837949124772@lid"}
[2025-11-18T20:20:03.130Z] [ERROR] [pinterest] Error en comando pin: No se pudo descargar el pin: No se pudo encontrar URL de descarga {"error":"Error: No se pudo descargar el pin: No se pudo encontrar URL de descarga\n    at PinterestDownloader.downloadPinterestMedia (file:///home/runner/workspace/services/pinterestDownloader.js:293:19)\n    at process.processTicksAndRejections (node:internal/process/task_queues:105:5)\n    at async downloadPinterestMedia (file:///home/runner/workspace/services/pinterestDownloader.js:317:12)\n    at async Object.pinterestCommand [as pin] (file:///home/runner/workspace/commands/pinterest.js:37:24)\n    at async handleCommand (file:///home/runner/workspace/commands/commandHandler.js:48:13)\n    at async EventEmitter.<anonymous> (file:///home/runner/workspace/bot.js:169:25)","user":"Santiago.","jid":"30837949124772@lid"}
[2025-11-18T20:20:03.241Z] [SUCCESS] [command] Comando ejecutado: pin {"user":"30837949124772@lid","command":"pin","args":["https://pin.it/5C3iFs7v4"],"success":true,"result":null}
[2025-11-18T20:27:16.417Z] [INFO] [system] Rotación de logs programada cada 24 horas 
[2025-11-18T20:27:16.494Z] [INFO] [system] Iniciando bot de WhatsApp... 
[2025-11-18T20:27:16.497Z] [INFO] [session] Sesión activa encontrada, manteniendo... 
[2025-11-18T20:27:16.605Z] [INFO] [system] Usando Baileys version: 2.3000.1027934701 
[2025-11-18T20:27:16.623Z] [INFO] [session] Estado de conexión: connecting {"status":"connecting","qr":false}
[2025-11-18T20:27:17.460Z] [INFO] [session] Estado de conexión: connecting... {"qr":false}
[2025-11-18T20:27:17.620Z] [INFO] [session] Estado de conexión: connecting... {"qr":false}
[2025-11-18T20:27:17.621Z] [INFO] [session] Estado de conexión: open {"status":"open","qr":false}
[2025-11-18T20:27:17.621Z] [SUCCESS] [session] Conexión exitosa a WhatsApp {"user":"Untrue","id":"584120614314:32@s.whatsapp.net"}
[2025-11-18T20:27:46.423Z] [INFO] [logrotate] 🚀 Iniciando rotación automática de logs... 
[2025-11-18T20:27:46.423Z] [DEBUG] [logrotate] Rotación: No se encontraron archivos para eliminar 
[2025-11-18T20:27:46.428Z] [INFO] [logrotate] Reporte de almacenamiento {"totalFiles":47,"totalSize":1241502,"totalSizeMB":"1.18","logFiles":47,"backupFiles":0}
[2025-11-18T20:27:46.428Z] [INFO] [logrotate] ✅ Rotación completada en 5ms {"duration":5,"report":{"totalFiles":47,"totalSize":1241502,"totalSizeMB":"1.18","logFiles":47,"backupFiles":0}}
[2025-11-18T20:28:09.668Z] [INFO] [message] Mensaje received {"user":"120363160616746507@g.us","message":"disco de una habla","type":"received"}
[2025-11-18T20:29:06.656Z] [INFO] [message] Mensaje received {"user":"120363160616746507@g.us","message":"?","type":"received"}
[2025-11-18T20:29:18.921Z] [INFO] [message] Mensaje received {"user":"120363160616746507@g.us","message":"cuanto dura","type":"received"}
[2025-11-18T20:29:20.726Z] [INFO] [message] Mensaje received {"user":"30837949124772@lid","message":"#ping","type":"received"}
[2025-11-18T20:29:22.727Z] [SUCCESS] [command] Comando ejecutado: ping {"user":"30837949124772@lid","command":"ping","args":[],"success":true,"result":null}
[2025-11-18T20:29:32.197Z] [INFO] [message] Mensaje received {"user":"30837949124772@lid","message":"#pin https://pin.it/5C3iFs7v4","type":"received"}
[2025-11-18T20:29:32.593Z] [INFO] [pinterest] Iniciando descarga robusta para Santiago. {"url":"https://pin.it/5C3iFs7v4","jid":"30837949124772@lid"}
[2025-11-18T20:29:35.806Z] [ERROR] [pinterest] Error en comando pin: fs is not defined {"error":"ReferenceError: fs is not defined\n    at Object.pinterestCommand [as pin] (file:///home/runner/workspace/commands/pinterest.js:74:41)\n    at async handleCommand (file:///home/runner/workspace/commands/commandHandler.js:48:13)\n    at async EventEmitter.<anonymous> (file:///home/runner/workspace/bot.js:169:25)","user":"Santiago.","jid":"30837949124772@lid"}
[2025-11-18T20:29:36.331Z] [SUCCESS] [command] Comando ejecutado: pin {"user":"30837949124772@lid","command":"pin","args":["https://pin.it/5C3iFs7v4"],"success":true,"result":null}
[2025-11-18T20:29:56.618Z] [INFO] [message] Mensaje received {"user":"120363160616746507@g.us","message":"40 y algo tiene q durar","type":"received"}
[2025-11-18T20:29:58.407Z] [INFO] [message] Mensaje received {"user":"120363160616746507@g.us","message":"","type":"received"}
[2025-11-18T20:30:04.191Z] [INFO] [message] Mensaje received {"user":"120363160616746507@g.us","message":"voy a descargarlo","type":"received"}
[2025-11-18T20:30:10.414Z] [INFO] [message] Mensaje received {"user":"120363160616746507@g.us","message":"dale pues","type":"received"}
[2025-11-18T20:30:34.667Z] [INFO] [message] Mensaje received {"user":"120363160616746507@g.us","message":"46m","type":"received"}
[2025-11-18T20:30:42.456Z] [INFO] [message] Mensaje received {"user":"120363160616746507@g.us","message":"3.73","type":"received"}
[2025-11-18T20:31:33.301Z] [INFO] [message] Mensaje received {"user":"120363160616746507@g.us","message":"lo mismo q islands","type":"received"}
[2025-11-18T20:33:17.555Z] [INFO] [message] Mensaje received {"user":"120363160616746507@g.us","message":"arrecho","type":"received"}
[2025-11-18T20:33:46.968Z] [INFO] [message] Mensaje received {"user":"120363160616746507@g.us","message":"liayo","type":"received"}
[2025-11-18T20:33:49.048Z] [INFO] [message] Mensaje received {"user":"120363160616746507@g.us","message":"listo","type":"received"}
[2025-11-18T20:34:34.318Z] [INFO] [message] Mensaje received {"user":"120363160616746507@g.us","message":"dicen las reseñas q es muy diferente a los anteriores y vanguardista","type":"received"}
[2025-11-18T20:34:44.433Z] [INFO] [message] Mensaje received {"user":"120363160616746507@g.us","message":"listo igual","type":"received"}
[2025-11-18T20:34:45.651Z] [INFO] [message] Mensaje received {"user":"120363160616746507@g.us","message":"habla","type":"received"}
[2025-11-18T20:35:28.840Z] [INFO] [message] Mensaje received {"user":"120363160616746507@g.us","message":"","type":"received"}
[2025-11-18T20:35:32.007Z] [INFO] [message] Mensaje received {"user":"120363160616746507@g.us","message":"aja","type":"received"}
[2025-11-18T20:35:51.264Z] [INFO] [message] Mensaje received {"user":"120363160616746507@g.us","message":"aja","type":"received"}
[2025-11-18T20:35:52.201Z] [INFO] [message] Mensaje received {"user":"120363160616746507@g.us","message":"voy","type":"received"}
[2025-11-18T20:35:59.436Z] [INFO] [message] Mensaje received {"user":"120363160616746507@g.us","message":"","type":"received"}
[2025-11-18T20:36:04.120Z] [INFO] [message] Mensaje received {"user":"120363160616746507@g.us","message":"","type":"received"}
[2025-11-18T20:36:12.205Z] [INFO] [message] Mensaje received {"user":"120363160616746507@g.us","message":"sapegato pq comienza así","type":"received"}
[2025-11-18T20:36:13.236Z] [INFO] [message] Mensaje received {"user":"120363160616746507@g.us","message":"sin rodeos","type":"received"}
[2025-11-18T20:36:41.769Z] [INFO] [message] Mensaje received {"user":"120363160616746507@g.us","message":"ya podemos escuchar disco los tres 🤼‍♂️","type":"received"}
[2025-11-18T20:36:45.219Z] [INFO] [message] Mensaje received {"user":"120363160616746507@g.us","message":"q ta lleno de improvisaciones","type":"received"}
[2025-11-18T20:36:50.256Z] [INFO] [message] Mensaje received {"user":"120363160616746507@g.us","message":"","type":"received"}
[2025-11-18T20:36:57.435Z] [INFO] [message] Mensaje received {"user":"120363160616746507@g.us","message":"","type":"received"}
[2025-11-18T20:36:59.160Z] [INFO] [message] Mensaje received {"user":"120363160616746507@g.us","message":"sisa pq son temas en vivo y dsps arreglados","type":"received"}
[2025-11-18T20:37:07.429Z] [INFO] [message] Mensaje received {"user":"120363160616746507@g.us","message":"como providence","type":"received"}
[2025-11-18T20:37:14.083Z] [INFO] [message] Mensaje received {"user":"120363160616746507@g.us","message":"pero providence es impro completa ps","type":"received"}
[2025-11-18T20:37:19.276Z] [INFO] [message] Mensaje received {"user":"120363160616746507@g.us","message":"hay q meterle a ese otra vez","type":"received"}
[2025-11-18T20:37:26.348Z] [INFO] [message] Mensaje received {"user":"120363160616746507@g.us","message":"red?","type":"received"}
[2025-11-18T20:37:30.729Z] [INFO] [message] Mensaje received {"user":"120363160616746507@g.us","message":"maldita actualización de WhatsApp nojoda","type":"received"}
[2025-11-18T20:37:40.857Z] [INFO] [message] Mensaje received {"user":"120363160616746507@g.us","message":"va uno a responder y lo mete pa otra ventana","type":"received"}
[2025-11-18T20:37:41.534Z] [INFO] [message] Mensaje received {"user":"120363160616746507@g.us","message":"","type":"received"}
[2025-11-18T20:39:05.445Z] [INFO] [message] Mensaje received {"user":"30837949124772@lid","message":"#pin https://pin.it/6LBJVOS7j","type":"received"}
[2025-11-18T20:39:05.852Z] [INFO] [pinterest] Iniciando descarga robusta para Santiago. {"url":"https://pin.it/6LBJVOS7j","jid":"30837949124772@lid"}
[2025-11-18T20:39:09.479Z] [ERROR] [pinterest] Error en comando pin: fs is not defined {"error":"ReferenceError: fs is not defined\n    at Object.pinterestCommand [as pin] (file:///home/runner/workspace/commands/pinterest.js:74:41)\n    at async handleCommand (file:///home/runner/workspace/commands/commandHandler.js:48:13)\n    at async EventEmitter.<anonymous> (file:///home/runner/workspace/bot.js:169:25)","user":"Santiago.","jid":"30837949124772@lid"}
[2025-11-18T20:39:09.980Z] [SUCCESS] [command] Comando ejecutado: pin {"user":"30837949124772@lid","command":"pin","args":["https://pin.it/6LBJVOS7j"],"success":true,"result":null}
[2025-11-18T20:39:27.186Z] [INFO] [message] Mensaje received {"user":"120363160616746507@g.us","message":"q arrecho q red es como el sonido final de esa trayectoria","type":"received"}
[2025-11-18T20:39:34.438Z] [INFO] [message] Mensaje received {"user":"status@broadcast","message":"","type":"received"}
[2025-11-18T20:39:44.751Z] [INFO] [message] Mensaje received {"user":"120363160616746507@g.us","message":"el junte de toda la experiencia ps pa sacar esa masterpiece","type":"received"}
[2025-11-18T20:39:58.083Z] [INFO] [message] Mensaje received {"user":"status@broadcast","message":"","type":"received"}
[2025-11-18T20:39:58.464Z] [INFO] [message] Mensaje received {"user":"120363160616746507@g.us","message":"lament","type":"received"}
[2025-11-18T20:40:53.587Z] [INFO] [message] Mensaje received {"user":"120363160616746507@g.us","message":"ta bueno este","type":"received"}
[2025-11-18T20:41:26.101Z] [INFO] [message] Mensaje received {"user":"120363160616746507@g.us","message":"se viene algo","type":"received"}
[2025-11-18T20:42:08.702Z] [INFO] [message] Mensaje received {"user":"120363160616746507@g.us","message":"","type":"received"}
[2025-11-18T20:42:17.767Z] [INFO] [message] Mensaje received {"user":"120363160616746507@g.us","message":"la q viene y las ultimas dos son instrumental 🤼‍♂️","type":"received"}
[2025-11-18T20:42:32.825Z] [INFO] [message] Mensaje received {"user":"120363160616746507@g.us","message":"la quinta tmb","type":"received"}
[2025-11-18T20:43:35.602Z] [INFO] [message] Mensaje received {"user":"120363160616746507@g.us","message":"y uste como sabe","type":"received"}
[2025-11-18T20:43:49.238Z] [INFO] [message] Mensaje received {"user":"120363160616746507@g.us","message":"#letra king crimson lament","type":"received"}
[2025-11-18T20:43:50.647Z] [INFO] [session] Estado de conexión: connecting... {"qr":false}
[2025-11-18T20:43:50.648Z] [SUCCESS] [command] Comando ejecutado: letra {"user":"120363160616746507@g.us","command":"letra","args":["king","crimson","lament"],"success":true,"result":null}
[2025-11-18T20:43:54.229Z] [INFO] [message] Mensaje received {"user":"120363160616746507@g.us","message":"Here’s a detailed breakdown of Starless and Bible Black, the album by King Crimson:\n\n\n---\n\nKey Data ...","type":"received"}
[2025-11-18T20:44:09.104Z] [INFO] [message] Mensaje received {"user":"120363160616746507@g.us","message":"","type":"received"}
[2025-11-18T20:44:12.973Z] [INFO] [message] Mensaje received {"user":"120363160616746507@g.us","message":"well","type":"received"}
[2025-11-18T20:46:20.840Z] [INFO] [message] Mensaje received {"user":"120363160616746507@g.us","message":"Artist: King Crimson \n\nAlbum Type: Studio / Live (hybrid) \n\nRelease Date: 29 March 1974 \n\nRecorded:\n...","type":"received"}
[2025-11-18T20:47:28.319Z] [INFO] [system] Rotación de logs programada cada 24 horas 
[2025-11-18T20:47:28.377Z] [INFO] [system] Iniciando bot de WhatsApp... 
[2025-11-18T20:47:28.379Z] [INFO] [session] Sesión activa encontrada, manteniendo... 
[2025-11-18T20:47:28.467Z] [INFO] [system] Usando Baileys version: 2.3000.1023223821 
[2025-11-18T20:47:28.480Z] [INFO] [session] Estado de conexión: connecting {"status":"connecting","qr":false}
[2025-11-18T20:47:30.834Z] [INFO] [session] Estado de conexión: close {"status":"close","qr":false}
[2025-11-18T20:47:30.835Z] [ERROR] [session] Conexión cerrada {"statusCode":405}
[2025-11-18T20:47:30.835Z] [INFO] [session] Reconectando en 5 segundos... 
[2025-11-18T20:47:35.837Z] [INFO] [system] Iniciando bot de WhatsApp... 
[2025-11-18T20:47:35.837Z] [INFO] [session] Sesión activa encontrada, manteniendo... 
[2025-11-18T20:47:35.881Z] [INFO] [system] Usando Baileys version: 2.3000.1023223821 
[2025-11-18T20:47:35.885Z] [INFO] [session] Estado de conexión: connecting {"status":"connecting","qr":false}
[2025-11-18T20:47:37.352Z] [INFO] [session] Estado de conexión: close {"status":"close","qr":false}
[2025-11-18T20:47:37.352Z] [ERROR] [session] Conexión cerrada {"statusCode":405}
[2025-11-18T20:47:37.352Z] [INFO] [session] Reconectando en 5 segundos... 
[2025-11-18T20:47:42.353Z] [INFO] [system] Iniciando bot de WhatsApp... 
[2025-11-18T20:47:42.354Z] [INFO] [session] Sesión activa encontrada, manteniendo... 
[2025-11-18T20:47:42.396Z] [INFO] [system] Usando Baileys version: 2.3000.1023223821 
[2025-11-18T20:47:42.400Z] [INFO] [session] Estado de conexión: connecting {"status":"connecting","qr":false}
[2025-11-18T20:47:44.454Z] [ERROR] [session] Conexión cerrada {"statusCode":405}
[2025-11-18T20:47:44.454Z] [INFO] [session] Estado de conexión: close {"status":"close","qr":false}
[2025-11-18T20:47:44.454Z] [INFO] [session] Reconectando en 5 segundos... 
[2025-11-18T20:47:49.455Z] [INFO] [system] Iniciando bot de WhatsApp... 
[2025-11-18T20:47:49.456Z] [INFO] [session] Sesión activa encontrada, manteniendo... 
[2025-11-18T20:47:49.502Z] [INFO] [session] Estado de conexión: connecting {"status":"connecting","qr":false}
[2025-11-18T20:47:49.500Z] [INFO] [system] Usando Baileys version: 2.3000.1023223821 
[2025-11-18T20:47:53.079Z] [INFO] [session] Estado de conexión: close {"status":"close","qr":false}
[2025-11-18T20:47:53.079Z] [ERROR] [session] Conexión cerrada {"statusCode":405}
[2025-11-18T20:47:53.079Z] [INFO] [session] Reconectando en 5 segundos... 
[2025-11-18T20:47:58.086Z] [INFO] [system] Iniciando bot de WhatsApp... 
[2025-11-18T20:47:58.086Z] [INFO] [session] Sesión activa encontrada, manteniendo... 
[2025-11-18T20:47:58.132Z] [INFO] [system] Usando Baileys version: 2.3000.1023223821 
[2025-11-18T20:47:58.137Z] [INFO] [session] Estado de conexión: connecting {"status":"connecting","qr":false}
[2025-11-18T20:47:58.319Z] [INFO] [logrotate] 🚀 Iniciando rotación automática de logs... 
[2025-11-18T20:47:58.320Z] [DEBUG] [logrotate] Rotación: No se encontraron archivos para eliminar 
[2025-11-18T20:47:58.329Z] [INFO] [logrotate] Reporte de almacenamiento {"totalFiles":47,"totalSize":1263287,"totalSizeMB":"1.20","logFiles":47,"backupFiles":0}
[2025-11-18T20:47:58.329Z] [INFO] [logrotate] ✅ Rotación completada en 9ms {"duration":9,"report":{"totalFiles":47,"totalSize":1263287,"totalSizeMB":"1.20","logFiles":47,"backupFiles":0}}
[2025-11-18T20:48:03.541Z] [INFO] [system] Rotación de logs programada cada 24 horas 
[2025-11-18T20:48:03.627Z] [INFO] [system] Iniciando bot de WhatsApp... 
[2025-11-18T20:48:03.630Z] [INFO] [session] Sesión activa encontrada, manteniendo... 
[2025-11-18T20:48:03.724Z] [INFO] [system] Usando Baileys version: 2.3000.1023223821 
[2025-11-18T20:48:03.736Z] [INFO] [session] Estado de conexión: connecting {"status":"connecting","qr":false}
[2025-11-18T20:48:08.971Z] [INFO] [session] Estado de conexión: close {"status":"close","qr":false}
[2025-11-18T20:48:08.972Z] [INFO] [session] Reconectando en 5 segundos... 
[2025-11-18T20:48:08.972Z] [ERROR] [session] Conexión cerrada {"statusCode":405}
[2025-11-18T20:48:13.974Z] [INFO] [system] Iniciando bot de WhatsApp... 
[2025-11-18T20:48:13.975Z] [INFO] [session] Sesión activa encontrada, manteniendo... 
[2025-11-18T20:48:14.020Z] [INFO] [system] Usando Baileys version: 2.3000.1023223821 
[2025-11-18T20:48:14.023Z] [INFO] [session] Estado de conexión: connecting {"status":"connecting","qr":false}
[2025-11-18T20:48:21.039Z] [INFO] [system] Rotación de logs programada cada 24 horas 
[2025-11-18T20:48:21.094Z] [INFO] [system] Iniciando bot de WhatsApp... 
[2025-11-18T20:48:21.096Z] [INFO] [session] Sesión activa encontrada, manteniendo... 
[2025-11-18T20:48:21.189Z] [INFO] [system] Usando Baileys version: 2.3000.1023223821 
[2025-11-18T20:48:21.204Z] [INFO] [session] Estado de conexión: connecting {"status":"connecting","qr":false}
[2025-11-18T20:48:23.539Z] [INFO] [session] Estado de conexión: close {"status":"close","qr":false}
[2025-11-18T20:48:23.539Z] [ERROR] [session] Conexión cerrada {"statusCode":405}
[2025-11-18T20:48:23.539Z] [INFO] [session] Reconectando en 5 segundos... 
[2025-11-18T20:48:39.917Z] [INFO] [system] Rotación de logs programada cada 24 horas 
[2025-11-18T20:48:39.972Z] [INFO] [system] Iniciando bot de WhatsApp... 
[2025-11-18T20:48:39.982Z] [INFO] [session] Sesiones anteriores eliminadas (no había sesión activa) 
[2025-11-18T20:48:40.185Z] [INFO] [system] Usando Baileys version: 2.3000.1023223821 
[2025-11-18T20:48:40.200Z] [INFO] [session] Estado de conexión: connecting {"status":"connecting","qr":false}
[2025-11-18T20:48:42.175Z] [INFO] [session] Estado de conexión: close {"status":"close","qr":false}
[2025-11-18T20:48:42.175Z] [INFO] [session] Reconectando en 5 segundos... 
[2025-11-18T20:48:42.175Z] [ERROR] [session] Conexión cerrada {"statusCode":405}
[2025-11-18T20:49:16.117Z] [INFO] [system] Rotación de logs programada cada 24 horas 
[2025-11-18T20:49:16.179Z] [INFO] [system] Iniciando bot de WhatsApp... 
[2025-11-18T20:49:16.197Z] [INFO] [session] Sesiones anteriores eliminadas (no había sesión activa) 
[2025-11-18T20:49:16.566Z] [INFO] [system] Usando Baileys version: 2.3000.1023223821 
[2025-11-18T20:49:16.595Z] [INFO] [session] Estado de conexión: connecting {"status":"connecting","qr":false}
[2025-11-18T20:49:19.211Z] [INFO] [session] Estado de conexión: close {"status":"close","qr":false}
[2025-11-18T20:49:19.212Z] [ERROR] [session] Conexión cerrada {"statusCode":405}
[2025-11-18T20:49:19.212Z] [INFO] [session] Reconectando en 5 segundos... 
[2025-11-18T20:49:24.211Z] [INFO] [system] Iniciando bot de WhatsApp... 
[2025-11-18T20:49:24.213Z] [INFO] [session] Sesiones anteriores eliminadas (no había sesión activa) 
[2025-11-18T20:49:24.291Z] [INFO] [system] Usando Baileys version: 2.3000.1023223821 
[2025-11-18T20:49:24.294Z] [INFO] [session] Estado de conexión: connecting {"status":"connecting","qr":false}
[2025-11-18T20:49:26.088Z] [INFO] [session] Estado de conexión: close {"status":"close","qr":false}
[2025-11-18T20:49:26.089Z] [ERROR] [session] Conexión cerrada {"statusCode":405}
[2025-11-18T20:49:26.089Z] [INFO] [session] Reconectando en 5 segundos... 
[2025-11-18T20:49:31.090Z] [INFO] [system] Iniciando bot de WhatsApp... 
[2025-11-18T20:49:31.091Z] [INFO] [session] Sesiones anteriores eliminadas (no había sesión activa) 
[2025-11-18T20:49:31.142Z] [INFO] [system] Usando Baileys version: 2.3000.1023223821 
[2025-11-18T20:49:31.144Z] [INFO] [session] Estado de conexión: connecting {"status":"connecting","qr":false}
[2025-11-18T20:49:35.179Z] [INFO] [session] Estado de conexión: close {"status":"close","qr":false}
[2025-11-18T20:49:35.179Z] [ERROR] [session] Conexión cerrada {"statusCode":405}
[2025-11-18T20:49:35.180Z] [INFO] [session] Reconectando en 5 segundos... 
[2025-11-18T20:49:40.184Z] [INFO] [system] Iniciando bot de WhatsApp... 
[2025-11-18T20:49:40.185Z] [INFO] [session] Sesiones anteriores eliminadas (no había sesión activa) 
[2025-11-18T20:49:40.239Z] [INFO] [system] Usando Baileys version: 2.3000.1023223821 
[2025-11-18T20:49:40.245Z] [INFO] [session] Estado de conexión: connecting {"status":"connecting","qr":false}
[2025-11-18T20:49:42.222Z] [INFO] [session] Estado de conexión: close {"status":"close","qr":false}
[2025-11-18T20:49:42.222Z] [ERROR] [session] Conexión cerrada {"statusCode":405}
[2025-11-18T20:49:42.222Z] [INFO] [session] Reconectando en 5 segundos... 
[2025-11-18T20:49:46.118Z] [INFO] [logrotate] 🚀 Iniciando rotación automática de logs... 
[2025-11-18T20:49:46.119Z] [DEBUG] [logrotate] Rotación: No se encontraron archivos para eliminar 
[2025-11-18T20:49:46.124Z] [INFO] [logrotate] Reporte de almacenamiento {"totalFiles":47,"totalSize":1272968,"totalSizeMB":"1.21","logFiles":47,"backupFiles":0}
[2025-11-18T20:49:46.124Z] [INFO] [logrotate] ✅ Rotación completada en 5ms {"duration":5,"report":{"totalFiles":47,"totalSize":1272968,"totalSizeMB":"1.21","logFiles":47,"backupFiles":0}}
[2025-11-18T20:49:47.224Z] [INFO] [system] Iniciando bot de WhatsApp... 
[2025-11-18T20:49:47.225Z] [INFO] [session] Sesiones anteriores eliminadas (no había sesión activa) 
[2025-11-18T20:49:47.276Z] [INFO] [system] Usando Baileys version: 2.3000.1023223821 
[2025-11-18T20:49:47.278Z] [INFO] [session] Estado de conexión: connecting {"status":"connecting","qr":false}
[2025-11-18T20:52:51.910Z] [INFO] [system] Rotación de logs programada cada 24 horas 
[2025-11-18T20:52:51.965Z] [INFO] [system] Iniciando bot de WhatsApp... 
[2025-11-18T20:52:52.165Z] [INFO] [system] Usando Baileys version: 2.3000.1023223821 
[2025-11-18T20:52:52.176Z] [INFO] [session] Estado de conexión: connecting {"status":"connecting","qr":false}
[2025-11-18T20:52:55.044Z] [INFO] [session] Estado de conexión: close {"status":"close","qr":false}
[2025-11-18T20:52:55.045Z] [ERROR] [session] Conexión cerrada {"statusCode":405,"error":"Connection Failure"}
[2025-11-18T20:52:55.045Z] [INFO] [session] Reconectando en 5 segundos... 
[2025-11-18T20:53:00.045Z] [INFO] [system] Iniciando bot de WhatsApp... 
[2025-11-18T20:53:00.046Z] [INFO] [session] No hay sesiones previas 
[2025-11-18T20:53:00.095Z] [INFO] [system] Usando Baileys version: 2.3000.1023223821 
[2025-11-18T20:53:00.100Z] [INFO] [session] Estado de conexión: connecting {"status":"connecting","qr":false}
[2025-11-18T20:53:02.319Z] [INFO] [session] Estado de conexión: close {"status":"close","qr":false}
[2025-11-18T20:53:02.319Z] [ERROR] [session] Conexión cerrada {"statusCode":405,"error":"Connection Failure"}
[2025-11-18T20:53:02.320Z] [INFO] [session] Reconectando en 5 segundos... 
[2025-11-18T23:16:06.572Z] [INFO] [system] Rotación de logs programada cada 24 horas 
[2025-11-18T23:16:06.641Z] [INFO] [system] Iniciando bot de WhatsApp (intento 1) 
[2025-11-18T23:16:06.884Z] [ERROR] [system] Error crítico al iniciar bot {"error":"logger.child is not a function","attempt":1}
[2025-11-18T23:16:06.884Z] [INFO] [system] Reintentando en 2956.471239387489ms... 
[2025-11-18T23:16:09.842Z] [INFO] [system] Iniciando bot de WhatsApp (intento 2) 
[2025-11-18T23:16:09.870Z] [ERROR] [system] Error crítico al iniciar bot {"error":"logger.child is not a function","attempt":2}
[2025-11-18T23:16:09.870Z] [INFO] [system] Reintentando en 4940.4760307067145ms... 
[2025-11-18T23:16:14.811Z] [INFO] [system] Iniciando bot de WhatsApp (intento 3) 
[2025-11-18T23:16:14.836Z] [ERROR] [system] Error crítico al iniciar bot {"error":"logger.child is not a function","attempt":3}
[2025-11-18T23:16:14.836Z] [INFO] [system] Reintentando en 8089.860090566312ms... 
