[2025-11-20T00:07:00.209Z] [INFO] [bcv] Consultando precio del dólar para Jorge sosa {"jid":"120363387470929207@g.us"}
[2025-11-20T00:07:00.788Z] [SUCCESS] [bcv] Precio del dólar enviado a Jorge sosa {"price":"240.3209 Bs","jid":"120363387470929207@g.us"}
[2025-11-20T00:07:22.894Z] [INFO] [bcv] Consultando precio del dólar para Jorge sosa {"jid":"120363387470929207@g.us"}
[2025-11-20T00:07:23.554Z] [SUCCESS] [bcv] Precio del dólar enviado a Jorge sosa {"price":"240.3209 Bs","jid":"120363387470929207@g.us"}
[2025-11-20T03:32:52.017Z] [INFO] [bcv] Consultando precio del dólar para Santiago. {"jid":"30837949124772@lid"}
[2025-11-20T03:32:52.621Z] [SUCCESS] [bcv] Precio del dólar enviado a Santiago. {"price":"240.3209 Bs","jid":"30837949124772@lid"}
[2025-11-20T04:58:12.759Z] [INFO] [pinterest] Iniciando descarga para Santiago. {"url":"https://pin.it/4GiQ3tbca","jid":"30837949124772@lid"}
[2025-11-20T04:58:27.922Z] [SUCCESS] [pinterest] Descarga completada para Santiago. {"url":"https://pin.it/4GiQ3tbca","type":"video","fileSize":1862289,"jid":"30837949124772@lid"}
[2025-11-20T04:59:50.542Z] [INFO] [pinterest] Iniciando descarga para Santiago. {"url":"https://pin.it/4ifJKKqQA","jid":"30837949124772@lid"}
[2025-11-20T05:00:01.863Z] [SUCCESS] [pinterest] Descarga completada para Santiago. {"url":"https://pin.it/4ifJKKqQA","type":"video","fileSize":1399370,"jid":"30837949124772@lid"}
[2025-11-20T05:02:09.548Z] [INFO] [pinterest] Iniciando descarga para Santiago. {"url":"https://pin.it/4FUHZuDXx","jid":"30837949124772@lid"}
[2025-11-20T05:02:17.927Z] [SUCCESS] [pinterest] Descarga completada para Santiago. {"url":"https://pin.it/4FUHZuDXx","type":"video","fileSize":3255482,"jid":"30837949124772@lid"}
[2025-11-20T05:03:32.148Z] [INFO] [pinterest] Iniciando descarga para Santiago. {"url":"https://pin.it/5qfOllCe5","jid":"30837949124772@lid"}
[2025-11-20T05:03:42.842Z] [SUCCESS] [pinterest] Descarga completada para Santiago. {"url":"https://pin.it/5qfOllCe5","type":"video","fileSize":2111053,"jid":"30837949124772@lid"}
[2025-11-20T05:07:15.618Z] [INFO] [pinterest] Iniciando descarga para Santiago. {"url":"https://pin.it/2KEGAcfGY","jid":"30837949124772@lid"}
[2025-11-20T05:07:25.929Z] [SUCCESS] [pinterest] Descarga completada para Santiago. {"url":"https://pin.it/2KEGAcfGY","type":"video","fileSize":1936185,"jid":"30837949124772@lid"}
[2025-11-20T05:07:27.378Z] [INFO] [pinterest] Iniciando descarga para Santiago. {"url":"https://pin.it/5TobM85W9","jid":"30837949124772@lid"}
[2025-11-20T05:07:43.290Z] [SUCCESS] [pinterest] Descarga completada para Santiago. {"url":"https://pin.it/5TobM85W9","type":"video","fileSize":2666593,"jid":"30837949124772@lid"}
[2025-11-20T13:08:19.152Z] [INFO] [bcv] Consultando precio del dólar para Jdyooss {"jid":"120363387470929207@g.us"}
[2025-11-20T13:08:19.891Z] [SUCCESS] [bcv] Precio del dólar enviado a Jdyooss {"price":"240.3209 Bs","jid":"120363387470929207@g.us"}
[2025-11-20T13:58:13.766Z] [INFO] [bcv] Consultando precio del dólar para Jdyooss {"jid":"120363387470929207@g.us"}
[2025-11-20T13:58:14.507Z] [SUCCESS] [bcv] Precio del dólar enviado a Jdyooss {"price":"240.3209 Bs","jid":"120363387470929207@g.us"}
[2025-11-20T15:38:17.167Z] [INFO] [bcv] Consultando precio del dólar para Santiago. {"jid":"30837949124772@lid"}
[2025-11-20T15:38:18.098Z] [SUCCESS] [bcv] Precio del dólar enviado a Santiago. {"price":"240.3209 Bs","jid":"30837949124772@lid"}
[2025-11-20T18:17:53.818Z] [INFO] [bcv] Consultando precio del dólar para Santiago. {"jid":"120363387470929207@g.us"}
[2025-11-20T18:17:54.493Z] [SUCCESS] [bcv] Precio del dólar enviado a Santiago. {"price":"240.3209 Bs","jid":"120363387470929207@g.us"}
[2025-11-20T18:17:57.575Z] [INFO] [bcv] Consultando precio del dólar para Jdyooss {"jid":"120363387470929207@g.us"}
[2025-11-20T18:17:58.116Z] [SUCCESS] [bcv] Precio del dólar enviado a Jdyooss {"price":"240.3209 Bs","jid":"120363387470929207@g.us"}
[2025-11-20T18:43:42.429Z] [INFO] [message] Mensaje received {"user":"120363387470929207@g.us","message":"#ytaudio ghost in the shell nsqk","type":"received"}
[2025-11-20T18:43:59.377Z] [SUCCESS] [command] Comando ejecutado: ytaudio {"user":"120363387470929207@g.us","command":"ytaudio","args":["ghost","in","the","shell","nsqk"],"success":true,"result":{"type":"audio"}}
[2025-11-20T19:45:18.801Z] [INFO] [bcv] Consultando precio del dólar para Santiago. {"jid":"30837949124772@lid"}
[2025-11-20T19:45:19.382Z] [SUCCESS] [bcv] Precio del dólar enviado a Santiago. {"price":"240.3209 Bs","jid":"30837949124772@lid"}
[2025-11-20T20:34:56.072Z] [INFO] [bcv] Consultando precio del dólar para Santiago. {"jid":"120363387470929207@g.us"}
[2025-11-20T20:34:56.642Z] [SUCCESS] [bcv] Precio del dólar enviado a Santiago. {"price":"240.3209 Bs","jid":"120363387470929207@g.us"}
[2025-11-20T20:58:41.758Z] [INFO] [bcv] Consultando precio del dólar para Santiago. {"jid":"30837949124772@lid"}
[2025-11-20T20:58:42.364Z] [SUCCESS] [bcv] Precio del dólar enviado a Santiago. {"price":"240.3209 Bs","jid":"30837949124772@lid"}
[2025-11-20T21:13:20.429Z] [INFO] [bcv] Consultando precio del dólar para Santiago. {"jid":"30837949124772@lid"}
[2025-11-20T21:13:21.142Z] [SUCCESS] [bcv] Precio del dólar enviado a Santiago. {"price":"241.5780 Bs","jid":"30837949124772@lid"}
[2025-11-20T21:13:28.054Z] [INFO] [bcv] Consultando precio del dólar para Santiago. {"jid":"120363387470929207@g.us"}
[2025-11-20T21:13:28.607Z] [SUCCESS] [bcv] Precio del dólar enviado a Santiago. {"price":"241.5780 Bs","jid":"120363387470929207@g.us"}
[2025-11-20T23:34:10.093Z] [INFO] [bcv] Consultando precio del dólar para Santiago. {"jid":"120363387470929207@g.us"}
[2025-11-20T23:34:10.732Z] [SUCCESS] [bcv] Precio del dólar enviado a Santiago. {"price":"241.5780 Bs","jid":"120363387470929207@g.us"}
