[2025-11-17T21:47:39.362Z] 120363160616746507@g.us -> letra [] -> ÉXITO
[2025-11-17T21:50:06.610Z] 120363160616746507@g.us -> letra [] -> ÉXITO
[2025-11-17T21:50:14.694Z] 120363160616746507@g.us -> letra ["radiohead","airbag"] -> ÉXITO
[2025-11-17T21:53:53.350Z] 120363160616746507@g.us -> letra ["airbag","radiohead"] -> ÉXITO
[2025-11-17T21:57:26.226Z] 120363160616746507@g.us -> letra ["trouble","coldplay"] -> ÉXITO
[2025-11-17T21:58:46.653Z] 120363160616746507@g.us -> letra ["airbag","radiohead"] -> ÉXITO
[2025-11-17T22:11:49.310Z] 120363160616746507@g.us -> letra [] -> ÉXITO
[2025-11-17T22:11:54.450Z] 120363160616746507@g.us -> letra ["airbag","radiohead"] -> ÉXITO
[2025-11-17T22:14:20.570Z] 120363160616746507@g.us -> letra ["airbag","radiohead"] -> ÉXITO
[2025-11-17T22:35:46.002Z] 120363160616746507@g.us -> letra ["airbag","radiohead"] -> ÉXITO
[2025-11-17T22:36:02.364Z] 120363160616746507@g.us -> letra ["radiohead","airbag"] -> ÉXITO
[2025-11-17T22:37:31.832Z] 120363160616746507@g.us -> letra ["Radiohead","-","Airbag"] -> ÉXITO
[2025-11-17T22:40:36.043Z] 120363160616746507@g.us -> letra ["Nsqk","-","Cienciaficción"] -> ÉXITO
[2025-11-17T22:55:25.500Z] 30837949124772@lid -> letra ["nsqk","cienciaficción"] -> ÉXITO
[2025-11-17T23:02:03.033Z] 30837949124772@lid -> letra ["nsqk","cienciaficción"] -> ÉXITO
[2025-11-17T23:18:36.189Z] 30837949124772@lid -> letra ["nsqk","cienciaficción"] -> ÉXITO
[2025-11-17T23:20:54.724Z] 30837949124772@lid -> letra ["nsqk","cienciaficción"] -> ÉXITO
[2025-11-17T23:21:04.628Z] 30837949124772@lid -> letra ["cienciaficción"] -> ÉXITO
[2025-11-17T23:21:18.059Z] 30837949124772@lid -> letra ["Nsqk","-","Cienciaficción"] -> ÉXITO
[2025-11-17T23:25:24.411Z] 30837949124772@lid -> letra ["nsqk","cienciaficción"] -> ÉXITO
[2025-11-17T23:29:52.005Z] 30837949124772@lid -> letra ["nsqk","cienciaficción"] -> ÉXITO
[2025-11-17T23:32:22.521Z] 30837949124772@lid -> letra ["nsqk","cienciaficción"] -> ÉXITO
[2025-11-17T23:33:16.682Z] 30837949124772@lid -> letra ["airbag","radiohead"] -> ÉXITO
[2025-11-17T23:33:28.512Z] 30837949124772@lid -> letra ["radiohead","airbag"] -> ÉXITO
[2025-11-17T23:33:38.220Z] 30837949124772@lid -> letra ["los","alpes","nsqk"] -> ÉXITO
[2025-11-17T23:33:58.844Z] 30837949124772@lid -> letra ["losalpes","nsqk"] -> ÉXITO
[2025-11-17T23:34:10.355Z] 30837949124772@lid -> letra ["nsqk","los","alpes"] -> ÉXITO
[2025-11-17T23:42:03.231Z] 30837949124772@lid -> letra ["nsqk","los","alpes"] -> ÉXITO
[2025-11-17T23:52:41.957Z] 120363160616746507@g.us -> letra ["nsqk","tonos","de","azul"] -> ÉXITO
[2025-11-17T23:59:47.272Z] 120363160616746507@g.us -> letra ["radiohead","true","love","waits"] -> ÉXITO
[2025-11-18T00:05:53.274Z] 120363160616746507@g.us -> letra ["radiohead","knives","out"] -> ÉXITO
[2025-11-18T00:06:30.647Z] 30837949124772@lid -> letra ["king","crimson","starless"] -> ÉXITO
[2025-11-18T00:07:07.924Z] 30837949124772@lid -> letra ["kingcrimson","starless"] -> ÉXITO
[2025-11-18T00:07:20.889Z] 30837949124772@lid -> letra ["king-crimson","starless"] -> ÉXITO
[2025-11-18T00:17:39.990Z] 30837949124772@lid -> letra ["king","crimson","starless"] -> ÉXITO
[2025-11-18T00:22:25.703Z] 30837949124772@lid -> letra ["king","crimson","starless"] -> ÉXITO
[2025-11-18T00:25:02.439Z] 30837949124772@lid -> letra ["king","crimson","starless"] -> ÉXITO
[2025-11-18T00:25:18.613Z] 30837949124772@lid -> letra ["radiohead","knives","out"] -> ÉXITO
[2025-11-18T00:25:37.528Z] 30837949124772@lid -> letra ["radiohead","live","in","a","glasshouse"] -> ÉXITO
[2025-11-18T00:25:53.844Z] 30837949124772@lid -> letra ["radiohead","life","in","a","glasshouse"] -> ÉXITO
[2025-11-18T00:26:29.603Z] 30837949124772@lid -> letra ["radiohead","morning","bell"] -> ÉXITO
[2025-11-18T00:27:49.311Z] 30837949124772@lid -> letra ["goodspeed","you","black","emperor","static"] -> ÉXITO
[2025-11-18T00:28:04.267Z] 30837949124772@lid -> letra ["goodspeed","you!","black","emperor","static"] -> ÉXITO
[2025-11-18T00:28:26.521Z] 30837949124772@lid -> letra ["gybe","static"] -> ÉXITO
[2025-11-18T00:28:36.428Z] 30837949124772@lid -> letra ["gy!be","static"] -> ÉXITO
[2025-11-18T00:29:03.668Z] 30837949124772@lid -> letra ["godspeed","you","black","emperor","static"] -> ÉXITO
[2025-11-18T00:29:40.097Z] 30837949124772@lid -> letra ["yoshi","9","a","10"] -> ÉXITO
[2025-11-18T00:30:39.390Z] 30837949124772@lid -> letra ["nsqk","miata"] -> ÉXITO
[2025-11-18T00:31:06.623Z] 30837949124772@lid -> letra ["burial","archangel"] -> ÉXITO
[2025-11-18T00:33:26.635Z] 30837949124772@lid -> letra ["the","backseat","lovers","pool","house"] -> ÉXITO
[2025-11-18T01:07:39.581Z] 30837949124772@lid -> letra [] -> ÉXITO
[2025-11-18T01:08:07.176Z] 30837949124772@lid -> letra ["bjork","like","someone","in","love"] -> ÉXITO
[2025-11-18T01:08:27.419Z] 30837949124772@lid -> letra ["rosalía","reliquia"] -> ÉXITO
[2025-11-18T01:10:09.526Z] 30837949124772@lid -> letra ["bjork","joga"] -> ÉXITO
[2025-11-18T01:10:32.677Z] 30837949124772@lid -> letra ["bjork","violently","happy"] -> ÉXITO
[2025-11-18T01:10:50.721Z] 30837949124772@lid -> letra ["björk","army","of","me"] -> ÉXITO
[2025-11-18T01:11:33.889Z] 30837949124772@lid -> letra ["björk","like","someone","in","love"] -> ÉXITO
[2025-11-18T14:09:43.401Z] 120363160616746507@g.us -> letra ["thom","yorke","dawn","chorus"] -> ÉXITO
[2025-11-18T19:27:52.551Z] 120363160616746507@g.us -> letra ["radiohead","tinker","tailor","soldier","sailor","rich","man","poor","man","beggar","man","thief"] -> ÉXITO
[2025-11-18T19:28:39.030Z] 120363160616746507@g.us -> letra ["king","crimson","exiles"] -> ÉXITO
[2025-11-18T19:30:13.259Z] 120363160616746507@g.us -> letra ["gustavo","cerati","alma"] -> ÉXITO
[2025-11-18T19:39:51.844Z] 120363160616746507@g.us -> letra ["sui","generis","confesiones","de","invierno"] -> ÉXITO
[2025-11-18T20:43:50.649Z] 120363160616746507@g.us -> letra ["king","crimson","lament"] -> ÉXITO
