[2025-11-10T19:23:43.995Z] 584268289324@s.whatsapp.net -> ping [] -> FALLO
[2025-11-10T19:23:51.197Z] 584268289324@s.whatsapp.net -> ping [] -> FALLO
[2025-11-10T19:31:50.070Z] 584268289324@s.whatsapp.net -> ping [] -> ÉXITO
[2025-11-10T19:32:00.505Z] 584268289324@s.whatsapp.net -> ping [] -> ÉXITO
[2025-11-10T19:52:42.598Z] 584268289324@s.whatsapp.net -> ping [] -> ÉXITO
[2025-11-10T20:14:58.942Z] 584268289324@s.whatsapp.net -> ping [] -> ÉXITO
[2025-11-10T20:21:28.959Z] 584268289324@s.whatsapp.net -> ping [] -> ÉXITO
[2025-11-10T20:33:25.209Z] 120363160616746507@g.us -> ping [] -> ÉXITO
[2025-11-10T21:10:52.703Z] 584268289324@s.whatsapp.net -> ping [] -> ÉXITO
[2025-11-11T20:53:34.094Z] 584268289324@s.whatsapp.net -> ping [] -> ÉXITO
[2025-11-11T20:54:01.940Z] 120363160616746507@g.us -> ping [] -> ÉXITO
[2025-11-11T21:30:25.937Z] 584268289324@s.whatsapp.net -> ping [] -> ÉXITO
[2025-11-11T21:30:31.738Z] 584268289324@s.whatsapp.net -> ping [] -> ÉXITO
[2025-11-11T21:30:35.192Z] 584268289324@s.whatsapp.net -> ping [] -> ÉXITO
[2025-11-11T21:35:46.336Z] 584268289324@s.whatsapp.net -> ping [] -> ÉXITO
[2025-11-11T22:04:34.719Z] 584268289324@s.whatsapp.net -> ping [] -> ÉXITO
[2025-11-11T22:13:47.533Z] 584268289324@s.whatsapp.net -> ping [] -> ÉXITO
[2025-11-11T22:13:51.918Z] 584268289324@s.whatsapp.net -> ping [] -> ÉXITO
[2025-11-11T22:31:50.102Z] 584268289324@s.whatsapp.net -> ping [] -> ÉXITO
[2025-11-11T23:07:02.048Z] 584268289324@s.whatsapp.net -> ping [] -> ÉXITO
[2025-11-11T23:13:12.121Z] 584268289324@s.whatsapp.net -> ping [] -> ÉXITO
[2025-11-12T00:05:20.457Z] 584268289324@s.whatsapp.net -> ping [] -> ÉXITO
[2025-11-12T14:15:20.202Z] 120363387470929207@g.us -> ping [] -> ÉXITO
[2025-11-12T14:51:35.027Z] 120363387470929207@g.us -> ping [] -> ÉXITO
[2025-11-12T15:55:58.935Z] 30837949124772@lid -> ping [] -> ÉXITO
[2025-11-12T16:36:59.644Z] 30837949124772@lid -> ping [] -> ÉXITO
[2025-11-12T16:45:23.667Z] 30837949124772@lid -> ping [] -> FALLO
[2025-11-12T16:53:39.865Z] 30837949124772@lid -> ping [] -> ÉXITO
[2025-11-12T16:53:45.279Z] 30837949124772@lid -> ping [] -> ÉXITO
[2025-11-12T16:58:18.970Z] 30837949124772@lid -> ping [] -> ÉXITO
[2025-11-12T16:58:28.739Z] 30837949124772@lid -> ping [] -> ÉXITO
[2025-11-12T17:36:00.881Z] 30837949124772@lid -> ping [] -> ÉXITO
[2025-11-12T18:59:37.098Z] 30837949124772@lid -> ping [] -> ÉXITO
[2025-11-12T18:59:41.945Z] 30837949124772@lid -> ping [] -> ÉXITO
[2025-11-12T19:17:50.363Z] 30837949124772@lid -> ping [] -> ÉXITO
[2025-11-12T19:23:38.661Z] 30837949124772@lid -> ping [] -> ÉXITO
[2025-11-12T19:23:42.486Z] 30837949124772@lid -> ping [] -> ÉXITO
[2025-11-12T19:45:27.602Z] 30837949124772@lid -> ping [] -> ÉXITO
[2025-11-12T19:45:30.289Z] 30837949124772@lid -> ping [] -> ÉXITO
[2025-11-12T19:52:27.197Z] 30837949124772@lid -> ping [] -> ÉXITO
[2025-11-12T20:00:47.112Z] 30837949124772@lid -> ping [] -> ÉXITO
[2025-11-12T20:16:52.068Z] 30837949124772@lid -> ping [] -> FALLO
[2025-11-12T20:17:15.863Z] 30837949124772@lid -> ping [] -> FALLO
[2025-11-12T20:20:04.600Z] 30837949124772@lid -> ping [] -> ÉXITO
[2025-11-12T20:20:09.854Z] 30837949124772@lid -> ping [] -> ÉXITO
[2025-11-12T20:34:05.889Z] 30837949124772@lid -> ping [] -> FALLO
[2025-11-12T20:34:12.712Z] 30837949124772@lid -> ping [] -> FALLO
[2025-11-12T20:36:56.527Z] 30837949124772@lid -> ping [] -> ÉXITO
[2025-11-12T20:36:59.870Z] 30837949124772@lid -> ping [] -> ÉXITO
[2025-11-12T20:37:07.801Z] 30837949124772@lid -> ping [] -> ÉXITO
[2025-11-12T20:40:30.289Z] 30837949124772@lid -> ping [] -> ÉXITO
[2025-11-12T20:43:17.827Z] 30837949124772@lid -> ping [] -> ÉXITO
[2025-11-12T20:47:48.407Z] 30837949124772@lid -> ping [] -> ÉXITO
[2025-11-12T20:48:58.077Z] 30837949124772@lid -> ping [] -> ÉXITO
[2025-11-12T20:52:20.026Z] 30837949124772@lid -> ping [] -> ÉXITO
[2025-11-13T04:25:17.571Z] 30837949124772@lid -> ping [] -> ÉXITO
[2025-11-13T13:34:00.724Z] 30837949124772@lid -> ping [] -> ÉXITO
[2025-11-13T15:45:34.702Z] 120363160616746507@g.us -> ping [] -> ÉXITO
[2025-11-13T16:01:35.089Z] 30837949124772@lid -> ping [] -> ÉXITO
[2025-11-13T16:01:38.125Z] 30837949124772@lid -> ping [] -> ÉXITO
[2025-11-13T16:01:40.784Z] 30837949124772@lid -> ping [] -> ÉXITO
[2025-11-13T16:01:48.862Z] 30837949124772@lid -> ping [] -> ÉXITO
[2025-11-13T16:01:50.530Z] 30837949124772@lid -> ping [] -> ÉXITO
[2025-11-13T16:01:52.744Z] 30837949124772@lid -> ping [] -> ÉXITO
[2025-11-13T16:04:35.573Z] 120363160616746507@g.us -> ping [] -> ÉXITO
[2025-11-13T17:31:05.771Z] 30837949124772@lid -> ping [] -> ÉXITO
[2025-11-13T19:50:08.447Z] 30837949124772@lid -> ping [] -> ÉXITO
[2025-11-13T19:55:27.391Z] 30837949124772@lid -> ping [] -> ÉXITO
[2025-11-13T19:57:25.107Z] 120363387470929207@g.us -> ping [] -> ÉXITO
[2025-11-13T20:07:50.589Z] 30837949124772@lid -> ping [] -> ÉXITO
[2025-11-13T20:14:16.116Z] 30837949124772@lid -> ping [] -> ÉXITO
[2025-11-13T20:44:16.378Z] 30837949124772@lid -> ping [] -> ÉXITO
[2025-11-13T20:52:17.599Z] 30837949124772@lid -> ping [] -> ÉXITO
[2025-11-13T20:56:37.151Z] 30837949124772@lid -> ping [] -> ÉXITO
[2025-11-13T21:14:13.752Z] 30837949124772@lid -> ping [] -> ÉXITO
[2025-11-13T21:20:09.901Z] 30837949124772@lid -> ping [] -> ÉXITO
[2025-11-13T21:25:26.007Z] 30837949124772@lid -> ping [] -> ÉXITO
[2025-11-13T21:49:24.708Z] 30837949124772@lid -> ping [] -> ÉXITO
[2025-11-13T22:05:12.533Z] 30837949124772@lid -> ping [] -> ÉXITO
[2025-11-13T22:41:15.409Z] 120363160616746507@g.us -> ping [] -> ÉXITO
[2025-11-13T22:43:45.343Z] 120363160616746507@g.us -> ping [] -> ÉXITO
[2025-11-13T22:43:56.096Z] 120363160616746507@g.us -> ping [] -> ÉXITO
[2025-11-13T22:46:34.724Z] 30837949124772@lid -> ping [] -> ÉXITO
[2025-11-13T23:57:53.280Z] 30837949124772@lid -> ping [] -> ÉXITO
[2025-11-14T03:12:37.764Z] 30837949124772@lid -> ping [] -> ÉXITO
[2025-11-14T03:15:07.421Z] 30837949124772@lid -> ping [] -> ÉXITO
[2025-11-14T03:23:13.481Z] 30837949124772@lid -> ping [] -> ÉXITO
[2025-11-14T03:28:55.757Z] 30837949124772@lid -> ping [] -> ÉXITO
[2025-11-14T03:31:23.252Z] 30837949124772@lid -> ping [] -> ÉXITO
[2025-11-14T03:38:43.075Z] 30837949124772@lid -> ping [] -> ÉXITO
[2025-11-14T03:42:13.530Z] 30837949124772@lid -> ping [] -> ÉXITO
[2025-11-14T03:49:01.774Z] 30837949124772@lid -> ping [] -> ÉXITO
[2025-11-14T03:53:41.766Z] 30837949124772@lid -> ping [] -> ÉXITO
[2025-11-14T03:57:00.685Z] 30837949124772@lid -> ping [] -> ÉXITO
[2025-11-14T04:10:13.441Z] 30837949124772@lid -> ping [] -> ÉXITO
[2025-11-14T04:12:05.642Z] 30837949124772@lid -> ping [] -> ÉXITO
[2025-11-14T04:25:48.874Z] 30837949124772@lid -> ping [] -> ÉXITO
[2025-11-14T04:34:21.589Z] 30837949124772@lid -> ping [] -> ÉXITO
[2025-11-14T05:14:07.107Z] 30837949124772@lid -> ping [] -> ÉXITO
[2025-11-14T05:15:30.997Z] 30837949124772@lid -> ping [] -> ÉXITO
[2025-11-14T05:17:54.600Z] 30837949124772@lid -> ping [] -> ÉXITO
[2025-11-14T05:25:59.443Z] 30837949124772@lid -> ping [] -> ÉXITO
[2025-11-14T05:28:56.703Z] 30837949124772@lid -> ping [] -> ÉXITO
[2025-11-14T05:32:18.175Z] 30837949124772@lid -> ping [] -> ÉXITO
[2025-11-14T05:42:12.160Z] 30837949124772@lid -> ping [] -> ÉXITO
[2025-11-14T05:42:14.326Z] 30837949124772@lid -> ping [] -> ÉXITO
[2025-11-14T05:49:24.822Z] 30837949124772@lid -> ping [] -> ÉXITO
[2025-11-14T06:03:44.182Z] 30837949124772@lid -> ping [] -> ÉXITO
[2025-11-14T06:08:57.759Z] 30837949124772@lid -> ping [] -> ÉXITO
[2025-11-14T07:04:44.430Z] 30837949124772@lid -> ping [] -> ÉXITO
[2025-11-14T15:40:15.317Z] 120363387470929207@g.us -> ping [] -> ÉXITO
[2025-11-14T15:40:20.665Z] 120363387470929207@g.us -> ping [] -> ÉXITO
[2025-11-14T15:44:13.536Z] 120363160616746507@g.us -> ping [] -> ÉXITO
[2025-11-14T15:44:21.847Z] 30837949124772@lid -> ping [] -> ÉXITO
[2025-11-14T15:44:23.461Z] 30837949124772@lid -> ping [] -> ÉXITO
[2025-11-14T15:44:25.441Z] 30837949124772@lid -> ping [] -> ÉXITO
[2025-11-14T15:49:45.753Z] 120363387470929207@g.us -> ping [] -> ÉXITO
[2025-11-14T17:21:59.591Z] 30837949124772@lid -> ping [] -> ÉXITO
[2025-11-14T17:22:23.037Z] 120363160616746507@g.us -> ping [] -> ÉXITO
[2025-11-14T19:06:46.839Z] 30837949124772@lid -> ping [] -> ÉXITO
[2025-11-14T21:50:08.464Z] 30837949124772@lid -> ping [] -> ÉXITO
[2025-11-15T00:15:45.971Z] 30837949124772@lid -> ping [] -> ÉXITO
[2025-11-15T06:33:16.587Z] 30837949124772@lid -> ping [] -> ÉXITO
[2025-11-15T11:36:20.744Z] 30837949124772@lid -> ping [] -> ÉXITO
[2025-11-15T14:11:25.640Z] 30837949124772@lid -> ping [] -> ÉXITO
[2025-11-15T14:11:28.356Z] 30837949124772@lid -> ping [] -> ÉXITO
[2025-11-15T14:17:56.280Z] 30837949124772@lid -> ping [] -> ÉXITO
[2025-11-15T14:32:08.777Z] 120363387470929207@g.us -> ping [] -> ÉXITO
[2025-11-15T14:41:19.699Z] 30837949124772@lid -> ping [] -> ÉXITO
[2025-11-15T14:44:58.873Z] 30837949124772@lid -> ping [] -> ÉXITO
[2025-11-15T14:45:34.563Z] 120363160616746507@g.us -> ping [] -> ÉXITO
[2025-11-15T15:13:47.368Z] 30837949124772@lid -> ping [] -> ÉXITO
[2025-11-15T15:36:59.930Z] 30837949124772@lid -> ping [] -> ÉXITO
[2025-11-15T15:37:06.615Z] 30837949124772@lid -> ping [] -> ÉXITO
[2025-11-15T16:16:48.063Z] 30837949124772@lid -> ping [] -> ÉXITO
[2025-11-15T17:35:17.001Z] 120363160616746507@g.us -> ping [] -> ÉXITO
[2025-11-15T18:36:01.963Z] 30837949124772@lid -> ping [] -> ÉXITO
[2025-11-15T23:34:48.823Z] 120363160616746507@g.us -> ping [] -> ÉXITO
[2025-11-15T23:37:07.027Z] 30837949124772@lid -> ping [] -> ÉXITO
[2025-11-16T08:04:31.438Z] 120363160616746507@g.us -> ping [] -> ÉXITO
[2025-11-16T09:49:03.540Z] 30837949124772@lid -> ping [] -> ÉXITO
[2025-11-16T13:31:46.460Z] 120363160616746507@g.us -> ping [] -> ÉXITO
[2025-11-16T14:21:52.020Z] 30837949124772@lid -> ping [] -> ÉXITO
[2025-11-16T14:53:53.655Z] 30837949124772@lid -> ping [] -> ÉXITO
[2025-11-16T14:53:57.454Z] 30837949124772@lid -> ping [] -> ÉXITO
[2025-11-16T16:16:32.754Z] 120363160616746507@g.us -> ping [] -> ÉXITO
[2025-11-16T19:09:24.996Z] 30837949124772@lid -> ping [] -> ÉXITO
[2025-11-16T21:59:24.502Z] 120363160616746507@g.us -> ping [] -> ÉXITO
[2025-11-16T22:10:20.601Z] 120363160616746507@g.us -> ping [] -> ÉXITO
[2025-11-16T23:06:08.004Z] 30837949124772@lid -> ping [] -> ÉXITO
[2025-11-16T23:22:57.533Z] 30837949124772@lid -> ping [] -> ÉXITO
[2025-11-17T03:55:53.498Z] 120363160616746507@g.us -> ping [] -> ÉXITO
[2025-11-17T16:28:29.372Z] 30837949124772@lid -> ping [] -> ÉXITO
[2025-11-17T18:03:38.681Z] 120363160616746507@g.us -> ping [] -> ÉXITO
[2025-11-17T18:41:40.869Z] 30837949124772@lid -> ping [] -> ÉXITO
[2025-11-17T18:41:44.314Z] 30837949124772@lid -> ping [] -> ÉXITO
[2025-11-17T18:41:46.817Z] 30837949124772@lid -> ping [] -> ÉXITO
[2025-11-17T18:55:11.892Z] 30837949124772@lid -> ping [] -> ÉXITO
[2025-11-17T19:14:53.528Z] 30837949124772@lid -> ping [] -> ÉXITO
[2025-11-17T19:17:54.214Z] 30837949124772@lid -> ping [] -> ÉXITO
[2025-11-17T19:23:34.420Z] 30837949124772@lid -> ping [] -> ÉXITO
[2025-11-17T19:48:15.236Z] 120363160616746507@g.us -> ping [] -> ÉXITO
[2025-11-17T19:48:41.457Z] 30837949124772@lid -> ping [] -> ÉXITO
[2025-11-17T20:11:28.110Z] 30837949124772@lid -> ping [] -> ÉXITO
[2025-11-17T20:11:28.112Z] 30837949124772@lid -> ping [] -> ÉXITO
[2025-11-17T20:11:29.065Z] 30837949124772@lid -> ping [] -> ÉXITO
[2025-11-17T21:47:26.661Z] 120363160616746507@g.us -> ping [] -> ÉXITO
[2025-11-17T21:50:02.965Z] 120363160616746507@g.us -> ping [] -> ÉXITO
[2025-11-17T21:53:45.607Z] 120363160616746507@g.us -> ping [] -> ÉXITO
[2025-11-17T21:58:40.511Z] 120363160616746507@g.us -> ping [] -> ÉXITO
[2025-11-17T22:02:40.122Z] 120363160616746507@g.us -> ping [] -> FALLO
[2025-11-17T22:05:53.492Z] 120363160616746507@g.us -> ping [] -> FALLO
[2025-11-17T22:11:42.095Z] 120363160616746507@g.us -> ping [] -> ÉXITO
[2025-11-17T22:11:45.297Z] 120363160616746507@g.us -> ping [] -> ÉXITO
[2025-11-17T22:14:09.570Z] 120363160616746507@g.us -> ping [] -> ÉXITO
[2025-11-17T22:17:35.639Z] 120363160616746507@g.us -> ping [] -> FALLO
[2025-11-17T22:23:41.170Z] 120363160616746507@g.us -> ping [] -> FALLO
[2025-11-17T22:35:36.726Z] 120363160616746507@g.us -> ping [] -> ÉXITO
[2025-11-17T22:55:12.530Z] 30837949124772@lid -> ping [] -> ÉXITO
[2025-11-17T23:01:48.501Z] 30837949124772@lid -> ping [] -> ÉXITO
[2025-11-17T23:01:52.142Z] 30837949124772@lid -> ping [] -> ÉXITO
[2025-11-17T23:01:53.955Z] 30837949124772@lid -> ping [] -> ÉXITO
[2025-11-17T23:18:28.030Z] 30837949124772@lid -> ping [] -> ÉXITO
[2025-11-17T23:20:41.230Z] 30837949124772@lid -> ping [] -> ÉXITO
[2025-11-17T23:25:13.866Z] 30837949124772@lid -> ping [] -> ÉXITO
[2025-11-17T23:29:43.516Z] 30837949124772@lid -> ping [] -> ÉXITO
[2025-11-17T23:32:16.535Z] 30837949124772@lid -> ping [] -> ÉXITO
[2025-11-17T23:41:48.451Z] 30837949124772@lid -> ping [] -> ÉXITO
[2025-11-17T23:41:56.390Z] 30837949124772@lid -> ping [] -> ÉXITO
[2025-11-17T23:52:06.479Z] 120363160616746507@g.us -> ping [] -> ÉXITO
[2025-11-18T00:05:42.862Z] 120363160616746507@g.us -> ping [] -> ÉXITO
[2025-11-18T00:17:32.203Z] 30837949124772@lid -> ping [] -> ÉXITO
[2025-11-18T00:24:54.123Z] 30837949124772@lid -> ping [] -> ÉXITO
[2025-11-18T00:39:57.893Z] 30837949124772@lid -> ping [] -> ÉXITO
[2025-11-18T00:50:32.886Z] 30837949124772@lid -> ping [] -> FALLO
[2025-11-18T00:55:52.430Z] 30837949124772@lid -> ping [] -> FALLO
[2025-11-18T00:55:55.474Z] 30837949124772@lid -> ping [] -> FALLO
[2025-11-18T13:52:28.000Z] 120363387470929207@g.us -> ping [] -> ÉXITO
[2025-11-18T13:52:34.860Z] 120363387470929207@g.us -> ping [] -> ÉXITO
[2025-11-18T17:28:33.432Z] 30837949124772@lid -> ping [] -> ÉXITO
[2025-11-18T18:40:52.336Z] 30837949124772@lid -> ping [] -> ÉXITO
[2025-11-18T18:46:05.681Z] 30837949124772@lid -> ping [] -> ÉXITO
[2025-11-18T19:27:47.138Z] 120363160616746507@g.us -> ping [] -> ÉXITO
[2025-11-18T19:58:07.420Z] 30837949124772@lid -> ping [] -> ÉXITO
[2025-11-18T20:29:22.731Z] 30837949124772@lid -> ping [] -> ÉXITO
