[2025-11-13T20:08:03.447Z] 30837949124772@lid -> post ["https://www.instagram.com/p/DQZ60rujvjS/?igsh=M3hsdW5ranQxY3Z0"] -> ÉXITO
[2025-11-13T20:14:41.097Z] 30837949124772@lid -> post ["https://www.instagram.com/p/DQZ60rujvjS/?igsh=M3hsdW5ranQxY3Z0"] -> ÉXITO
[2025-11-13T20:15:10.587Z] 120363387470929207@g.us -> post ["https://www.instagram.com/p/DQZ60rujvjS/?igsh=M3hsdW5ranQxY3Z0"] -> ÉXITO
[2025-11-13T20:17:10.616Z] 120363387470929207@g.us -> post ["https://www.instagram.com/p/DQ-sr-gEZgW/?img_index=1&igsh=anBqMnJydXE3Yno1"] -> ÉXITO
[2025-11-13T20:22:24.231Z] 120363387470929207@g.us -> post ["https://www.instagram.com/p/DQRbyWfDoz0/?igsh=ZGE3OHFmdWkwM3g1"] -> ÉXITO
[2025-11-13T20:25:56.433Z] 30837949124772@lid -> post ["4","https://www.instagram.com/p/DQbFfgzDho4/?igsh=MXhocDN1MTMxZnU4dA=="] -> ÉXITO
[2025-11-13T20:28:22.660Z] 30837949124772@lid -> post ["8","https://www.instagram.com/p/DQbFfgzDho4/?igsh=MXhocDN1MTMxZnU4dA=="] -> ÉXITO
[2025-11-13T20:29:24.463Z] 120363387470929207@g.us -> post ["5","https://www.instagram.com/p/DQbFfgzDho4/?igsh=MXhocDN1MTMxZnU4dA=="] -> ÉXITO
[2025-11-13T20:32:04.918Z] 120363387470929207@g.us -> post ["12","https://www.instagram.com/p/DQ5cVqikaOy/?img_index=11&igsh=MTdxbnVpM3lyMTF2aw=="] -> ÉXITO
[2025-11-13T21:16:46.268Z] 120363160616746507@g.us -> post ["https://www.instagram.com/p/DQ9xEihkeDP/?igsh=dWFqNTkwOWNxMjJ4"] -> ÉXITO
[2025-11-13T22:47:42.030Z] 30837949124772@lid -> post ["2","https://www.instagram.com/p/DQ_7niqjY72/?img_index=1&igsh=a2dwOTh4dGJnNTR2"] -> ÉXITO
[2025-11-14T00:25:40.800Z] 120363387470929207@g.us -> post ["https://www.instagram.com/p/DP1bRAyDoD4/?igsh=cXdxeWJlZHUyZ213"] -> ÉXITO
[2025-11-14T00:28:30.085Z] 120363387470929207@g.us -> post ["2","https://www.instagram.com/p/DQ_7niqjY72/?img_index=1&igsh=a2dwOTh4dGJnNTR2"] -> ÉXITO
[2025-11-14T00:29:20.128Z] 120363387470929207@g.us -> post ["1"] -> ÉXITO
[2025-11-14T00:29:39.954Z] 120363387470929207@g.us -> post ["1","https://www.instagram.com/p/DQMZnnwjHwB/?igsh=Z29xdjFoaDY3NHVu"] -> ÉXITO
[2025-11-14T00:53:32.631Z] 120363387470929207@g.us -> post ["1","https://www.instagram.com/p/DQvSWsoEZoW/?igsh=MW1maDY5aXMwN2Fpbg=="] -> ÉXITO
[2025-11-14T01:00:10.875Z] 30837949124772@lid -> post ["https://www.instagram.com/p/DQMRJjDAG88/?igsh=MWl0Nm9nODA0MmN4NQ=="] -> ÉXITO
[2025-11-14T01:00:24.468Z] 120363160616746507@g.us -> post ["https://www.instagram.com/p/DQMRJjDAG88/?igsh=MWl0Nm9nODA0MmN4NQ=="] -> ÉXITO
[2025-11-14T01:01:50.456Z] 30837949124772@lid -> post ["https://www.instagram.com/p/DQ-cDo0DG9Q/?igsh=c2o3ODVia2N2Ym5z"] -> ÉXITO
[2025-11-14T04:59:29.181Z] 30837949124772@lid -> post ["https://www.instagram.com/p/DQnF77kgEmm/?igsh=N21icnltN2Y5emV0"] -> ÉXITO
[2025-11-14T04:59:54.374Z] 30837949124772@lid -> post ["1","https://www.instagram.com/p/DQnF77kgEmm/?igsh=N21icnltN2Y5emV0"] -> ÉXITO
[2025-11-14T05:01:19.530Z] 30837949124772@lid -> post ["https://www.instagram.com/p/DQZMX6uDg1M/?igsh=c3phdDdjZm43NjNm"] -> ÉXITO
[2025-11-14T20:19:10.956Z] 120363387470929207@g.us -> post ["https://www.instagram.com/p/DQzHZ7JEZIk/?igsh=MXR0OWl6Z25sMmJwYQ=="] -> ÉXITO
[2025-11-14T21:51:02.436Z] 30837949124772@lid -> post ["https://www.instagram.com/reel/DQXhYwfgFN8/?igsh=N3h6dDBlMHg4NTI0"] -> ÉXITO
[2025-11-15T03:28:53.023Z] 120363387470929207@g.us -> post ["https://www.instagram.com/p/DQ-wcsSkfRR/?igsh=Ym81eGFrazZkYWJl"] -> ÉXITO
[2025-11-15T03:29:19.671Z] 120363387470929207@g.us -> post ["1","https://www.instagram.com/p/DQ-wcsSkfRR/?igsh=Ym81eGFrazZkYWJl"] -> ÉXITO
[2025-11-15T05:30:10.790Z] 120363387470929207@g.us -> post ["9","https://www.instagram.com/p/DQcYTJ9j9JY/?img_index=8&igsh=MXhoNmx0MmhyZmY5Yw=="] -> ÉXITO
[2025-11-15T05:30:30.696Z] 120363387470929207@g.us -> post ["10","","https://www.instagram.com/p/DQcYTJ9j9JY/?img_index=9&igsh=MXhoNmx0MmhyZmY5Yw=="] -> ÉXITO
[2025-11-15T05:31:26.319Z] 120363387470929207@g.us -> post ["9","https://www.instagram.com/p/DQcYTJ9j9JY/?img_index=8&igsh=MXhoNmx0MmhyZmY5Yw=="] -> ÉXITO
[2025-11-15T05:31:44.908Z] 120363387470929207@g.us -> post ["10","https://www.instagram.com/p/DQcYTJ9j9JY/?img_index=9&igsh=MXhoNmx0MmhyZmY5Yw=="] -> ÉXITO
[2025-11-15T11:48:39.681Z] 30837949124772@lid -> post ["https://www.instagram.com/p/DRDeTBhkqja/?igsh=MXJxYTAwcHg5aHN2bw=="] -> ÉXITO
[2025-11-15T11:49:23.231Z] 30837949124772@lid -> post ["https://www.instagram.com/p/DQevt7Sks7C/?igsh=NmpiazZobzF5Z2oy"] -> ÉXITO
[2025-11-15T13:58:16.322Z] 120363387470929207@g.us -> post ["https://www.instagram.com/p/DQe_3F4iXCR/?igsh=dmw5ZHFmMmNkeWcy"] -> ÉXITO
[2025-11-15T14:11:04.672Z] 120363387470929207@g.us -> post ["https://www.instagram.com/p/DQXBrSCDu4r/?igsh=MWp0Z2lmazY4dGxoNg=="] -> ÉXITO
[2025-11-15T14:11:35.003Z] 120363387470929207@g.us -> post ["1","https://www.instagram.com/p/DQXBrSCDu4r/?igsh=MWp0Z2lmazY4dGxoNg=="] -> ÉXITO
[2025-11-15T14:13:31.663Z] 30837949124772@lid -> post ["https://www.instagram.com/p/DQjnH0qjOCk/?igsh=eW1rY2FucXF2eWE0"] -> ÉXITO
[2025-11-15T16:16:53.845Z] 30837949124772@lid -> post ["https://www.instagram.com/p/DQYDlb0Dklw/?igsh=cW9yaXd0amw1djQy"] -> ÉXITO
[2025-11-15T16:17:03.068Z] 30837949124772@lid -> post ["1","https://www.instagram.com/p/DQYDlb0Dklw/?igsh=cW9yaXd0amw1djQy"] -> ÉXITO
[2025-11-16T14:21:55.133Z] 30837949124772@lid -> post ["https://www.instagram.com/p/DRBDOsMiOXk/?igsh=YjFid2FzdWFiM3oy"] -> ÉXITO
[2025-11-17T23:48:50.218Z] 120363160616746507@g.us -> post [] -> ÉXITO
[2025-11-17T23:49:14.280Z] 120363160616746507@g.us -> post ["https://www.instagram.com/p/DRFwO0OEiR6/?igsh=MmkwbDJucm1oOGI3"] -> ÉXITO
[2025-11-17T23:49:42.383Z] 120363160616746507@g.us -> post ["https://www.instagram.com/p/DRFwO0OEiR6/?igsh=MmkwbDJucm1oOGI3"] -> ÉXITO
[2025-11-18T04:20:25.213Z] 120363160616746507@g.us -> post ["3","https://www.instagram.com/p/DRGeW-eDQKW/?img_index=2&igsh=aWp1MW94ZGY4bHAz"] -> ÉXITO
[2025-11-18T17:28:33.682Z] 30837949124772@lid -> post ["https://www.instagram.com/p/DQ70SORk0DQ/?igsh=dWplN28xczU0bHBj"] -> ÉXITO
