[2025-11-12T16:55:00.723Z] 30837949124772@lid -> reel ["https://www.instagram.com/reel/DQW7CKODVjv/?igsh=bmxiN3lleXI5eXc0"] -> ÉXITO
[2025-11-12T16:58:34.975Z] 30837949124772@lid -> reel ["https://www.instagram.com/reel/DQW7CKODVjv/?igsh=bmxiN3lleXI5eXc0"] -> FALLO
[2025-11-12T16:58:35.478Z] 30837949124772@lid -> reel ["https://www.instagram.com/reel/DQW7CKODVjv/?igsh=bmxiN3lleXI5eXc0"] -> ÉXITO
[2025-11-12T17:36:11.388Z] 30837949124772@lid -> reel ["https://www.instagram.com/reel/DQW7CKODVjv/?igsh=bmxiN3lleXI5eXc0"] -> FALLO
[2025-11-12T17:36:12.610Z] 30837949124772@lid -> reel ["https://www.instagram.com/reel/DQW7CKODVjv/?igsh=bmxiN3lleXI5eXc0"] -> ÉXITO
[2025-11-12T19:01:33.299Z] 30837949124772@lid -> reel ["https://www.instagram.com/reel/DQW7CKODVjv/?igsh=bmxiN3lleXI5eXc0"] -> FALLO
[2025-11-12T19:01:34.511Z] 30837949124772@lid -> reel ["https://www.instagram.com/reel/DQW7CKODVjv/?igsh=bmxiN3lleXI5eXc0"] -> ÉXITO
[2025-11-12T19:18:05.520Z] 30837949124772@lid -> reel ["https://www.instagram.com/reel/DQW7CKODVjv/?igsh=bmxiN3lleXI5eXc0"] -> FALLO
[2025-11-12T19:18:06.120Z] 30837949124772@lid -> reel ["https://www.instagram.com/reel/DQW7CKODVjv/?igsh=bmxiN3lleXI5eXc0"] -> ÉXITO
[2025-11-12T19:24:01.544Z] 30837949124772@lid -> reel ["https://www.instagram.com/reel/DQW7CKODVjv/?igsh=bmxiN3lleXI5eXc0"] -> FALLO
[2025-11-12T19:24:02.290Z] 30837949124772@lid -> reel ["https://www.instagram.com/reel/DQW7CKODVjv/?igsh=bmxiN3lleXI5eXc0"] -> ÉXITO
[2025-11-12T19:46:21.593Z] 30837949124772@lid -> reel ["https://www.instagram.com/reel/DQW7CKODVjv/?igsh=bmxiN3lleXI5eXc0"] -> FALLO
[2025-11-12T19:46:21.848Z] 30837949124772@lid -> reel ["https://www.instagram.com/reel/DQW7CKODVjv/?igsh=bmxiN3lleXI5eXc0"] -> ÉXITO
[2025-11-12T19:52:42.230Z] 30837949124772@lid -> reel ["https://www.instagram.com/reel/DQW7CKODVjv/?igsh=bmxiN3lleXI5eXc0"] -> FALLO
[2025-11-12T19:52:42.868Z] 30837949124772@lid -> reel ["https://www.instagram.com/reel/DQW7CKODVjv/?igsh=bmxiN3lleXI5eXc0"] -> ÉXITO
[2025-11-12T20:01:04.573Z] 30837949124772@lid -> reel ["https://www.instagram.com/reel/DQW7CKODVjv/?igsh=bmxiN3lleXI5eXc0"] -> FALLO
[2025-11-12T20:01:05.754Z] 30837949124772@lid -> reel ["https://www.instagram.com/reel/DQW7CKODVjv/?igsh=bmxiN3lleXI5eXc0"] -> ÉXITO
[2025-11-12T20:20:18.395Z] 30837949124772@lid -> reel ["https://www.instagram.com/reel/DQW7CKODVjv/?igsh=bmxiN3lleXI5eXc0"] -> ÉXITO
[2025-11-12T20:37:11.395Z] 30837949124772@lid -> reel ["https://www.instagram.com/reel/DQW7CKODVjv/?igsh=bmxiN3lleXI5eXc0"] -> ÉXITO
[2025-11-12T20:40:34.781Z] 30837949124772@lid -> reel ["https://www.instagram.com/reel/DQW7CKODVjv/?igsh=bmxiN3lleXI5eXc0"] -> ÉXITO
[2025-11-12T20:43:25.117Z] 30837949124772@lid -> reel ["https://www.instagram.com/reel/DQW7CKODVjv/?igsh=bmxiN3lleXI5eXc0"] -> ÉXITO
[2025-11-12T20:46:48.531Z] 30837949124772@lid -> reel ["https://www.instagram.com/reel/DQLOuRKDuvc/?igsh=M3NnZ3NxbDAzMXNx"] -> ÉXITO
[2025-11-12T20:47:53.767Z] 30837949124772@lid -> reel ["https://www.instagram.com/reel/DQLOuRKDuvc/?igsh=M3NnZ3NxbDAzMXNx"] -> ÉXITO
[2025-11-12T20:49:05.875Z] 30837949124772@lid -> reel ["https://www.instagram.com/reel/DQLOuRKDuvc/?igsh=M3NnZ3NxbDAzMXNx"] -> ÉXITO
[2025-11-12T20:52:28.722Z] 30837949124772@lid -> reel ["https://www.instagram.com/reel/DPVCbHzjopx/?igsh=MW1tdnBwZWg1eno1NA=="] -> ÉXITO
[2025-11-13T15:46:01.840Z] 30837949124772@lid -> reel ["https://www.instagram.com/reel/DQOPVImjd8b/?igsh=MWdyc2Z3NzFncjFnaQ=="] -> ÉXITO
[2025-11-13T15:46:48.561Z] 120363160616746507@g.us -> reel ["https://www.instagram.com/reel/DPVCbHzjopx/?igsh=MW1tdnBwZWg1eno1NA=="] -> ÉXITO
[2025-11-13T15:47:21.583Z] 120363160616746507@g.us -> reel ["https://www.instagram.com/reel/DN1iiaRwnIN/?igsh=em9zdGdncWIxbnZ6"] -> ÉXITO
[2025-11-13T15:48:49.270Z] 120363160616746507@g.us -> reel ["https://www.instagram.com/p/DQxi2vqD48e/?igsh=Z2NtNWMzaHhwZ2Mx"] -> ÉXITO
[2025-11-13T19:50:19.351Z] 30837949124772@lid -> reel [] -> ÉXITO
[2025-11-13T19:50:37.513Z] 30837949124772@lid -> reel ["https://www.instagram.com/reel/DQOPVImjd8b/?igsh=MWdyc2Z3NzFncjFnaQ=="] -> ÉXITO
[2025-11-13T19:55:42.282Z] 30837949124772@lid -> reel ["https://www.instagram.com/reel/DPVCbHzjopx/?igsh=MW1tdnBwZWg1eno1NA=="] -> ÉXITO
[2025-11-13T19:57:40.502Z] 120363387470929207@g.us -> reel ["https://www.instagram.com/reel/DQLOuRKDuvc/?igsh=M3NnZ3NxbDAzMXNx"] -> ÉXITO
[2025-11-13T20:08:27.307Z] 30837949124772@lid -> reel ["https://www.instagram.com/p/DQZ60rujvjS/?igsh=M3hsdW5ranQxY3Z0"] -> ÉXITO
[2025-11-13T21:10:21.200Z] 120363160616746507@g.us -> reel ["https://www.instagram.com/reel/DQRqv0ajR-T/?igsh=MXI1ZDN0aGQxNTludQ=="] -> ÉXITO
[2025-11-13T22:31:04.069Z] 120363387470929207@g.us -> reel ["https://www.instagram.com/reel/DQPSQj1CcDM/?igsh=MTh2czI3c3NkOXBwag=="] -> ÉXITO
[2025-11-13T22:34:26.717Z] 120363160616746507@g.us -> reel ["https://www.instagram.com/reel/DPoZXj6DOBM/?igsh=MXBsMWV1eWtoNjk0Yw=="] -> ÉXITO
[2025-11-13T23:49:39.252Z] 120363387470929207@g.us -> reel ["https://www.instagram.com/reel/DP0Fqykjsvg/?igsh=Y214NjBjZmhoZHE5"] -> ÉXITO
[2025-11-14T00:32:04.693Z] 120363387470929207@g.us -> reel ["https://www.instagram.com/reel/DPP3D4YjOaD/?igsh=czNsYThlc2xvcWp6"] -> ÉXITO
[2025-11-14T00:38:30.689Z] 120363387470929207@g.us -> reel ["https://www.instagram.com/reel/DPCKasvD3ox/?igsh=cXk5em8wMjIzZnh2"] -> ÉXITO
[2025-11-14T00:51:24.608Z] 120363387470929207@g.us -> reel ["https://www.instagram.com/reel/DOmJrsnCCqc/?igsh=eWR1aHNicnMzdXpx"] -> ÉXITO
[2025-11-14T00:54:23.045Z] 120363387470929207@g.us -> reel ["https://www.instagram.com/p/DQszmx6Dmzj/?igsh=dWZ3bmx2Njh3c21o"] -> ÉXITO
[2025-11-14T04:09:50.110Z] 120363387470929207@g.us -> reel ["https://www.instagram.com/reel/DOqPiUfDbmA/?igsh=MThwODIxaTV0dHNjcQ=="] -> ÉXITO
[2025-11-14T05:00:27.194Z] 30837949124772@lid -> reel ["https://www.instagram.com/p/DQnF77kgEmm/?igsh=N21icnltN2Y5emV0"] -> ÉXITO
[2025-11-14T15:40:47.115Z] 120363387470929207@g.us -> reel ["https://www.instagram.com/reel/DObRTvPEXqU/?igsh=dHJscGM1cjV5amJs"] -> ÉXITO
[2025-11-14T15:41:29.944Z] 120363387470929207@g.us -> reel ["https://www.instagram.com/reel/DObRTvPEXqU/?igsh=dHJscGM1cjV5amJs"] -> ÉXITO
[2025-11-14T19:38:17.521Z] 120363387470929207@g.us -> reel ["https://www.instagram.com/reel/DNDUhnwOvCK/?igsh=MWd0NzRiaDU2bmNlYQ=="] -> ÉXITO
[2025-11-14T19:40:42.619Z] 30837949124772@lid -> reel ["https://www.instagram.com/reel/DNDUhnwOvCK/?igsh=MWd0NzRiaDU2bmNlYQ=="] -> ÉXITO
[2025-11-14T20:00:12.321Z] 120363387470929207@g.us -> reel ["https://www.instagram.com/reel/DOmexMvDu2Q/?igsh=ems1Mjg1YzFxdmls"] -> ÉXITO
[2025-11-14T20:25:19.191Z] 120363387470929207@g.us -> reel ["https://www.instagram.com/reel/DQXhYwfgFN8/?igsh=N3h6dDBlMHg4NTI0"] -> ÉXITO
[2025-11-14T21:50:39.944Z] 30837949124772@lid -> reel ["https://www.instagram.com/reel/DNDUhnwOvCK/?igsh=MWd0NzRiaDU2bmNlYQ=="] -> ÉXITO
[2025-11-14T22:29:11.263Z] 30837949124772@lid -> reel ["https://www.instagram.com/reel/DPlnSOwDAqR/?igsh=em9tdWFlN3ZzMTFp"] -> ÉXITO
[2025-11-14T22:29:48.524Z] 120363387470929207@g.us -> reel ["https://www.instagram.com/reel/DPlnSOwDAqR/?igsh=em9tdWFlN3ZzMTFp"] -> ÉXITO
[2025-11-14T23:28:22.755Z] 30837949124772@lid -> reel ["https://www.instagram.com/reel/DLFVBuvN8Z2/?igsh=MW01Z3FmZTZldXV3Ng=="] -> ÉXITO
[2025-11-15T01:33:42.122Z] 30837949124772@lid -> reel ["https://www.instagram.com/reel/DPkIZWUkeb_/?igsh=MTM0djgwODdkZ3o0NA=="] -> ÉXITO
[2025-11-15T03:15:18.538Z] 30837949124772@lid -> reel ["https://www.instagram.com/reel/DQIZmQqj-zR/?igsh=MWtycnIwamM5aDF0Mw=="] -> ÉXITO
[2025-11-15T03:15:33.628Z] 120363387470929207@g.us -> reel ["https://www.instagram.com/reel/DQIZmQqj-zR/?igsh=MWtycnIwamM5aDF0Mw=="] -> ÉXITO
[2025-11-15T11:50:58.817Z] 120363387470929207@g.us -> reel ["https://www.instagram.com/reel/DQ1P_nEDbYz/?igsh=cThoOXM0Ynh3ZnZ1"] -> ÉXITO
[2025-11-15T18:48:07.739Z] 30837949124772@lid -> reel ["https://www.instagram.com/reel/DQ-F6OZEcy3/?igsh=MWtibm1ubjJwcjQ3Nw=="] -> ÉXITO
[2025-11-16T08:05:20.749Z] 30837949124772@lid -> reel ["https://www.instagram.com/reel/DPcE95wDB3P/?igsh=MWl4MTVxNTk1eHdhaA=="] -> ÉXITO
[2025-11-16T23:25:34.819Z] 120363160616746507@g.us -> reel ["https://www.instagram.com/reel/DOhtbeAkfKi/?igsh=Z2JhYWRycnRkc2ly"] -> ÉXITO
[2025-11-16T23:25:58.572Z] 120363160616746507@g.us -> reel ["https://www.instagram.com/reel/DOhtbeAkfKi/?igsh=Z2JhYWRycnRkc2ly"] -> ÉXITO
[2025-11-16T23:26:08.396Z] 120363160616746507@g.us -> reel ["https://www.instagram.com/reel/DOhtbeAkfKi/?igsh=Z2JhYWRycnRkc2ly"] -> ÉXITO
[2025-11-17T12:14:40.871Z] 120363160616746507@g.us -> reel ["https://www.instagram.com/reel/DMjCEPqxPgJ/?igsh=MWgxdzNiNnZ5NzlxdQ=="] -> ÉXITO
