[2025-11-10T19:55:38.257Z] 584268289324@s.whatsapp.net -> s [] -> ÉXITO
[2025-11-10T20:33:24.506Z] 120363160616746507@g.us -> s [] -> ÉXITO
[2025-11-10T20:33:43.838Z] 120363160616746507@g.us -> s [] -> ÉXITO
[2025-11-10T20:33:58.896Z] 120363160616746507@g.us -> s [] -> ÉXITO
[2025-11-11T21:55:34.454Z] 584268289324@s.whatsapp.net -> s [] -> ÉXITO
[2025-11-11T21:56:09.609Z] 584268289324@s.whatsapp.net -> s [] -> ÉXITO
[2025-11-11T22:05:31.548Z] 584268289324@s.whatsapp.net -> s [] -> ÉXITO
[2025-11-11T22:07:54.758Z] 584268289324@s.whatsapp.net -> s [] -> ÉXITO
[2025-11-11T22:08:38.217Z] 584268289324@s.whatsapp.net -> s [] -> ÉXITO
[2025-11-11T22:15:14.215Z] 584268289324@s.whatsapp.net -> s [] -> ÉXITO
[2025-11-11T22:20:54.671Z] 584268289324@s.whatsapp.net -> s [] -> ÉXITO
[2025-11-11T22:33:52.456Z] 584268289324@s.whatsapp.net -> s [] -> ÉXITO
[2025-11-11T22:34:27.206Z] 120363160616746507@g.us -> s [] -> ÉXITO
[2025-11-12T00:16:27.296Z] 584268289324@s.whatsapp.net -> s [] -> ÉXITO
[2025-11-12T00:17:24.717Z] 584268289324@s.whatsapp.net -> s [] -> ÉXITO
[2025-11-12T00:17:53.381Z] 584268289324@s.whatsapp.net -> s [] -> ÉXITO
[2025-11-12T00:18:34.247Z] 584268289324@s.whatsapp.net -> s [] -> ÉXITO
[2025-11-12T00:21:33.870Z] 584268289324@s.whatsapp.net -> s [] -> ÉXITO
[2025-11-12T00:23:55.117Z] 584268289324@s.whatsapp.net -> s [] -> ÉXITO
[2025-11-12T18:49:40.748Z] 30837949124772@lid -> s [] -> ÉXITO
[2025-11-12T18:50:20.289Z] 126186608939198@lid -> s [] -> ÉXITO
[2025-11-12T18:51:12.046Z] 126186608939198@lid -> s [] -> ÉXITO
[2025-11-12T21:45:14.512Z] 120363160616746507@g.us -> s [] -> ÉXITO
[2025-11-13T05:00:32.862Z] 120363160616746507@g.us -> s [] -> ÉXITO
[2025-11-13T14:56:42.076Z] 120363160616746507@g.us -> s [] -> ÉXITO
[2025-11-13T14:56:46.982Z] 120363160616746507@g.us -> s [] -> ÉXITO
[2025-11-13T18:35:30.637Z] 120363160616746507@g.us -> s [] -> ÉXITO
[2025-11-13T18:36:00.314Z] 120363160616746507@g.us -> s [] -> ÉXITO
[2025-11-13T18:36:43.821Z] 120363160616746507@g.us -> s [] -> ÉXITO
[2025-11-13T18:37:15.498Z] 120363160616746507@g.us -> s [] -> ÉXITO
[2025-11-13T18:37:45.290Z] 120363160616746507@g.us -> s [] -> ÉXITO
[2025-11-13T18:37:49.476Z] 120363160616746507@g.us -> s [] -> ÉXITO
[2025-11-13T18:39:01.507Z] 120363160616746507@g.us -> s [] -> ÉXITO
[2025-11-13T18:40:17.517Z] 120363160616746507@g.us -> s [] -> ÉXITO
[2025-11-13T18:42:25.730Z] 120363160616746507@g.us -> s [] -> ÉXITO
[2025-11-13T20:22:45.745Z] 120363387470929207@g.us -> s [] -> ÉXITO
[2025-11-13T21:35:56.170Z] 120363160616746507@g.us -> s [] -> ÉXITO
[2025-11-13T21:36:25.291Z] 120363160616746507@g.us -> s ["🦸‍♂️"] -> ÉXITO
[2025-11-13T21:51:31.499Z] 120363160616746507@g.us -> s [] -> ÉXITO
[2025-11-13T22:02:39.871Z] 120363160616746507@g.us -> s [] -> ÉXITO
[2025-11-13T22:04:14.557Z] 120363160616746507@g.us -> s [] -> ÉXITO
[2025-11-13T22:25:52.889Z] 120363160616746507@g.us -> s [] -> ÉXITO
[2025-11-14T00:51:58.255Z] 120363387470929207@g.us -> s [] -> ÉXITO
[2025-11-14T04:44:09.320Z] 584245186056@s.whatsapp.net -> s [] -> ÉXITO
[2025-11-14T04:44:20.000Z] 584245186056@s.whatsapp.net -> s [] -> ÉXITO
[2025-11-14T05:14:28.388Z] 30837949124772@lid -> s [] -> ÉXITO
[2025-11-14T05:15:48.966Z] 30837949124772@lid -> s [] -> ÉXITO
[2025-11-14T05:18:03.914Z] 30837949124772@lid -> s [] -> ÉXITO
[2025-11-14T05:20:42.862Z] 30837949124772@lid -> s [] -> FALLO
[2025-11-14T05:22:44.231Z] 30837949124772@lid -> s [] -> ÉXITO
[2025-11-14T05:22:52.804Z] 30837949124772@lid -> s [] -> ÉXITO
[2025-11-14T05:26:10.179Z] 30837949124772@lid -> s [] -> ÉXITO
[2025-11-14T05:26:35.602Z] 30837949124772@lid -> s [] -> ÉXITO
[2025-11-14T05:29:11.182Z] 30837949124772@lid -> s [] -> ÉXITO
[2025-11-14T05:32:26.984Z] 30837949124772@lid -> s [] -> ÉXITO
[2025-11-14T05:34:00.043Z] 30837949124772@lid -> s [] -> ÉXITO
[2025-11-14T05:35:22.151Z] 30837949124772@lid -> s [] -> ÉXITO
[2025-11-14T05:42:29.187Z] 30837949124772@lid -> s [] -> ÉXITO
[2025-11-14T05:48:51.969Z] 30837949124772@lid -> s [] -> ÉXITO
[2025-11-14T22:44:53.218Z] 120363387470929207@g.us -> s [] -> ÉXITO
[2025-11-15T01:09:08.743Z] 120363160616746507@g.us -> s [] -> ÉXITO
[2025-11-15T01:34:27.768Z] 30837949124772@lid -> s [] -> ÉXITO
[2025-11-15T12:31:11.181Z] 120363387470929207@g.us -> s [] -> ÉXITO
[2025-11-15T12:31:24.908Z] 120363387470929207@g.us -> s [] -> ÉXITO
[2025-11-15T12:37:13.685Z] 120363160616746507@g.us -> s [] -> ÉXITO
[2025-11-15T13:58:21.780Z] 120363387470929207@g.us -> s [] -> ÉXITO
[2025-11-16T14:22:28.328Z] 120363160616746507@g.us -> s [] -> ÉXITO
[2025-11-16T16:33:03.604Z] 120363160616746507@g.us -> s [] -> ÉXITO
[2025-11-16T21:48:48.640Z] 120363160616746507@g.us -> s [] -> ÉXITO
[2025-11-16T21:59:39.066Z] 120363160616746507@g.us -> s [] -> ÉXITO
[2025-11-16T22:12:36.310Z] 120363160616746507@g.us -> s [] -> ÉXITO
[2025-11-16T22:16:32.294Z] 120363160616746507@g.us -> s [] -> ÉXITO
[2025-11-17T17:29:31.767Z] 120363160616746507@g.us -> s [] -> ÉXITO
[2025-11-17T17:30:12.908Z] 120363160616746507@g.us -> s [] -> ÉXITO
[2025-11-17T18:08:18.080Z] 120363160616746507@g.us -> s [] -> ÉXITO
[2025-11-17T18:09:28.758Z] 120363160616746507@g.us -> s [] -> ÉXITO
[2025-11-17T18:10:17.637Z] 120363160616746507@g.us -> s [] -> ÉXITO
[2025-11-17T18:15:24.900Z] 120363160616746507@g.us -> s [] -> ÉXITO
[2025-11-18T01:44:22.529Z] 30837949124772@lid -> s [] -> ÉXITO
[2025-11-18T15:08:41.081Z] 120363160616746507@g.us -> s [] -> ÉXITO
