[2025-11-10T20:33:10.668Z] 120363160616746507@g.us -> tt [] -> ÉXITO
[2025-11-11T20:52:48.426Z] 120363160616746507@g.us -> tt [] -> ÉXITO
[2025-11-12T00:43:35.324Z] 120363387470929207@g.us -> tt ["https://vm.tiktok.com/ZMA7JA2TP/"] -> ÉXITO
[2025-11-12T00:43:35.714Z] 120363387470929207@g.us -> tt ["https://vm.tiktok.com/ZMA7JA2TP/"] -> ÉXITO
[2025-11-12T06:35:53.517Z] 120363387470929207@g.us -> tt ["https://vm.tiktok.com/ZMA7LHeH8/"] -> ÉXITO
[2025-11-12T15:20:44.534Z] 120363387470929207@g.us -> tt ["https://vm.tiktok.com/ZMA7Mk8Db/"] -> ÉXITO
[2025-11-13T04:26:01.126Z] 30837949124772@lid -> tt [] -> ÉXITO
[2025-11-13T05:18:48.624Z] 30837949124772@lid -> tt ["https://vm.tiktok.com/ZMA7mkcCU/"] -> ÉXITO
[2025-11-13T14:58:45.939Z] 120363160616746507@g.us -> tt [] -> ÉXITO
[2025-11-13T15:01:08.393Z] 120363160616746507@g.us -> tt ["https://vm.tiktok.com/ZMA74N1yk/"] -> ÉXITO
[2025-11-13T15:01:38.816Z] 120363160616746507@g.us -> tt ["https://vm.tiktok.com/ZMA74AAhG/"] -> ÉXITO
[2025-11-13T15:04:08.598Z] 120363160616746507@g.us -> tt ["https://vm.tiktok.com/ZMA74dxoC/"] -> ÉXITO
[2025-11-13T16:04:01.655Z] 120363160616746507@g.us -> tt ["https://vm.tiktok.com/ZMA7VxBgb/"] -> ÉXITO
[2025-11-13T16:32:58.640Z] 120363160616746507@g.us -> tt ["https://vm.tiktok.com/ZMA7qY2Lg/"] -> ÉXITO
[2025-11-13T17:08:51.563Z] 120363160616746507@g.us -> tt ["https://vm.tiktok.com/ZMA7q7APY/"] -> ÉXITO
[2025-11-14T06:09:33.051Z] 30837949124772@lid -> tt ["https://vm.tiktok.com/ZMA73KGyx/"] -> ÉXITO
[2025-11-14T06:09:59.763Z] 30837949124772@lid -> tt ["https://vm.tiktok.com/ZMA73gD5s/"] -> ÉXITO
[2025-11-14T20:34:46.051Z] 120363387470929207@g.us -> tt ["https://vm.tiktok.com/ZMAvF4pe2/"] -> ÉXITO
[2025-11-15T05:08:33.951Z] 120363387470929207@g.us -> tt [] -> ÉXITO
[2025-11-15T05:10:06.155Z] 120363387470929207@g.us -> tt ["https://vm.tiktok.com/ZMAvkSmRc/"] -> ÉXITO
[2025-11-15T13:56:25.308Z] 120363387470929207@g.us -> tt ["https://vm.tiktok.com/ZMAvyECgD/"] -> ÉXITO
[2025-11-15T14:29:43.475Z] 120363387470929207@g.us -> tt ["https://vm.tiktok.com/ZMAvfQTWR/"] -> ÉXITO
[2025-11-16T15:45:52.343Z] 120363160616746507@g.us -> tt ["https://vm.tiktok.com/ZMAv7pvQ9/"] -> ÉXITO
[2025-11-16T16:40:44.127Z] 120363160616746507@g.us -> tt ["https://vm.tiktok.com/ZMAvc8Mxq/"] -> ÉXITO
[2025-11-16T22:12:01.099Z] 30837949124772@lid -> tt ["https://vm.tiktok.com/ZMA73KGyx/"] -> ÉXITO
[2025-11-16T22:12:34.192Z] 30837949124772@lid -> tt [] -> ÉXITO
[2025-11-16T22:12:41.454Z] 30837949124772@lid -> tt ["https://vm.tiktok.com/ZMA73KGyx/"] -> ÉXITO
[2025-11-16T22:19:07.791Z] 30837949124772@lid -> tt ["https://vm.tiktok.com/ZMA73KGyx/"] -> ÉXITO
[2025-11-16T22:23:22.133Z] 30837949124772@lid -> tt ["https://vm.tiktok.com/ZMA73KGyx/"] -> ÉXITO
[2025-11-16T23:06:25.260Z] 30837949124772@lid -> tt ["https://vm.tiktok.com/ZMA73KGyx/"] -> ÉXITO
[2025-11-16T23:23:15.238Z] 30837949124772@lid -> tt ["https://vm.tiktok.com/ZMA73KGyx/"] -> ÉXITO
[2025-11-17T01:13:38.112Z] 120363160616746507@g.us -> tt ["https://vm.tiktok.com/ZMAcJcabJ/"] -> ÉXITO
[2025-11-17T02:21:45.138Z] 120363160616746507@g.us -> tt ["https://vm.tiktok.com/ZMAcequKh/"] -> ÉXITO
[2025-11-17T02:24:56.148Z] 120363160616746507@g.us -> tt ["https://vm.tiktok.com/ZMAcdkn5f/"] -> ÉXITO
[2025-11-17T03:56:53.043Z] 120363160616746507@g.us -> tt ["https://vm.tiktok.com/ZMAcdKm21/"] -> ÉXITO
[2025-11-17T04:31:04.613Z] 30837949124772@lid -> tt ["https://vm.tiktok.com/ZMAcRCtUN/"] -> ÉXITO
[2025-11-17T16:31:26.053Z] 30837949124772@lid -> tt ["https://vm.tiktok.com/ZMAcrv5um/"] -> ÉXITO
[2025-11-17T16:31:59.913Z] 120363387470929207@g.us -> tt ["https://vm.tiktok.com/ZMAcrv5um/"] -> ÉXITO
[2025-11-17T17:02:02.731Z] 120363387470929207@g.us -> tt ["https://vm.tiktok.com/ZMAch43nM/"] -> ÉXITO
[2025-11-17T18:04:14.085Z] 120363160616746507@g.us -> tt ["https://vm.tiktok.com/ZMAcrv5um/"] -> ÉXITO
[2025-11-17T18:31:21.527Z] 120363387470929207@g.us -> tt ["https://vt.tiktok.com/ZSfeaJQf8/"] -> ÉXITO
[2025-11-17T18:55:16.026Z] 120363160616746507@g.us -> tt ["https://www.tiktok.com/@.guschmidt/video/7573500457067285816?_r=1&u_code=e86igh284g3f08&preview_pb=0&sharer_language=es&_d=eem0d4abca4f68&share_item_id=7573500457067285816&source=h5_m&timestamp=1763405240&user_id=7238318756069573637&sec_user_id=MS4wLjABAAAA7ROekmn1s5bqqWHmXGqo8c614RvolXv1GwaN-ritt8Zy6KzaZESD80DNFZ0dVFB0&item_author_type=2&social_share_type=0&utm_source=copy&utm_campaign=client_share&utm_medium=android&share_iid=7572909664393430796&share_link_id=705d183f-af3f-44b1-8233-6444f0b749c9&share_app_id=1233&ugbiz_name=MAIN&ug_btm=b2001&link_reflow_popup_iteration_sharer=%7B%22click_empty_to_play%22%3A1%2C%22dynamic_cover%22%3A1%2C%22follow_to_play_duration%22%3A-1.0%2C%22profile_clickable%22%3A1%7D&enable_checksum=1"] -> ÉXITO
[2025-11-17T19:15:18.285Z] 120363160616746507@g.us -> tt [] -> ÉXITO
[2025-11-17T19:15:45.121Z] 120363160616746507@g.us -> tt ["https://vm.tiktok.com/ZMAcSaeGs/"] -> ÉXITO
[2025-11-17T19:15:45.718Z] 120363160616746507@g.us -> tt ["https://vm.tiktok.com/ZMAcSaeGs/"] -> ÉXITO
[2025-11-17T19:23:54.022Z] 120363160616746507@g.us -> tt ["https://vm.tiktok.com/ZMAcSNbDt/"] -> ÉXITO
[2025-11-17T19:24:04.017Z] 120363160616746507@g.us -> tt ["https://vm.tiktok.com/ZMAcSkVLk/"] -> ÉXITO
[2025-11-17T19:49:25.606Z] 120363160616746507@g.us -> tt ["https://vm.tiktok.com/ZNdoYxuuq/"] -> ÉXITO
[2025-11-17T19:57:49.070Z] 120363387470929207@g.us -> tt ["https://vm.tiktok.com/ZMAcAF65h/"] -> ÉXITO
[2025-11-17T20:11:49.386Z] 120363160616746507@g.us -> tt ["https://vm.tiktok.com/ZMAcAdsNK/"] -> ÉXITO
[2025-11-17T20:34:17.889Z] 120363387470929207@g.us -> tt ["https://vm.tiktok.com/ZMAcAsvbf/"] -> ÉXITO
[2025-11-18T01:24:39.424Z] 120363387470929207@g.us -> tt ["https://vm.tiktok.com/ZMAcPkvsR/"] -> ÉXITO
[2025-11-18T01:28:26.924Z] 30837949124772@lid -> tt ["https://vm.tiktok.com/ZMAcPJALu/"] -> ÉXITO
[2025-11-18T01:28:39.775Z] 120363160616746507@g.us -> tt ["https://vm.tiktok.com/ZMAcPJALu/"] -> ÉXITO
[2025-11-18T01:48:11.700Z] 120363160616746507@g.us -> tt ["https://vm.tiktok.com/ZMAcPvPHe/"] -> ÉXITO
[2025-11-18T01:58:48.362Z] 30837949124772@lid -> tt ["https://www.tiktok.com/@dacianudila/video/7564694142089956630?_r=1&u_code=e86igh284g3f08&preview_pb=0&sharer_language=es&_d=eem0d4abca4f68&share_item_id=7564694142089956630&source=h5_m&timestamp=1763430998&user_id=7238318756069573637&sec_user_id=MS4wLjABAAAA7ROekmn1s5bqqWHmXGqo8c614RvolXv1GwaN-ritt8Zy6KzaZESD80DNFZ0dVFB0&item_author_type=2&social_share_type=0&utm_source=copy&utm_campaign=client_share&utm_medium=android&share_iid=7572909664393430796&share_link_id=803ca463-61e5-4ef1-9f9e-4b05081c0ecd&share_app_id=1233&ugbiz_name=MAIN&ug_btm=b2001&link_reflow_popup_iteration_sharer=%7B%22click_empty_to_play%22%3A1%2C%22dynamic_cover%22%3A1%2C%22follow_to_play_duration%22%3A-1.0%2C%22profile_clickable%22%3A1%7D&enable_checksum=1"] -> ÉXITO
[2025-11-18T01:59:43.054Z] 30837949124772@lid -> tt ["https://vm.tiktok.com/ZMAcPuXhE/"] -> ÉXITO
[2025-11-18T13:52:49.207Z] 120363387470929207@g.us -> tt ["https://vm.tiktok.com/ZMAcXfXVc/"] -> ÉXITO
[2025-11-18T14:00:21.497Z] 120363160616746507@g.us -> tt ["https://vm.tiktok.com/ZMAcXuDQR/"] -> ÉXITO
[2025-11-18T17:29:18.489Z] 120363387470929207@g.us -> tt ["https://vm.tiktok.com/ZMAcb9SVB/"] -> ÉXITO
