[2025-11-10T20:42:13.202Z] 584268289324@s.whatsapp.net -> ytaudio ["https://youtu.be/dyz9GgW-a2o?si=U4r2-VnlqAXwwBk3"] -> FALLO
[2025-11-10T21:10:59.062Z] 584268289324@s.whatsapp.net -> ytaudio ["https://youtu.be/dyz9GgW-a2o?si=U4r2-VnlqAXwwBk3"] -> FALLO
[2025-11-11T21:03:31.181Z] 584268289324@s.whatsapp.net -> ytaudio ["https://youtu.be/dyz9GgW-a2o?si=U4r2-VnlqAXwwBk3"] -> FALLO
[2025-11-11T21:30:53.204Z] 584268289324@s.whatsapp.net -> ytaudio ["https://youtu.be/dyz9GgW-a2o?si=U4r2-VnlqAXwwBk3"] -> FALLO
[2025-11-11T21:36:05.553Z] 584268289324@s.whatsapp.net -> ytaudio ["https://youtu.be/dyz9GgW-a2o?si=U4r2-VnlqAXwwBk3"] -> ÉXITO
[2025-11-11T21:48:04.963Z] 584268289324@s.whatsapp.net -> ytaudio ["radiohead","treefingers"] -> ÉXITO
[2025-11-13T04:26:58.053Z] 30837949124772@lid -> ytaudio ["radiohead","airbag"] -> ÉXITO
[2025-11-13T04:26:58.053Z] 30837949124772@lid -> ytaudio ["radiohead","airbag"] -> ÉXITO
[2025-11-13T04:30:58.360Z] 120363160616746507@g.us -> ytaudio ["radiohead","treefingers"] -> ÉXITO
[2025-11-13T04:30:58.360Z] 120363160616746507@g.us -> ytaudio ["radiohead","treefingers"] -> ÉXITO
[2025-11-13T05:24:19.035Z] 30837949124772@lid -> ytaudio ["suei","si","te","miro","más","voy","a","morir"] -> ÉXITO
[2025-11-13T05:24:19.035Z] 30837949124772@lid -> ytaudio ["suei","si","te","miro","más","voy","a","morir"] -> ÉXITO
[2025-11-13T21:37:54.253Z] 120363160616746507@g.us -> ytaudio ["intrumental","the","microphones"] -> ÉXITO
[2025-11-13T21:39:57.188Z] 120363160616746507@g.us -> ytaudio ["how","the","shadow","is","clear"] -> ÉXITO
[2025-11-14T06:21:25.812Z] 30837949124772@lid -> ytaudio ["riosse","me","va","a","doler"] -> ÉXITO
[2025-11-14T15:45:29.344Z] 120363387470929207@g.us -> ytaudio ["mevadoler","riosse"] -> ÉXITO
[2025-11-17T18:29:20.990Z] 120363160616746507@g.us -> ytaudio ["cooking","up","neutro","shorty","jon","Z"] -> ÉXITO
[2025-11-17T21:58:03.217Z] 120363160616746507@g.us -> ytaudio ["trouble","coldplay"] -> ÉXITO
[2025-11-19T01:12:23.002Z] 30837949124772@lid -> ytaudio ["nsqk","bad","intenciones"] -> ÉXITO
[2025-11-20T18:43:59.381Z] 120363387470929207@g.us -> ytaudio ["ghost","in","the","shell","nsqk"] -> ÉXITO
[2025-11-21T20:08:32.370Z] 584145792089@s.whatsapp.net -> ytaudio ["https://youtu.be/wfOHdfqqJTs?si=-wn3JSFG8QSct0Pk"] -> FALLO
[2025-11-21T20:09:20.728Z] 584145792089@s.whatsapp.net -> ytaudio ["https://youtu.be/wfOHdfqqJTs?si=Qh22LXozhKI4WVnz"] -> FALLO
[2025-11-21T21:18:10.032Z] 120363387470929207@g.us -> ytaudio ["no","me","frontees","boricua","drips"] -> ÉXITO
[2025-11-21T21:19:14.084Z] 30837949124772@lid -> ytaudio ["https://youtu.be/wfOHdfqqJTs?si=Qh22LXozhKI4WVnz"] -> ÉXITO
